Component: ARM Compiler 5.06 update 5 (build 528) Tool: armlink [4d35e2]

==============================================================================

Section Cross References

    system_stm32f10x.o(i.SetSysClock) refers to system_stm32f10x.o(i.SetSysClockTo72) for SetSysClockTo72
    system_stm32f10x.o(i.SystemCoreClockUpdate) refers to system_stm32f10x.o(.data) for SystemCoreClock
    system_stm32f10x.o(i.SystemInit) refers to system_stm32f10x.o(i.SetSysClock) for SetSysClock
    stm32f10x_adc.o(i.ADC_DeInit) refers to stm32f10x_rcc.o(i.RCC_APB2PeriphResetCmd) for RCC_APB2PeriphResetCmd
    stm32f10x_bkp.o(i.BKP_DeInit) refers to stm32f10x_rcc.o(i.RCC_BackupResetCmd) for RCC_BackupResetCmd
    stm32f10x_can.o(i.CAN_DeInit) refers to stm32f10x_rcc.o(i.RCC_APB1PeriphResetCmd) for RCC_APB1PeriphResetCmd
    stm32f10x_can.o(i.CAN_GetITStatus) refers to stm32f10x_can.o(i.CheckITStatus) for CheckITStatus
    stm32f10x_cec.o(i.CEC_DeInit) refers to stm32f10x_rcc.o(i.RCC_APB1PeriphResetCmd) for RCC_APB1PeriphResetCmd
    stm32f10x_dac.o(i.DAC_DeInit) refers to stm32f10x_rcc.o(i.RCC_APB1PeriphResetCmd) for RCC_APB1PeriphResetCmd
    stm32f10x_flash.o(i.FLASH_EnableWriteProtection) refers to stm32f10x_flash.o(i.FLASH_WaitForLastOperation) for FLASH_WaitForLastOperation
    stm32f10x_flash.o(i.FLASH_EraseAllBank1Pages) refers to stm32f10x_flash.o(i.FLASH_WaitForLastBank1Operation) for FLASH_WaitForLastBank1Operation
    stm32f10x_flash.o(i.FLASH_EraseAllPages) refers to stm32f10x_flash.o(i.FLASH_WaitForLastOperation) for FLASH_WaitForLastOperation
    stm32f10x_flash.o(i.FLASH_EraseOptionBytes) refers to stm32f10x_flash.o(i.FLASH_GetReadOutProtectionStatus) for FLASH_GetReadOutProtectionStatus
    stm32f10x_flash.o(i.FLASH_EraseOptionBytes) refers to stm32f10x_flash.o(i.FLASH_WaitForLastOperation) for FLASH_WaitForLastOperation
    stm32f10x_flash.o(i.FLASH_ErasePage) refers to stm32f10x_flash.o(i.FLASH_WaitForLastOperation) for FLASH_WaitForLastOperation
    stm32f10x_flash.o(i.FLASH_ProgramHalfWord) refers to stm32f10x_flash.o(i.FLASH_WaitForLastOperation) for FLASH_WaitForLastOperation
    stm32f10x_flash.o(i.FLASH_ProgramOptionByteData) refers to stm32f10x_flash.o(i.FLASH_WaitForLastOperation) for FLASH_WaitForLastOperation
    stm32f10x_flash.o(i.FLASH_ProgramWord) refers to stm32f10x_flash.o(i.FLASH_WaitForLastOperation) for FLASH_WaitForLastOperation
    stm32f10x_flash.o(i.FLASH_ReadOutProtection) refers to stm32f10x_flash.o(i.FLASH_WaitForLastOperation) for FLASH_WaitForLastOperation
    stm32f10x_flash.o(i.FLASH_UserOptionByteConfig) refers to stm32f10x_flash.o(i.FLASH_WaitForLastOperation) for FLASH_WaitForLastOperation
    stm32f10x_flash.o(i.FLASH_WaitForLastBank1Operation) refers to stm32f10x_flash.o(i.FLASH_GetBank1Status) for FLASH_GetBank1Status
    stm32f10x_flash.o(i.FLASH_WaitForLastOperation) refers to stm32f10x_flash.o(i.FLASH_GetBank1Status) for FLASH_GetBank1Status
    stm32f10x_gpio.o(i.GPIO_AFIODeInit) refers to stm32f10x_rcc.o(i.RCC_APB2PeriphResetCmd) for RCC_APB2PeriphResetCmd
    stm32f10x_gpio.o(i.GPIO_DeInit) refers to stm32f10x_rcc.o(i.RCC_APB2PeriphResetCmd) for RCC_APB2PeriphResetCmd
    stm32f10x_i2c.o(i.I2C_DeInit) refers to stm32f10x_rcc.o(i.RCC_APB1PeriphResetCmd) for RCC_APB1PeriphResetCmd
    stm32f10x_i2c.o(i.I2C_Init) refers to stm32f10x_rcc.o(i.RCC_GetClocksFreq) for RCC_GetClocksFreq
    stm32f10x_pwr.o(i.PWR_DeInit) refers to stm32f10x_rcc.o(i.RCC_APB1PeriphResetCmd) for RCC_APB1PeriphResetCmd
    stm32f10x_rcc.o(i.RCC_GetClocksFreq) refers to stm32f10x_rcc.o(.data) for APBAHBPrescTable
    stm32f10x_rcc.o(i.RCC_WaitForHSEStartUp) refers to stm32f10x_rcc.o(i.RCC_GetFlagStatus) for RCC_GetFlagStatus
    stm32f10x_rtc.o(i.RTC_SetAlarm) refers to stm32f10x_rtc.o(i.RTC_EnterConfigMode) for RTC_EnterConfigMode
    stm32f10x_rtc.o(i.RTC_SetAlarm) refers to stm32f10x_rtc.o(i.RTC_ExitConfigMode) for RTC_ExitConfigMode
    stm32f10x_rtc.o(i.RTC_SetCounter) refers to stm32f10x_rtc.o(i.RTC_EnterConfigMode) for RTC_EnterConfigMode
    stm32f10x_rtc.o(i.RTC_SetCounter) refers to stm32f10x_rtc.o(i.RTC_ExitConfigMode) for RTC_ExitConfigMode
    stm32f10x_rtc.o(i.RTC_SetPrescaler) refers to stm32f10x_rtc.o(i.RTC_EnterConfigMode) for RTC_EnterConfigMode
    stm32f10x_rtc.o(i.RTC_SetPrescaler) refers to stm32f10x_rtc.o(i.RTC_ExitConfigMode) for RTC_ExitConfigMode
    stm32f10x_spi.o(i.I2S_Init) refers to stm32f10x_rcc.o(i.RCC_GetClocksFreq) for RCC_GetClocksFreq
    stm32f10x_spi.o(i.SPI_I2S_DeInit) refers to stm32f10x_rcc.o(i.RCC_APB2PeriphResetCmd) for RCC_APB2PeriphResetCmd
    stm32f10x_spi.o(i.SPI_I2S_DeInit) refers to stm32f10x_rcc.o(i.RCC_APB1PeriphResetCmd) for RCC_APB1PeriphResetCmd
    stm32f10x_tim.o(i.TIM_DeInit) refers to stm32f10x_rcc.o(i.RCC_APB2PeriphResetCmd) for RCC_APB2PeriphResetCmd
    stm32f10x_tim.o(i.TIM_DeInit) refers to stm32f10x_rcc.o(i.RCC_APB1PeriphResetCmd) for RCC_APB1PeriphResetCmd
[...]
    .text                                    0x080003b8   Section        2  use_no_semi.o(.text)
    .text                                    0x080003ba   Section        0  indicate_semi.o(.text)
    i.ADC_Cmd                                0x080003ba   Section        0  stm32f10x_adc.o(i.ADC_Cmd)
    i.ADC_DMACmd                             0x080003d0   Section        0  stm32f10x_adc.o(i.ADC_DMACmd)
    i.ADC_GetResetCalibrationStatus          0x080003e6   Section        0  stm32f10x_adc.o(i.ADC_GetResetCalibrationStatus)
    i.ADC_Init                               0x080003fc   Section        0  stm32f10x_adc.o(i.ADC_Init)
    i.ADC_RegularChannelConfig               0x0800044c   Section        0  stm32f10x_adc.o(i.ADC_RegularChannelConfig)
    i.ADC_ResetCalibration                   0x08000504   Section        0  stm32f10x_adc.o(i.ADC_ResetCalibration)
    i.ADC_SoftwareStartConvCmd               0x0800050e   Section        0  stm32f10x_adc.o(i.ADC_SoftwareStartConvCmd)
    i.BusFault_Handler                       0x08000524   Section        0  stm32f10x_it.o(i.BusFault_Handler)
    i.ByteSwap                               0x08000528   Section        0  usb_regs.o(i.ByteSwap)
    i.CTR_LP                                 0x08000534   Section        0  usb_int.o(i.CTR_LP)
    i.ClearDTOG_RX                           0x080007bc   Section        0  usb_regs.o(i.ClearDTOG_RX)
    i.ClearDTOG_TX                           0x080007f0   Section        0  usb_regs.o(i.ClearDTOG_TX)
    i.Clear_Status_Out                       0x08000824   Section        0  usb_regs.o(i.Clear_Status_Out)
    i.Command                                0x0800084c   Section        0  u_usart1.o(i.Command)
    i.DMA_Cmd                                0x080008a8   Section        0  stm32f10x_dma.o(i.DMA_Cmd)
    i.DMA_GetCurrDataCounter                 0x080008c0   Section        0  stm32f10x_dma.o(i.DMA_GetCurrDataCounter)
    i.DMA_Init                               0x080008c8   Section        0  stm32f10x_dma.o(i.DMA_Init)
    i.DMA_SetCurrDataCounter                 0x08000904   Section        0  stm32f10x_dma.o(i.DMA_SetCurrDataCounter)
    i.DataStageIn                            0x08000908   Section        0  usb_core.o(i.DataStageIn)
    DataStageIn                              0x08000909   Thumb Code   166  usb_core.o(i.DataStageIn)
    i.DataStageOut                           0x080009c8   Section        0  usb_core.o(i.DataStageOut)
    DataStageOut                             0x080009c9   Thumb Code   198  usb_core.o(i.DataStageOut)
    i.Data_Setup0                            0x08000aa8   Section        0  usb_core.o(i.Data_Setup0)
    Data_Setup0                              0x08000aa9   Thumb Code   628  usb_core.o(i.Data_Setup0)
    i.DebugMon_Handler                       0x08000d40   Section        0  stm32f10x_it.o(i.DebugMon_Handler)
    i.EP1_IN_Callback                        0x08000d42   Section        0  usb_endp.o(i.EP1_IN_Callback)
    i.GPIO_Init                              0x08000d44   Section        0  stm32f10x_gpio.o(i.GPIO_Init)
    i.GPIO_WriteBit                          0x08000e5a   Section        0  stm32f10x_gpio.o(i.GPIO_WriteBit)
    i.GetEPRxAddr                            0x08000e64   Section        0  usb_regs.o(i.GetEPRxAddr)
    i.GetEPTxAddr                            0x08000e84   Section        0  usb_regs.o(i.GetEPTxAddr)
    i.Get_SerialNum                          0x08000ea4   Section        0  hw_config.o(i.Get_SerialNum)
    i.HardFault_Handler                      0x08000ed8   Section        0  stm32f10x_it.o(i.HardFault_Handler)
    i.HexToChar                              0x08000edc   Section        0  u_usart1.o(i.HexToChar)
    i.IWDG_Enable                            0x08000ef4   Section        0  stm32f10x_iwdg.o(i.IWDG_Enable)
    i.IWDG_ReloadCounter                     0x08000f04   Section        0  stm32f10x_iwdg.o(i.IWDG_ReloadCounter)
    i.IWDG_SetPrescaler                      0x08000f14   Section        0  stm32f10x_iwdg.o(i.IWDG_SetPrescaler)
    i.IWDG_SetReload                         0x08000f20   Section        0  stm32f10x_iwdg.o(i.IWDG_SetReload)
    i.IWDG_WriteAccessCmd                    0x08000f2c   Section        0  stm32f10x_iwdg.o(i.IWDG_WriteAccessCmd)
    i.In0_Process                            0x08000f38   Section        0  usb_core.o(i.In0_Process)
    i.Init_ADC                               0x08000fa8   Section        0  a_adc.o(i.Init_ADC)
    i.IntToUnicode                           0x080010d0   Section        0  hw_config.o(i.IntToUnicode)
    IntToUnicode                             0x080010d1   Thumb Code    62  hw_config.o(i.IntToUnicode)
    i.MemManage_Handler                      0x0800110e   Section        0  stm32f10x_it.o(i.MemManage_Handler)
    i.NMI_Handler                            0x08001112   Section        0  stm32f10x_it.o(i.NMI_Handler)
    i.NOP_Process                            0x08001114   Section        0  usb_core.o(i.NOP_Process)
    i.NVIC_Init                              0x08001118   Section        0  misc.o(i.NVIC_Init)
    i.NoData_Setup0                          0x08001188   Section        0  usb_core.o(i.NoData_Setup0)
    NoData_Setup0                            0x08001189   Thumb Code   296  usb_core.o(i.NoData_Setup0)
    i.Out0_Process                           0x080012c8   Section        0  usb_core.o(i.Out0_Process)
    i.PMAToUserBufferCopy                    0x08001318   Section        0  usb_mem.o(i.PMAToUserBufferCopy)
    i.Post0_Process                          0x08001340   Section        0  usb_core.o(i.Post0_Process)
    i.PowerOn                                0x08001388   Section        0  usb_pwr.o(i.PowerOn)
    i.QYHID_Data_Setup                       0x080013d0   Section        0  usb_prop.o(i.QYHID_Data_Setup)
    i.QYHID_GetConfigDescriptor              0x0800144c   Section        0  usb_prop.o(i.QYHID_GetConfigDescriptor)
    i.QYHID_GetDeviceDescriptor              0x08001460   Section        0  usb_prop.o(i.QYHID_GetDeviceDescriptor)
    i.QYHID_GetHIDDescriptor                 0x08001474   Section        0  usb_prop.o(i.QYHID_GetHIDDescriptor)
    i.QYHID_GetProtocolValue                 0x08001488   Section        0  usb_prop.o(i.QYHID_GetProtocolValue)
    i.QYHID_GetReportDescriptor              0x080014a4   Section        0  usb_prop.o(i.QYHID_GetReportDescriptor)
    i.QYHID_GetStringDescriptor              0x080014b8   Section        0  usb_prop.o(i.QYHID_GetStringDescriptor)
    i.QYHID_Get_Interface_Setting            0x080014e0   Section        0  usb_prop.o(i.QYHID_Get_Interface_Setting)
    i.QYHID_NoData_Setup                     0x080014f8   Section        0  usb_prop.o(i.QYHID_NoData_Setup)
    i.QYHID_Reset                            0x0800151c   Section        0  usb_prop.o(i.QYHID_Reset)
    i.QYHID_SetConfiguration                 0x080015c0   Section        0  usb_prop.o(i.QYHID_SetConfiguration)
    i.QYHID_SetDeviceAddress                 0x080015d8   Section        0  usb_prop.o(i.QYHID_SetDeviceAddress)
    i.QYHID_SetProtocol                      0x080015e4   Section        0  usb_prop.o(i.QYHID_SetProtocol)
    i.QYHID_Status_In                        0x080015fc   Section        0  usb_prop.o(i.QYHID_Status_In)
    i.QYHID_Status_Out                       0x080015fe   Section        0  usb_prop.o(i.QYHID_Status_Out)
    i.QYHID_init                             0x08001600   Section        0  usb_prop.o(i.QYHID_init)
    i.RCC_ADCCLKConfig                       0x08001628   Section        0  stm32f10x_rcc.o(i.RCC_ADCCLKConfig)
    i.RCC_AHBPeriphClockCmd                  0x08001640   Section        0  stm32f10x_rcc.o(i.RCC_AHBPeriphClockCmd)
    i.RCC_APB2PeriphClockCmd                 0x08001660   Section        0  stm32f10x_rcc.o(i.RCC_APB2PeriphClockCmd)
    i.RCC_ClearFlag                          0x08001680   Section        0  stm32f10x_rcc.o(i.RCC_ClearFlag)
    i.RCC_GetClocksFreq                      0x08001694   Section        0  stm32f10x_rcc.o(i.RCC_GetClocksFreq)
    i.RCC_GetFlagStatus                      0x08001768   Section        0  stm32f10x_rcc.o(i.RCC_GetFlagStatus)
    i.Resume                                 0x080017a4   Section        0  usb_pwr.o(i.Resume)
    i.Resume_Init                            0x08001874   Section        0  usb_pwr.o(i.Resume_Init)
    i.SetBTABLE                              0x08001890   Section        0  usb_regs.o(i.SetBTABLE)
    i.SetDeviceAddress                       0x080018a0   Section        0  usb_core.o(i.SetDeviceAddress)
    i.SetEPRxAddr                            0x080018f0   Section        0  usb_regs.o(i.SetEPRxAddr)
    i.SetEPRxCount                           0x08001914   Section        0  usb_regs.o(i.SetEPRxCount)
    i.SetEPRxStatus                          0x08001960   Section        0  usb_regs.o(i.SetEPRxStatus)
    i.SetEPRxValid                           0x080019a0   Section        0  usb_regs.o(i.SetEPRxValid)
    i.SetEPTxAddr                            0x080019d4   Section        0  usb_regs.o(i.SetEPTxAddr)
    i.SetEPTxCount                           0x080019f4   Section        0  usb_regs.o(i.SetEPTxCount)
    i.SetEPTxStatus                          0x08001a10   Section        0  usb_regs.o(i.SetEPTxStatus)
    i.SetEPType                              0x08001a50   Section        0  usb_regs.o(i.SetEPType)
    i.SetISTR                                0x08001a74   Section        0  usb_regs.o(i.SetISTR)
    i.SetSysClock                            0x08001a80   Section        0  system_stm32f10x.o(i.SetSysClock)
    SetSysClock                              0x08001a81   Thumb Code     8  system_stm32f10x.o(i.SetSysClock)
    i.SetSysClockTo72                        0x08001a88   Section        0  system_stm32f10x.o(i.SetSysClockTo72)
    SetSysClockTo72                          0x08001a89   Thumb Code   214  system_stm32f10x.o(i.SetSysClockTo72)
    i.Setup0_Process                         0x08001b68   Section        0  usb_core.o(i.Setup0_Process)
    i.Standard_ClearFeature                  0x08001c20   Section        0  usb_core.o(i.Standard_ClearFeature)
    i.Standard_GetConfiguration              0x08001d8c   Section        0  usb_core.o(i.Standard_GetConfiguration)
    i.Standard_GetDescriptorData             0x08001db8   Section        0  usb_core.o(i.Standard_GetDescriptorData)
    i.Standard_GetInterface                  0x08001ddc   Section        0  usb_core.o(i.Standard_GetInterface)
    i.Standard_GetStatus                     0x08001e08   Section        0  usb_core.o(i.Standard_GetStatus)
    i.Standard_SetConfiguration              0x08001f08   Section        0  usb_core.o(i.Standard_SetConfiguration)
    i.Standard_SetDeviceFeature              0x08001f50   Section        0  usb_core.o(i.Standard_SetDeviceFeature)
    i.Standard_SetEndPointFeature            0x08001f78   Section        0  usb_core.o(i.Standard_SetEndPointFeature)
    i.Standard_SetInterface                  0x08002048   Section        0  usb_core.o(i.Standard_SetInterface)
    i.Start_CommandFunc                      0x080020b4   Section        0  shadow.o(i.Start_CommandFunc)
    i.Start_CommandInit                      0x080021b8   Section        0  basefunc.o(i.Start_CommandInit)
    i.Start_CommandTask                      0x080021e0   Section        0  basefunc.o(i.Start_CommandTask)
    i.Start_Func                             0x0800237c   Section        0  basefunc.o(i.Start_Func)
    i.Start_LEDInit                          0x080023e4   Section        0  basefunc.o(i.Start_LEDInit)
    i.Start_LEDTask                          0x08002448   Section        0  basefunc.o(i.Start_LEDTask)
    i.Start_MainTask                         0x08002494   Section        0  shadow.o(i.Start_MainTask)
    i.Start_WDGInit                          0x080024cc   Section        0  basefunc.o(i.Start_WDGInit)
    i.Suspend                                0x08002558   Section        0  usb_pwr.o(i.Suspend)
    i.SysTick_Handler                        0x080025ec   Section        0  port.o(i.SysTick_Handler)
    i.SystemInit                             0x08002620   Section        0  system_stm32f10x.o(i.SystemInit)
    i.Task_ADC                               0x08002680   Section        0  a_adc.o(i.Task_ADC)
    i.USART1_IRQHandler                      0x0800272c   Section        0  u_usart1.o(i.USART1_IRQHandler)
    i.USART_Cmd                              0x08002798   Section        0  stm32f10x_usart.o(i.USART_Cmd)
    i.USART_DMACmd                           0x080027b0   Section        0  stm32f10x_usart.o(i.USART_DMACmd)
    i.USART_GetFlagStatus                    0x080027c2   Section        0  stm32f10x_usart.o(i.USART_GetFlagStatus)
    i.USART_GetITStatus                      0x080027dc   Section        0  stm32f10x_usart.o(i.USART_GetITStatus)
    i.USART_ITConfig                         0x08002830   Section        0  stm32f10x_usart.o(i.USART_ITConfig)
    i.USART_Init                             0x0800287c   Section        0  stm32f10x_usart.o(i.USART_Init)
    i.USART_SendData                         0x08002954   Section        0  stm32f10x_usart.o(i.USART_SendData)
    i.USB_Istr                               0x0800295c   Section        0  usb_istr.o(i.USB_Istr)
    i.USB_LP_CAN1_RX0_IRQHandler             0x08002b28   Section        0  hw_config.o(i.USB_LP_CAN1_RX0_IRQHandler)
    i.USB_SIL_Init                           0x08002b30   Section        0  usb_sil.o(i.USB_SIL_Init)
    i.U_Printf                               0x08002b54   Section        0  u_usart1.o(i.U_Printf)
    i.U_Putchar                              0x08002c1c   Section        0  u_usart1.o(i.U_Putchar)
    i.U_SendBinary                           0x08002c3c   Section        0  u_usart1.o(i.U_SendBinary)
    i.U_SendHex                              0x08002ca0   Section        0  u_usart1.o(i.U_SendHex)
    i.U_SendNum                              0x08002d0c   Section        0  u_usart1.o(i.U_SendNum)
    i.U_SendWords                            0x08002d58   Section        0  u_usart1.o(i.U_SendWords)
    i.U_USART1_Init                          0x08002d74   Section        0  u_usart1.o(i.U_USART1_Init)
    i.UsageFault_Handler                     0x08002ea4   Section        0  stm32f10x_it.o(i.UsageFault_Handler)
    i.UserToPMABufferCopy                    0x08002ea8   Section        0  usb_mem.o(i.UserToPMABufferCopy)
    i.eTaskGetState                          0x08002ee0   Section        0  tasks.o(i.eTaskGetState)
    i.main                                   0x08002f6c   Section        0  main.o(i.main)
    i.prvAddCurrentTaskToDelayedList         0x08002f9c   Section        0  tasks.o(i.prvAddCurrentTaskToDelayedList)
    prvAddCurrentTaskToDelayedList           0x08002f9d   Thumb Code   164  tasks.o(i.prvAddCurrentTaskToDelayedList)
    i.prvAddNewTaskToReadyList               0x0800305c   Section        0  tasks.o(i.prvAddNewTaskToReadyList)
    prvAddNewTaskToReadyList                 0x0800305d   Thumb Code   206  tasks.o(i.prvAddNewTaskToReadyList)
    i.prvCheckTasksWaitingTermination        0x08003148   Section        0  tasks.o(i.prvCheckTasksWaitingTermination)
    prvCheckTasksWaitingTermination          0x08003149   Thumb Code    60  tasks.o(i.prvCheckTasksWaitingTermination)
    i.prvDeleteTCB                           0x08003190   Section        0  tasks.o(i.prvDeleteTCB)
    prvDeleteTCB                             0x08003191   Thumb Code    18  tasks.o(i.prvDeleteTCB)
    i.prvHeapInit                            0x080031a4   Section        0  heap_4.o(i.prvHeapInit)
    prvHeapInit                              0x080031a5   Thumb Code    90  heap_4.o(i.prvHeapInit)
    i.prvIdleTask                            0x08003214   Section        0  tasks.o(i.prvIdleTask)
    prvIdleTask                              0x08003215   Thumb Code    32  tasks.o(i.prvIdleTask)
    i.prvInitialiseNewTask                   0x0800323c   Section        0  tasks.o(i.prvInitialiseNewTask)
    prvInitialiseNewTask                     0x0800323d   Thumb Code   136  tasks.o(i.prvInitialiseNewTask)
    i.prvInitialiseTaskLists                 0x080032c4   Section        0  tasks.o(i.prvInitialiseTaskLists)
    prvInitialiseTaskLists                   0x080032c5   Thumb Code    70  tasks.o(i.prvInitialiseTaskLists)
    i.prvInsertBlockIntoFreeList             0x0800332c   Section        0  heap_4.o(i.prvInsertBlockIntoFreeList)
    prvInsertBlockIntoFreeList               0x0800332d   Thumb Code    96  heap_4.o(i.prvInsertBlockIntoFreeList)
    i.prvListTasksWithinSingleList           0x08003394   Section        0  tasks.o(i.prvListTasksWithinSingleList)
    prvListTasksWithinSingleList             0x08003395   Thumb Code   106  tasks.o(i.prvListTasksWithinSingleList)
    i.prvResetNextTaskUnblockTime            0x08003400   Section        0  tasks.o(i.prvResetNextTaskUnblockTime)
    prvResetNextTaskUnblockTime              0x08003401   Thumb Code    40  tasks.o(i.prvResetNextTaskUnblockTime)
    i.prvTaskCheckFreeStackSpace             0x08003430   Section        0  tasks.o(i.prvTaskCheckFreeStackSpace)
    prvTaskCheckFreeStackSpace               0x08003431   Thumb Code    22  tasks.o(i.prvTaskCheckFreeStackSpace)
    i.prvTaskExitError                       0x08003446   Section        0  port.o(i.prvTaskExitError)
    prvTaskExitError                         0x08003447   Thumb Code    22  port.o(i.prvTaskExitError)
    i.pvPortMalloc                           0x0800345c   Section        0  heap_4.o(i.pvPortMalloc)
    i.pxPortInitialiseStack                  0x08003540   Section        0  port.o(i.pxPortInitialiseStack)
    i.uxListRemove                           0x08003564   Section        0  list.o(i.uxListRemove)
    i.uxTaskGetNumberOfTasks                 0x0800358c   Section        0  tasks.o(i.uxTaskGetNumberOfTasks)
    i.uxTaskGetSystemState                   0x08003598   Section        0  tasks.o(i.uxTaskGetSystemState)
    i.vListInitialise                        0x08003648   Section        0  list.o(i.vListInitialise)
    i.vListInitialiseItem                    0x08003662   Section        0  list.o(i.vListInitialiseItem)
    i.vListInsert                            0x08003668   Section        0  list.o(i.vListInsert)
    i.vListInsertEnd                         0x0800369c   Section        0  list.o(i.vListInsertEnd)
    i.vPortEnterCritical                     0x080036b4   Section        0  port.o(i.vPortEnterCritical)
    i.vPortExitCritical                      0x080036d8   Section        0  port.o(i.vPortExitCritical)
    i.vPortFree                              0x080036f8   Section        0  heap_4.o(i.vPortFree)
    i.vPortSetupTimerInterrupt               0x08003744   Section        0  port.o(i.vPortSetupTimerInterrupt)
    i.vTaskDelay                             0x0800375c   Section        0  tasks.o(i.vTaskDelay)
    i.vTaskDelete                            0x08003790   Section        0  tasks.o(i.vTaskDelete)
    i.vTaskGetInfo                           0x08003864   Section        0  tasks.o(i.vTaskGetInfo)
    i.vTaskStartScheduler                    0x080038e4   Section        0  tasks.o(i.vTaskStartScheduler)
    i.vTaskSuspendAll                        0x08003950   Section        0  tasks.o(i.vTaskSuspendAll)
    i.vTaskSwitchContext                     0x08003960   Section        0  tasks.o(i.vTaskSwitchContext)
    i.xPortStartScheduler                    0x080039c0   Section        0  port.o(i.xPortStartScheduler)
    i.xTaskCreate                            0x080039f4   Section        0  tasks.o(i.xTaskCreate)
    i.xTaskIncrementTick                     0x08003a5c   Section        0  tasks.o(i.xTaskIncrementTick)
    i.xTaskResumeAll                         0x08003bec   Section        0  tasks.o(i.xTaskResumeAll)
    .constdata                               0x08003d48   Section      187  usb_desc.o(.constdata)
    .data                                    0x20000000   Section       20  stm32f10x_rcc.o(.data)
    APBAHBPrescTable                         0x20000000   Data          16  stm32f10x_rcc.o(.data)
    ADCPrescTable                            0x20000010   Data           4  stm32f10x_rcc.o(.data)
    .data                                    0x20000014   Section       28  heap_4.o(.data)
    xStart                                   0x20000014   Data           8  heap_4.o(.data)
    pxEnd                                    0x2000001c   Data           4  heap_4.o(.data)
    xFreeBytesRemaining                      0x20000020   Data           4  heap_4.o(.data)
    xMinimumEverFreeBytesRemaining           0x20000024   Data           4  heap_4.o(.data)
    xNumberOfSuccessfulAllocations           0x20000028   Data           4  heap_4.o(.data)
    xNumberOfSuccessfulFrees                 0x2000002c   Data           4  heap_4.o(.data)
    .data                                    0x20000030   Section        4  port.o(.data)
    uxCriticalNesting                        0x20000030   Data           4  port.o(.data)
    .data                                    0x20000034   Section       64  tasks.o(.data)
    pxDelayedTaskList                        0x20000038   Data           4  tasks.o(.data)
    pxOverflowDelayedTaskList                0x2000003c   Data           4  tasks.o(.data)
    uxDeletedTasksWaitingCleanUp             0x20000040   Data           4  tasks.o(.data)
    uxCurrentNumberOfTasks                   0x20000044   Data           4  tasks.o(.data)
    xTickCount                               0x20000048   Data           4  tasks.o(.data)
    uxTopReadyPriority                       0x2000004c   Data           4  tasks.o(.data)
    xSchedulerRunning                        0x20000050   Data           4  tasks.o(.data)
    xPendedTicks                             0x20000054   Data           4  tasks.o(.data)
    xYieldPending                            0x20000058   Data           4  tasks.o(.data)
    xNumOfOverflows                          0x2000005c   Data           4  tasks.o(.data)
    uxTaskNumber                             0x20000060   Data           4  tasks.o(.data)
    xNextTaskUnblockTime                     0x20000064   Data           4  tasks.o(.data)
    xIdleTaskHandle                          0x20000068   Data           4  tasks.o(.data)
    uxSchedulerSuspended                     0x20000070   Data           4  tasks.o(.data)
    .data                                    0x20000074   Section        9  usb_core.o(.data)
    .data                                    0x20000080   Section       20  usb_init.o(.data)
    .data                                    0x20000094   Section        4  usb_int.o(.data)
    .data                                    0x20000098   Section       68  usb_istr.o(.data)
    .data                                    0x200000dc   Section      156  usb_prop.o(.data)
    .data                                    0x20000178   Section       12  usb_pwr.o(.data)
    .data                                    0x20000184   Section       26  usb_desc.o(.data)
    .data                                    0x2000019e   Section        3  u_usart1.o(.data)
    .bss                                     0x200001a4   Section     5120  heap_4.o(.bss)
    ucHeap                                   0x200001a4   Data        5120  heap_4.o(.bss)
    .bss                                     0x200015a4   Section      740  tasks.o(.bss)
    pxReadyTasksLists                        0x200015a4   Data         640  tasks.o(.bss)
    xDelayedTaskList1                        0x20001824   Data          20  tasks.o(.bss)
    xDelayedTaskList2                        0x20001838   Data          20  tasks.o(.bss)
    xPendingReadyList                        0x2000184c   Data          20  tasks.o(.bss)
    xTasksWaitingTermination                 0x20001860   Data          20  tasks.o(.bss)
    xSuspendedTaskList                       0x20001874   Data          20  tasks.o(.bss)
    .bss                                     0x20001888   Section       28  usb_init.o(.bss)
    .bss                                     0x200018a4   Section       32  usb_pwr.o(.bss)
    .bss                                     0x200018c4   Section      256  u_usart1.o(.bss)
    .bss                                     0x200019c4   Section       20  a_adc.o(.bss)
    .bss                                     0x200019d8   Section       96  libspace.o(.bss)
    HEAP                                     0x20001a38   Section      512  startup_stm32f10x_md.o(HEAP)
    Heap_Mem                                 0x20001a38   Data         512  startup_stm32f10x_md.o(HEAP)
    STACK                                    0x20001c38   Section     1024  startup_stm32f10x_md.o(STACK)
    Stack_Mem                                0x20001c38   Data        1024  startup_stm32f10x_md.o(STACK)
    __initial_sp                             0x20002038   Data           0  startup_stm32f10x_md.o(STACK)

    Global Symbols

    Symbol Name                              Value     Ov Type        Size  Object(Section)

    BuildAttributes$$THM_ISAv4$P$D$K$B$S$PE$A:L22UL41UL21$X:L11$S22US41US21$IEEE1$IW$USESV6$~STKCKD$USESV7$~SHL$OSPACE$ROPI$EBA8$UX$STANDARDLIB$REQ8$PRES8$EABIv2 0x00000000   Number         0  anon$$obj.o ABSOLUTE
    __ARM_use_no_argv                        0x00000000   Number         0  main.o ABSOLUTE
    __ARM_exceptions_init                     - Undefined Weak Reference
    __alloca_initialize                       - Undefined Weak Reference
    __arm_preinit_                            - Undefined Weak Reference
    __cpp_initialize__aeabi_                  - Undefined Weak Reference
    __cxa_finalize                            - Undefined Weak Reference
    __rt_locale                               - Undefined Weak Reference
    __sigvec_lookup                           - Undefined Weak Reference
    _atexit_init                              - Undefined Weak Reference
    _call_atexit_fns                          - Undefined Weak Reference
    _clock_init                               - Undefined Weak Reference
    _fp_trap_init                             - Undefined Weak Reference
    _fp_trap_shutdown                         - Undefined Weak Reference
    _get_lc_collate                           - Undefined Weak Reference
    _get_lc_ctype                             - Undefined Weak Reference
    _get_lc_monetary                          - Undefined Weak Reference
    _get_lc_numeric                           - Undefined Weak Reference
    _get_lc_time                              - Undefined Weak Reference
    _getenv_init                              - Undefined Weak Reference
    _handle_redirection                       - Undefined Weak Reference
    _init_alloc                               - Undefined Weak Reference
    _init_user_alloc                          - Undefined Weak Reference
    _initio                                   - Undefined Weak Reference
    _printf_mbtowc                            - Undefined Weak Reference
    _printf_post_padding                      - Undefined Weak Reference
    _printf_pre_padding                       - Undefined Weak Reference
    _printf_truncate_signed                   - Undefined Weak Reference
    _printf_truncate_unsigned                 - Undefined Weak Reference
    _rand_init                                - Undefined Weak Reference
    _signal_finish                            - Undefined Weak Reference
    _signal_init                              - Undefined Weak Reference
    _terminate_alloc                          - Undefined Weak Reference
    _terminate_user_alloc                     - Undefined Weak Reference
    _terminateio                              - Undefined Weak Reference
    __Vectors_Size                           0x000000ec   Number         0  startup_stm32f10x_md.o ABSOLUTE
    __Vectors                                0x08000000   Data           4  startup_stm32f10x_md.o(RESET)
    __Vectors_End                            0x080000ec   Data           0  startup_stm32f10x_md.o(RESET)
    __main                                   0x080000ed   Thumb Code     8  __main.o(!!!main)
    __scatterload                            0x080000f5   Thumb Code     0  __scatter.o(!!!scatter)
    __scatterload_rt2                        0x080000f5   Thumb Code    44  __scatter.o(!!!scatter)
    __scatterload_rt2_thumb_only             0x080000f5   Thumb Code     0  __scatter.o(!!!scatter)
    __scatterload_null                       0x08000103   Thumb Code     0  __scatter.o(!!!scatter)
    __decompress                             0x08000129   Thumb Code    90  __dczerorl2.o(!!dczerorl2)
    __decompress1                            0x08000129   Thumb Code     0  __dczerorl2.o(!!dczerorl2)
    __scatterload_zeroinit                   0x08000185   Thumb Code    28  __scatter_zi.o(!!handler_zi)
    __rt_lib_init                            0x080001a1   Thumb Code     0  libinit.o(.ARM.Collect$$libinit$$00000000)
    __rt_lib_init_alloca_1                   0x080001a3   Thumb Code     0  libinit2.o(.ARM.Collect$$libinit$$0000002E)
    __rt_lib_init_argv_1                     0x080001a3   Thumb Code     0  libinit2.o(.ARM.Collect$$libinit$$0000002C)
    __rt_lib_init_atexit_1                   0x080001a3   Thumb Code     0  libinit2.o(.ARM.Collect$$libinit$$0000001B)
    __rt_lib_init_clock_1                    0x080001a3   Thumb Code     0  libinit2.o(.ARM.Collect$$libinit$$00000021)
    __rt_lib_init_cpp_1                      0x080001a3   Thumb Code     0  libinit2.o(.ARM.Collect$$libinit$$00000032)
    __rt_lib_init_exceptions_1               0x080001a3   Thumb Code     0  libinit2.o(.ARM.Collect$$libinit$$00000030)
    __rt_lib_init_fp_1                       0x080001a3   Thumb Code     0  libinit2.o(.ARM.Collect$$libinit$$00000002)
    __rt_lib_init_fp_trap_1                  0x080001a3   Thumb Code     0  libinit2.o(.ARM.Collect$$libinit$$0000001F)
    __rt_lib_init_getenv_1                   0x080001a3   Thumb Code     0  libinit2.o(.ARM.Collect$$libinit$$00000023)
    __rt_lib_init_heap_1                     0x080001a3   Thumb Code     0  libinit2.o(.ARM.Collect$$libinit$$0000000A)
    __rt_lib_init_lc_collate_1               0x080001a3   Thumb Code     0  libinit2.o(.ARM.Collect$$libinit$$00000011)
    __rt_lib_init_lc_ctype_1                 0x080001a3   Thumb Code     0  libinit2.o(.ARM.Collect$$libinit$$00000013)
    __rt_lib_init_lc_monetary_1              0x080001a3   Thumb Code     0  libinit2.o(.ARM.Collect$$libinit$$00000015)
    __rt_lib_init_lc_numeric_1               0x080001a3   Thumb Code     0  libinit2.o(.ARM.Collect$$libinit$$00000017)
    __rt_lib_init_lc_time_1                  0x080001a3   Thumb Code     0  libinit2.o(.ARM.Collect$$libinit$$00000019)
    __rt_lib_init_preinit_1                  0x080001a3   Thumb Code     0  libinit2.o(.ARM.Collect$$libinit$$00000004)
    __rt_lib_init_rand_1                     0x080001a3   Thumb Code     0  libinit2.o(.ARM.Collect$$libinit$$0000000E)
    __rt_lib_init_return                     0x080001a3   Thumb Code     0  libinit2.o(.ARM.Collect$$libinit$$00000033)
    __rt_lib_init_signal_1                   0x080001a3   Thumb Code     0  libinit2.o(.ARM.Collect$$libinit$$0000001D)
    __rt_lib_init_stdio_1                    0x080001a3   Thumb Code     0  libinit2.o(.ARM.Collect$$libinit$$00000025)
    __rt_lib_init_user_alloc_1               0x080001a3   Thumb Code     0  libinit2.o(.ARM.Collect$$libinit$$0000000C)
    __rt_lib_shutdown                        0x080001a5   Thumb Code     0  libshutdown.o(.ARM.Collect$$libshutdown$$00000000)
    __rt_lib_shutdown_cpp_1                  0x080001a7   Thumb Code     0  libshutdown2.o(.ARM.Collect$$libshutdown$$00000002)
    __rt_lib_shutdown_fp_trap_1              0x080001a7   Thumb Code     0  libshutdown2.o(.ARM.Collect$$libshutdown$$00000007)
    __rt_lib_shutdown_heap_1                 0x080001a7   Thumb Code     0  libshutdown2.o(.ARM.Collect$$libshutdown$$0000000F)
    __rt_lib_shutdown_return                 0x080001a7   Thumb Code     0  libshutdown2.o(.ARM.Collect$$libshutdown$$00000010)
    __rt_lib_shutdown_signal_1               0x080001a7   Thumb Code     0  libshutdown2.o(.ARM.Collect$$libshutdown$$0000000A)
    __rt_lib_shutdown_stdio_1                0x080001a7   Thumb Code     0  libshutdown2.o(.ARM.Collect$$libshutdown$$00000004)
    __rt_lib_shutdown_user_alloc_1           0x080001a7   Thumb Code     0  libshutdown2.o(.ARM.Collect$$libshutdown$$0000000C)
    __rt_entry                               0x080001a9   Thumb Code     0  __rtentry.o(.ARM.Collect$$rtentry$$00000000)
    __rt_entry_presh_1                       0x080001a9   Thumb Code     0  __rtentry2.o(.ARM.Collect$$rtentry$$00000002)
    __rt_entry_sh                            0x080001a9   Thumb Code     0  __rtentry4.o(.ARM.Collect$$rtentry$$00000004)
    __rt_entry_li                            0x080001af   Thumb Code     0  __rtentry2.o(.ARM.Collect$$rtentry$$0000000A)
    __rt_entry_postsh_1                      0x080001af   Thumb Code     0  __rtentry2.o(.ARM.Collect$$rtentry$$00000009)
    __rt_entry_main                          0x080001b3   Thumb Code     0  __rtentry2.o(.ARM.Collect$$rtentry$$0000000D)
    __rt_entry_postli_1                      0x080001b3   Thumb Code     0  __rtentry2.o(.ARM.Collect$$rtentry$$0000000C)
    __rt_exit                                0x080001bb   Thumb Code     0  rtexit.o(.ARM.Collect$$rtexit$$00000000)
    __rt_exit_ls                             0x080001bd   Thumb Code     0  rtexit2.o(.ARM.Collect$$rtexit$$00000003)
    __rt_exit_prels_1                        0x080001bd   Thumb Code     0  rtexit2.o(.ARM.Collect$$rtexit$$00000002)
    __rt_exit_exit                           0x080001c1   Thumb Code     0  rtexit2.o(.ARM.Collect$$rtexit$$00000004)
    SVC_Handler                              0x080001c9   Thumb Code    32  port.o(.emb_text)
    __asm___6_port_c_39a90d8d__prvStartFirstTask 0x080001ed   Thumb Code    28  port.o(.emb_text)
    PendSV_Handler                           0x0800020d   Thumb Code    72  port.o(.emb_text)
    vPortGetIPSR                             0x08000259   Thumb Code     6  port.o(.emb_text)
    Reset_Handler                            0x08000261   Thumb Code     8  startup_stm32f10x_md.o(.text)
    ADC1_2_IRQHandler                        0x0800027b   Thumb Code     0  startup_stm32f10x_md.o(.text)
    CAN1_RX1_IRQHandler                      0x0800027b   Thumb Code     0  startup_stm32f10x_md.o(.text)
    CAN1_SCE_IRQHandler                      0x0800027b   Thumb Code     0  startup_stm32f10x_md.o(.text)
    DMA1_Channel1_IRQHandler                 0x0800027b   Thumb Code     0  startup_stm32f10x_md.o(.text)
    DMA1_Channel2_IRQHandler                 0x0800027b   Thumb Code     0  startup_stm32f10x_md.o(.text)
    DMA1_Channel3_IRQHandler                 0x0800027b   Thumb Code     0  startup_stm32f10x_md.o(.text)
    DMA1_Channel4_IRQHandler                 0x0800027b   Thumb Code     0  startup_stm32f10x_md.o(.text)
    DMA1_Channel5_IRQHandler                 0x0800027b   Thumb Code     0  startup_stm32f10x_md.o(.text)
    DMA1_Channel6_IRQHandler                 0x0800027b   Thumb Code     0  startup_stm32f10x_md.o(.text)
    DMA1_Channel7_IRQHandler                 0x0800027b   Thumb Code     0  startup_stm32f10x_md.o(.text)
    EXTI0_IRQHandler                         0x0800027b   Thumb Code     0  startup_stm32f10x_md.o(.text)
    EXTI15_10_IRQHandler                     0x0800027b   Thumb Code     0  startup_stm32f10x_md.o(.text)
    EXTI1_IRQHandler                         0x0800027b   Thumb Code     0  startup_stm32f10x_md.o(.text)
    EXTI2_IRQHandler                         0x0800027b   Thumb Code     0  startup_stm32f10x_md.o(.text)
    EXTI3_IRQHandler                         0x0800027b   Thumb Code     0  startup_stm32f10x_md.o(.text)
    EXTI4_IRQHandler                         0x0800027b   Thumb Code     0  startup_stm32f10x_md.o(.text)
    EXTI9_5_IRQHandler                       0x0800027b   Thumb Code     0  startup_stm32f10x_md.o(.text)
    FLASH_IRQHandler                         0x0800027b   Thumb Code     0  startup_stm32f10x_md.o(.text)
    I2C1_ER_IRQHandler                       0x0800027b   Thumb Code     0  startup_stm32f10x_md.o(.text)
    I2C1_EV_IRQHandler                       0x0800027b   Thumb Code     0  startup_stm32f10x_md.o(.text)
    I2C2_ER_IRQHandler                       0x0800027b   Thumb Code     0  startup_stm32f10x_md.o(.text)
    I2C2_EV_IRQHandler                       0x0800027b   Thumb Code     0  startup_stm32f10x_md.o(.text)
    PVD_IRQHandler                           0x0800027b   Thumb Code     0  startup_stm32f10x_md.o(.text)
    RCC_IRQHandler                           0x0800027b   Thumb Code     0  startup_stm32f10x_md.o(.text)
    RTCAlarm_IRQHandler                      0x0800027b   Thumb Code     0  startup_stm32f10x_md.o(.text)
    RTC_IRQHandler                           0x0800027b   Thumb Code     0  startup_stm32f10x_md.o(.text)
    SPI1_IRQHandler                          0x0800027b   Thumb Code     0  startup_stm32f10x_md.o(.text)
    SPI2_IRQHandler                          0x0800027b   Thumb Code     0  startup_stm32f10x_md.o(.text)
    TAMPER_IRQHandler                        0x0800027b   Thumb Code     0  startup_stm32f10x_md.o(.text)
    TIM1_BRK_IRQHandler                      0x0800027b   Thumb Code     0  startup_stm32f10x_md.o(.text)
    TIM1_CC_IRQHandler                       0x0800027b   Thumb Code     0  startup_stm32f10x_md.o(.text)
    TIM1_TRG_COM_IRQHandler                  0x0800027b   Thumb Code     0  startup_stm32f10x_md.o(.text)
    TIM1_UP_IRQHandler                       0x0800027b   Thumb Code     0  startup_stm32f10x_md.o(.text)
    TIM2_IRQHandler                          0x0800027b   Thumb Code     0  startup_stm32f10x_md.o(.text)
    TIM3_IRQHandler                          0x0800027b   Thumb Code     0  startup_stm32f10x_md.o(.text)
    TIM4_IRQHandler                          0x0800027b   Thumb Code     0  startup_stm32f10x_md.o(.text)
    USART2_IRQHandler                        0x0800027b   Thumb Code     0  startup_stm32f10x_md.o(.text)
    USART3_IRQHandler                        0x0800027b   Thumb Code     0  startup_stm32f10x_md.o(.text)
    USBWakeUp_IRQHandler                     0x0800027b   Thumb Code     0  startup_stm32f10x_md.o(.text)
    USB_HP_CAN1_TX_IRQHandler                0x0800027b   Thumb Code     0  startup_stm32f10x_md.o(.text)
    WWDG_IRQHandler                          0x0800027b   Thumb Code     0  startup_stm32f10x_md.o(.text)
    __user_initial_stackheap                 0x0800027d   Thumb Code     0  startup_stm32f10x_md.o(.text)
    __aeabi_memset                           0x080002a1   Thumb Code    16  aeabi_memset.o(.text)
    __aeabi_memclr                           0x080002b1   Thumb Code     0  rt_memclr.o(.text)
    __rt_memclr                              0x080002b1   Thumb Code    68  rt_memclr.o(.text)
    _memset                                  0x080002b5   Thumb Code     0  rt_memclr.o(.text)
    __aeabi_memclr4                          0x080002f5   Thumb Code     0  rt_memclr_w.o(.text)
    __aeabi_memclr8                          0x080002f5   Thumb Code     0  rt_memclr_w.o(.text)
    __rt_memclr_w                            0x080002f5   Thumb Code    78  rt_memclr_w.o(.text)
    _memset_w                                0x080002f9   Thumb Code     0  rt_memclr_w.o(.text)
    __use_two_region_memory                  0x08000343   Thumb Code     2  heapauxi.o(.text)
    __rt_heap_escrow$2region                 0x08000345   Thumb Code     2  heapauxi.o(.text)
    __rt_heap_expand$2region                 0x08000347   Thumb Code     2  heapauxi.o(.text)
    __user_setup_stackheap                   0x08000349   Thumb Code    74  sys_stackheap_outer.o(.text)
    exit                                     0x08000393   Thumb Code    18  exit.o(.text)
    __user_libspace                          0x080003a5   Thumb Code     8  libspace.o(.text)
    __user_perproc_libspace                  0x080003a5   Thumb Code     0  libspace.o(.text)
    __user_perthread_libspace                0x080003a5   Thumb Code     0  libspace.o(.text)
    _sys_exit                                0x080003ad   Thumb Code     8  sys_exit.o(.text)
    __I$use$semihosting                      0x080003b9   Thumb Code     0  use_no_semi.o(.text)
    __use_no_semihosting_swi                 0x080003b9   Thumb Code     2  use_no_semi.o(.text)
    ADC_Cmd                                  0x080003bb   Thumb Code    22  stm32f10x_adc.o(i.ADC_Cmd)
    __semihosting_library_function           0x080003bb   Thumb Code     0  indicate_semi.o(.text)
    ADC_DMACmd                               0x080003d1   Thumb Code    22  stm32f10x_adc.o(i.ADC_DMACmd)
    ADC_GetResetCalibrationStatus            0x080003e7   Thumb Code    20  stm32f10x_adc.o(i.ADC_GetResetCalibrationStatus)
    ADC_Init                                 0x080003fd   Thumb Code    70  stm32f10x_adc.o(i.ADC_Init)
    ADC_RegularChannelConfig                 0x0800044d   Thumb Code   184  stm32f10x_adc.o(i.ADC_RegularChannelConfig)
    ADC_ResetCalibration                     0x08000505   Thumb Code    10  stm32f10x_adc.o(i.ADC_ResetCalibration)
    ADC_SoftwareStartConvCmd                 0x0800050f   Thumb Code    22  stm32f10x_adc.o(i.ADC_SoftwareStartConvCmd)
    BusFault_Handler                         0x08000525   Thumb Code     4  stm32f10x_it.o(i.BusFault_Handler)
    ByteSwap                                 0x08000529   Thumb Code    12  usb_regs.o(i.ByteSwap)
    CTR_LP                                   0x08000535   Thumb Code   616  usb_int.o(i.CTR_LP)
    ClearDTOG_RX                             0x080007bd   Thumb Code    48  usb_regs.o(i.ClearDTOG_RX)
    ClearDTOG_TX                             0x080007f1   Thumb Code    48  usb_regs.o(i.ClearDTOG_TX)
    Clear_Status_Out                         0x08000825   Thumb Code    34  usb_regs.o(i.Clear_Status_Out)
    Command                                  0x0800084d   Thumb Code    52  u_usart1.o(i.Command)
    DMA_Cmd                                  0x080008a9   Thumb Code    24  stm32f10x_dma.o(i.DMA_Cmd)
    DMA_GetCurrDataCounter                   0x080008c1   Thumb Code     8  stm32f10x_dma.o(i.DMA_GetCurrDataCounter)
    DMA_Init                                 0x080008c9   Thumb Code    60  stm32f10x_dma.o(i.DMA_Init)
    DMA_SetCurrDataCounter                   0x08000905   Thumb Code     4  stm32f10x_dma.o(i.DMA_SetCurrDataCounter)
    DebugMon_Handler                         0x08000d41   Thumb Code     2  stm32f10x_it.o(i.DebugMon_Handler)
    EP1_IN_Callback                          0x08000d43   Thumb Code     2  usb_endp.o(i.EP1_IN_Callback)
    GPIO_Init                                0x08000d45   Thumb Code   278  stm32f10x_gpio.o(i.GPIO_Init)
    GPIO_WriteBit                            0x08000e5b   Thumb Code    10  stm32f10x_gpio.o(i.GPIO_WriteBit)
    GetEPRxAddr                              0x08000e65   Thumb Code    24  usb_regs.o(i.GetEPRxAddr)
    GetEPTxAddr                              0x08000e85   Thumb Code    22  usb_regs.o(i.GetEPTxAddr)
    Get_SerialNum                            0x08000ea5   Thumb Code    42  hw_config.o(i.Get_SerialNum)
    HardFault_Handler                        0x08000ed9   Thumb Code     4  stm32f10x_it.o(i.HardFault_Handler)
    HexToChar                                0x08000edd   Thumb Code    22  u_usart1.o(i.HexToChar)
    IWDG_Enable                              0x08000ef5   Thumb Code    10  stm32f10x_iwdg.o(i.IWDG_Enable)
    IWDG_ReloadCounter                       0x08000f05   Thumb Code    10  stm32f10x_iwdg.o(i.IWDG_ReloadCounter)
    IWDG_SetPrescaler                        0x08000f15   Thumb Code     6  stm32f10x_iwdg.o(i.IWDG_SetPrescaler)
    IWDG_SetReload                           0x08000f21   Thumb Code     6  stm32f10x_iwdg.o(i.IWDG_SetReload)
    IWDG_WriteAccessCmd                      0x08000f2d   Thumb Code     6  stm32f10x_iwdg.o(i.IWDG_WriteAccessCmd)
    In0_Process                              0x08000f39   Thumb Code    98  usb_core.o(i.In0_Process)
    Init_ADC                                 0x08000fa9   Thumb Code   258  a_adc.o(i.Init_ADC)
    MemManage_Handler                        0x0800110f   Thumb Code     4  stm32f10x_it.o(i.MemManage_Handler)
    NMI_Handler                              0x08001113   Thumb Code     2  stm32f10x_it.o(i.NMI_Handler)
    NOP_Process                              0x08001115   Thumb Code     2  usb_core.o(i.NOP_Process)
    NVIC_Init                                0x08001119   Thumb Code   100  misc.o(i.NVIC_Init)
    Out0_Process                             0x080012c9   Thumb Code    70  usb_core.o(i.Out0_Process)
    PMAToUserBufferCopy                      0x08001319   Thumb Code    34  usb_mem.o(i.PMAToUserBufferCopy)
    Post0_Process                            0x08001341   Thumb Code    54  usb_core.o(i.Post0_Process)
    PowerOn                                  0x08001389   Thumb Code    64  usb_pwr.o(i.PowerOn)
    QYHID_Data_Setup                         0x080013d1   Thumb Code   108  usb_prop.o(i.QYHID_Data_Setup)
    QYHID_GetConfigDescriptor                0x0800144d   Thumb Code    14  usb_prop.o(i.QYHID_GetConfigDescriptor)
    QYHID_GetDeviceDescriptor                0x08001461   Thumb Code    14  usb_prop.o(i.QYHID_GetDeviceDescriptor)
    QYHID_GetHIDDescriptor                   0x08001475   Thumb Code    14  usb_prop.o(i.QYHID_GetHIDDescriptor)
    QYHID_GetProtocolValue                   0x08001489   Thumb Code    20  usb_prop.o(i.QYHID_GetProtocolValue)
    QYHID_GetReportDescriptor                0x080014a5   Thumb Code    14  usb_prop.o(i.QYHID_GetReportDescriptor)
    QYHID_GetStringDescriptor                0x080014b9   Thumb Code    32  usb_prop.o(i.QYHID_GetStringDescriptor)
    QYHID_Get_Interface_Setting              0x080014e1   Thumb Code    22  usb_prop.o(i.QYHID_Get_Interface_Setting)
    QYHID_NoData_Setup                       0x080014f9   Thumb Code    32  usb_prop.o(i.QYHID_NoData_Setup)
    QYHID_Reset                              0x0800151d   Thumb Code   148  usb_prop.o(i.QYHID_Reset)
    QYHID_SetConfiguration                   0x080015c1   Thumb Code    14  usb_prop.o(i.QYHID_SetConfiguration)
    QYHID_SetDeviceAddress                   0x080015d9   Thumb Code     8  usb_prop.o(i.QYHID_SetDeviceAddress)
    QYHID_SetProtocol                        0x080015e5   Thumb Code    14  usb_prop.o(i.QYHID_SetProtocol)
    QYHID_Status_In                          0x080015fd   Thumb Code     2  usb_prop.o(i.QYHID_Status_In)
    QYHID_Status_Out                         0x080015ff   Thumb Code     2  usb_prop.o(i.QYHID_Status_Out)
    QYHID_init                               0x08001601   Thumb Code    30  usb_prop.o(i.QYHID_init)
    RCC_ADCCLKConfig                         0x08001629   Thumb Code    18  stm32f10x_rcc.o(i.RCC_ADCCLKConfig)
    RCC_AHBPeriphClockCmd                    0x08001641   Thumb Code    26  stm32f10x_rcc.o(i.RCC_AHBPeriphClockCmd)
    RCC_APB2PeriphClockCmd                   0x08001661   Thumb Code    26  stm32f10x_rcc.o(i.RCC_APB2PeriphClockCmd)
    RCC_ClearFlag                            0x08001681   Thumb Code    14  stm32f10x_rcc.o(i.RCC_ClearFlag)
    RCC_GetClocksFreq                        0x08001695   Thumb Code   192  stm32f10x_rcc.o(i.RCC_GetClocksFreq)
    RCC_GetFlagStatus                        0x08001769   Thumb Code    56  stm32f10x_rcc.o(i.RCC_GetFlagStatus)
    Resume                                   0x080017a5   Thumb Code   194  usb_pwr.o(i.Resume)
    Resume_Init                              0x08001875   Thumb Code    24  usb_pwr.o(i.Resume_Init)
    SetBTABLE                                0x08001891   Thumb Code    12  usb_regs.o(i.SetBTABLE)
    SetDeviceAddress                         0x080018a1   Thumb Code    68  usb_core.o(i.SetDeviceAddress)
    SetEPRxAddr                              0x080018f1   Thumb Code    26  usb_regs.o(i.SetEPRxAddr)
    SetEPRxCount                             0x08001915   Thumb Code    68  usb_regs.o(i.SetEPRxCount)
    SetEPRxStatus                            0x08001961   Thumb Code    60  usb_regs.o(i.SetEPRxStatus)
    SetEPRxValid                             0x080019a1   Thumb Code    48  usb_regs.o(i.SetEPRxValid)
    SetEPTxAddr                              0x080019d5   Thumb Code    24  usb_regs.o(i.SetEPTxAddr)
    SetEPTxCount                             0x080019f5   Thumb Code    20  usb_regs.o(i.SetEPTxCount)
    SetEPTxStatus                            0x08001a11   Thumb Code    60  usb_regs.o(i.SetEPTxStatus)
    SetEPType                                0x08001a51   Thumb Code    32  usb_regs.o(i.SetEPType)
    SetISTR                                  0x08001a75   Thumb Code     6  usb_regs.o(i.SetISTR)
    Setup0_Process                           0x08001b69   Thumb Code   170  usb_core.o(i.Setup0_Process)
    Standard_ClearFeature                    0x08001c21   Thumb Code   342  usb_core.o(i.Standard_ClearFeature)
    Standard_GetConfiguration                0x08001d8d   Thumb Code    34  usb_core.o(i.Standard_GetConfiguration)
    Standard_GetDescriptorData               0x08001db9   Thumb Code    32  usb_core.o(i.Standard_GetDescriptorData)
    Standard_GetInterface                    0x08001ddd   Thumb Code    34  usb_core.o(i.Standard_GetInterface)
    Standard_GetStatus                       0x08001e09   Thumb Code   238  usb_core.o(i.Standard_GetStatus)
    Standard_SetConfiguration                0x08001f09   Thumb Code    60  usb_core.o(i.Standard_SetConfiguration)
    Standard_SetDeviceFeature                0x08001f51   Thumb Code    30  usb_core.o(i.Standard_SetDeviceFeature)
    Standard_SetEndPointFeature              0x08001f79   Thumb Code   192  usb_core.o(i.Standard_SetEndPointFeature)
    Standard_SetInterface                    0x08002049   Thumb Code    96  usb_core.o(i.Standard_SetInterface)
    Start_CommandFunc                        0x080020b5   Thumb Code    72  shadow.o(i.Start_CommandFunc)
    Start_CommandInit                        0x080021b9   Thumb Code    14  basefunc.o(i.Start_CommandInit)
    Start_CommandTask                        0x080021e1   Thumb Code   218  basefunc.o(i.Start_CommandTask)
    Start_Func                               0x0800237d   Thumb Code    68  basefunc.o(i.Start_Func)
    Start_LEDInit                            0x080023e5   Thumb Code    68  basefunc.o(i.Start_LEDInit)
    Start_LEDTask                            0x08002449   Thumb Code    68  basefunc.o(i.Start_LEDTask)
    Start_MainTask                           0x08002495   Thumb Code    48  shadow.o(i.Start_MainTask)
    Start_WDGInit                            0x080024cd   Thumb Code    62  basefunc.o(i.Start_WDGInit)
    Suspend                                  0x08002559   Thumb Code   134  usb_pwr.o(i.Suspend)
    SysTick_Handler                          0x080025ed   Thumb Code    46  port.o(i.SysTick_Handler)
    SystemInit                               0x08002621   Thumb Code    78  system_stm32f10x.o(i.SystemInit)
    Task_ADC                                 0x08002681   Thumb Code   142  a_adc.o(i.Task_ADC)
    USART1_IRQHandler                        0x0800272d   Thumb Code    88  u_usart1.o(i.USART1_IRQHandler)
    USART_Cmd                                0x08002799   Thumb Code    24  stm32f10x_usart.o(i.USART_Cmd)
    USART_DMACmd                             0x080027b1   Thumb Code    18  stm32f10x_usart.o(i.USART_DMACmd)
    USART_GetFlagStatus                      0x080027c3   Thumb Code    26  stm32f10x_usart.o(i.USART_GetFlagStatus)
    USART_GetITStatus                        0x080027dd   Thumb Code    84  stm32f10x_usart.o(i.USART_GetITStatus)
    USART_ITConfig                           0x08002831   Thumb Code    74  stm32f10x_usart.o(i.USART_ITConfig)
    USART_Init                               0x0800287d   Thumb Code   210  stm32f10x_usart.o(i.USART_Init)
    USART_SendData                           0x08002955   Thumb Code     8  stm32f10x_usart.o(i.USART_SendData)
    USB_Istr                                 0x0800295d   Thumb Code   422  usb_istr.o(i.USB_Istr)
    USB_LP_CAN1_RX0_IRQHandler               0x08002b29   Thumb Code     8  hw_config.o(i.USB_LP_CAN1_RX0_IRQHandler)
    USB_SIL_Init                             0x08002b31   Thumb Code    28  usb_sil.o(i.USB_SIL_Init)
    U_Printf                                 0x08002b55   Thumb Code   200  u_usart1.o(i.U_Printf)
    U_Putchar                                0x08002c1d   Thumb Code    28  u_usart1.o(i.U_Putchar)
    U_SendBinary                             0x08002c3d   Thumb Code    96  u_usart1.o(i.U_SendBinary)
    U_SendHex                                0x08002ca1   Thumb Code   104  u_usart1.o(i.U_SendHex)
    U_SendNum                                0x08002d0d   Thumb Code    76  u_usart1.o(i.U_SendNum)
    U_SendWords                              0x08002d59   Thumb Code    26  u_usart1.o(i.U_SendWords)
    U_USART1_Init                            0x08002d75   Thumb Code   278  u_usart1.o(i.U_USART1_Init)
    UsageFault_Handler                       0x08002ea5   Thumb Code     4  stm32f10x_it.o(i.UsageFault_Handler)
    UserToPMABufferCopy                      0x08002ea9   Thumb Code    52  usb_mem.o(i.UserToPMABufferCopy)
    eTaskGetState                            0x08002ee1   Thumb Code   118  tasks.o(i.eTaskGetState)
    main                                     0x08002f6d   Thumb Code    30  main.o(i.main)
    pvPortMalloc                             0x0800345d   Thumb Code   208  heap_4.o(i.pvPortMalloc)
    pxPortInitialiseStack                    0x08003541   Thumb Code    30  port.o(i.pxPortInitialiseStack)
    uxListRemove                             0x08003565   Thumb Code    40  list.o(i.uxListRemove)
    uxTaskGetNumberOfTasks                   0x0800358d   Thumb Code     6  tasks.o(i.uxTaskGetNumberOfTasks)
    uxTaskGetSystemState                     0x08003599   Thumb Code   152  tasks.o(i.uxTaskGetSystemState)
    vListInitialise                          0x08003649   Thumb Code    26  list.o(i.vListInitialise)
    vListInitialiseItem                      0x08003663   Thumb Code     6  list.o(i.vListInitialiseItem)
    vListInsert                              0x08003669   Thumb Code    52  list.o(i.vListInsert)
    vListInsertEnd                           0x0800369d   Thumb Code    24  list.o(i.vListInsertEnd)
    vPortEnterCritical                       0x080036b5   Thumb Code    30  port.o(i.vPortEnterCritical)
    vPortExitCritical                        0x080036d9   Thumb Code    28  port.o(i.vPortExitCritical)
    vPortFree                                0x080036f9   Thumb Code    68  heap_4.o(i.vPortFree)
    vPortSetupTimerInterrupt                 0x08003745   Thumb Code    20  port.o(i.vPortSetupTimerInterrupt)
    vTaskDelay                               0x0800375d   Thumb Code    46  tasks.o(i.vTaskDelay)
    vTaskDelete                              0x08003791   Thumb Code   174  tasks.o(i.vTaskDelete)
    vTaskGetInfo                             0x08003865   Thumb Code   124  tasks.o(i.vTaskGetInfo)
    vTaskStartScheduler                      0x080038e5   Thumb Code    76  tasks.o(i.vTaskStartScheduler)
    vTaskSuspendAll                          0x08003951   Thumb Code    12  tasks.o(i.vTaskSuspendAll)
    vTaskSwitchContext                       0x08003961   Thumb Code    76  tasks.o(i.vTaskSwitchContext)
    xPortStartScheduler                      0x080039c1   Thumb Code    42  port.o(i.xPortStartScheduler)
    xTaskCreate                              0x080039f5   Thumb Code   104  tasks.o(i.xTaskCreate)
    xTaskIncrementTick                       0x08003a5d   Thumb Code   356  tasks.o(i.xTaskIncrementTick)
    xTaskResumeAll                           0x08003bed   Thumb Code   310  tasks.o(i.xTaskResumeAll)
    QYHID_DeviceDescriptor                   0x08003d48   Data          18  usb_desc.o(.constdata)
    QYHID_ConfigDescriptor                   0x08003d5a   Data          34  usb_desc.o(.constdata)
    QYHID_ReportDescriptor                   0x08003d7c   Data          63  usb_desc.o(.constdata)
    QYHID_StringLangID                       0x08003dbb   Data           4  usb_desc.o(.constdata)
    QYHID_StringVendor                       0x08003dbf   Data          38  usb_desc.o(.constdata)
    QYHID_StringProduct                      0x08003de5   Data          30  usb_desc.o(.constdata)
    Region$$Table$$Base                      0x08003e04   Number         0  anon$$obj.o(Region$$Table)
    Region$$Table$$Limit                     0x08003e24   Number         0  anon$$obj.o(Region$$Table)
    pxCurrentTCB                             0x20000034   Data           4  tasks.o(.data)
    uxTopUsedPriority                        0x2000006c   Data           4  tasks.o(.data)
    StatusInfo                               0x20000074   Data           2  usb_core.o(.data)
    DevRemoteWakeup                          0x20000078   Data           4  usb_core.o(.data)
    Data_Mul_MaxPacketSize                   0x2000007c   Data           1  usb_core.o(.data)
    EPindex                                  0x20000080   Data           1  usb_init.o(.data)
    pInformation                             0x20000084   Data           4  usb_init.o(.data)
    pProperty                                0x20000088   Data           4  usb_init.o(.data)
    SaveState                                0x2000008c   Data           2  usb_init.o(.data)
    wInterrupt_Mask                          0x2000008e   Data           2  usb_init.o(.data)
    pUser_Standard_Requests                  0x20000090   Data           4  usb_init.o(.data)
    SaveRState                               0x20000094   Data           2  usb_int.o(.data)
    SaveTState                               0x20000096   Data           2  usb_int.o(.data)
    wIstr                                    0x20000098   Data           2  usb_istr.o(.data)
    bIntPackSOF                              0x2000009a   Data           1  usb_istr.o(.data)
    esof_counter                             0x2000009c   Data           4  usb_istr.o(.data)
    wCNTR                                    0x200000a0   Data           4  usb_istr.o(.data)
    pEpInt_IN                                0x200000a4   Data          28  usb_istr.o(.data)
    pEpInt_OUT                               0x200000c0   Data          28  usb_istr.o(.data)
    ProtocolValue                            0x200000dc   Data           4  usb_prop.o(.data)
    Device_Table                             0x200000e0   Data           2  usb_prop.o(.data)
    Device_Property                          0x200000e4   Data          48  usb_prop.o(.data)
    User_Standard_Requests                   0x20000114   Data          36  usb_prop.o(.data)
    Device_Descriptor                        0x20000138   Data           8  usb_prop.o(.data)
    Config_Descriptor                        0x20000140   Data           8  usb_prop.o(.data)
    QYHID_Report_Descriptor                  0x20000148   Data           8  usb_prop.o(.data)
    Mouse_Hid_Descriptor                     0x20000150   Data           8  usb_prop.o(.data)
    String_Descriptor                        0x20000158   Data          32  usb_prop.o(.data)
    bDeviceState                             0x20000178   Data           4  usb_pwr.o(.data)
    fSuspendEnabled                          0x2000017c   Data           1  usb_pwr.o(.data)
    ResumeS                                  0x2000017d   Data           2  usb_pwr.o(.data)
    remotewakeupon                           0x20000180   Data           4  usb_pwr.o(.data)
    QYHID_StringSerial                       0x20000184   Data          26  usb_desc.o(.data)
    usart1_count                             0x2000019e   Data           2  u_usart1.o(.data)
    usart1_isbuff                            0x200001a0   Data           1  u_usart1.o(.data)
    Device_Info                              0x20001888   Data          28  usb_init.o(.bss)
    EP                                       0x200018a4   Data          32  usb_pwr.o(.bss)
    usart1_buff                              0x200018c4   Data         256  u_usart1.o(.bss)
    adc_value                                0x200019c4   Data          20  a_adc.o(.bss)
    __libspace_start                         0x200019d8   Data          96  libspace.o(.bss)
    __temporary_stack_top$libspace           0x20001a38   Data           0  libspace.o(.bss)



==============================================================================

Memory Map of the image

  Image Entry point : 0x080000ed

  Load Region LR_IROM1 (Base: 0x08000000, Size: 0x00003fc8, Max: 0x00008000, ABSOLUTE, COMPRESSED[0x00003eb8])

    Execution Region ER_IROM1 (Exec base: 0x08000000, Load base: 0x08000000, Size: 0x00003e24, Max: 0x00008000, ABSOLUTE)

    Exec Addr    Load Addr    Size         Type   Attr      Idx    E Section Name        Object

    0x08000000   0x08000000   0x000000ec   Data   RO         5191    RESET               startup_stm32f10x_md.o
    0x080000ec   0x080000ec   0x00000008   Code   RO         5292  * !!!main             c_w.l(__main.o)
    0x080000f4   0x080000f4   0x00000034   Code   RO         5464    !!!scatter          c_w.l(__scatter.o)
    0x08000128   0x08000128   0x0000005a   Code   RO         5462    !!dczerorl2         c_w.l(__dczerorl2.o)
    0x08000182   0x08000182   0x00000002   PAD
    0x08000184   0x08000184   0x0000001c   Code   RO         5466    !!handler_zi        c_w.l(__scatter_zi.o)
    0x080001a0   0x080001a0   0x00000002   Code   RO         5332    .ARM.Collect$$libinit$$00000000  c_w.l(libinit.o)
    0x080001a2   0x080001a2   0x00000000   Code   RO         5339    .ARM.Collect$$libinit$$00000002  c_w.l(libinit2.o)
    0x080001a2   0x080001a2   0x00000000   Code   RO         5341    .ARM.Collect$$libinit$$00000004  c_w.l(libinit2.o)
    0x080001a2   0x080001a2   0x00000000   Code   RO         5344    .ARM.Collect$$libinit$$0000000A  c_w.l(libinit2.o)
    0x080001a2   0x080001a2   0x00000000   Code   RO         5346    .ARM.Collect$$libinit$$0000000C  c_w.l(libinit2.o)
    0x080001a2   0x080001a2   0x00000000   Code   RO         5348    .ARM.Collect$$libinit$$0000000E  c_w.l(libinit2.o)
    0x080001a2   0x080001a2   0x00000000   Code   RO         5351    .ARM.Collect$$libinit$$00000011  c_w.l(libinit2.o)
    0x080001a2   0x080001a2   0x00000000   Code   RO         5353    .ARM.Collect$$libinit$$00000013  c_w.l(libinit2.o)
    0x080001a2   0x080001a2   0x00000000   Code   RO         5355    .ARM.Collect$$libinit$$00000015  c_w.l(libinit2.o)
    0x080001a2   0x080001a2   0x00000000   Code   RO         5357    .ARM.Collect$$libinit$$00000017  c_w.l(libinit2.o)
    0x080001a2   0x080001a2   0x00000000   Code   RO         5359    .ARM.Collect$$libinit$$00000019  c_w.l(libinit2.o)
    0x080001a2   0x080001a2   0x00000000   Code   RO         5361    .ARM.Collect$$libinit$$0000001B  c_w.l(libinit2.o)
    0x080001a2   0x080001a2   0x00000000   Code   RO         5363    .ARM.Collect$$libinit$$0000001D  c_w.l(libinit2.o)
    0x080001a2   0x080001a2   0x00000000   Code   RO         5365    .ARM.Collect$$libinit$$0000001F  c_w.l(libinit2.o)
    0x080001a2   0x080001a2   0x00000000   Code   RO         5367    .ARM.Collect$$libinit$$00000021  c_w.l(libinit2.o)
    0x080001a2   0x080001a2   0x00000000   Code   RO         5369    .ARM.Collect$$libinit$$00000023  c_w.l(libinit2.o)
    0x080001a2   0x080001a2   0x00000000   Code   RO         5371    .ARM.Collect$$libinit$$00000025  c_w.l(libinit2.o)
    0x080001a2   0x080001a2   0x00000000   Code   RO         5375    .ARM.Collect$$libinit$$0000002C  c_w.l(libinit2.o)
    0x080001a2   0x080001a2   0x00000000   Code   RO         5377    .ARM.Collect$$libinit$$0000002E  c_w.l(libinit2.o)
    0x080001a2   0x080001a2   0x00000000   Code   RO         5379    .ARM.Collect$$libinit$$00000030  c_w.l(libinit2.o)
    0x080001a2   0x080001a2   0x00000000   Code   RO         5381    .ARM.Collect$$libinit$$00000032  c_w.l(libinit2.o)
    0x080001a2   0x080001a2   0x00000002   Code   RO         5382    .ARM.Collect$$libinit$$00000033  c_w.l(libinit2.o)
    0x080001a4   0x080001a4   0x00000002   Code   RO         5402    .ARM.Collect$$libshutdown$$00000000  c_w.l(libshutdown.o)
    0x080001a6   0x080001a6   0x00000000   Code   RO         5415    .ARM.Collect$$libshutdown$$00000002  c_w.l(libshutdown2.o)
    0x080001a6   0x080001a6   0x00000000   Code   RO         5417    .ARM.Collect$$libshutdown$$00000004  c_w.l(libshutdown2.o)
    0x080001a6   0x080001a6   0x00000000   Code   RO         5420    .ARM.Collect$$libshutdown$$00000007  c_w.l(libshutdown2.o)
    0x080001a6   0x080001a6   0x00000000   Code   RO         5423    .ARM.Collect$$libshutdown$$0000000A  c_w.l(libshutdown2.o)
    0x080001a6   0x080001a6   0x00000000   Code   RO         5425    .ARM.Collect$$libshutdown$$0000000C  c_w.l(libshutdown2.o)
    0x080001a6   0x080001a6   0x00000000   Code   RO         5428    .ARM.Collect$$libshutdown$$0000000F  c_w.l(libshutdown2.o)
    0x080001a6   0x080001a6   0x00000002   Code   RO         5429    .ARM.Collect$$libshutdown$$00000010  c_w.l(libshutdown2.o)
    0x080001a8   0x080001a8   0x00000000   Code   RO         5294    .ARM.Collect$$rtentry$$00000000  c_w.l(__rtentry.o)
    0x080001a8   0x080001a8   0x00000000   Code   RO         5307    .ARM.Collect$$rtentry$$00000002  c_w.l(__rtentry2.o)
    0x080001a8   0x080001a8   0x00000006   Code   RO         5319    .ARM.Collect$$rtentry$$00000004  c_w.l(__rtentry4.o)
    0x080001ae   0x080001ae   0x00000000   Code   RO         5309    .ARM.Collect$$rtentry$$00000009  c_w.l(__rtentry2.o)
    0x080001ae   0x080001ae   0x00000004   Code   RO         5310    .ARM.Collect$$rtentry$$0000000A  c_w.l(__rtentry2.o)
    0x080001b2   0x080001b2   0x00000000   Code   RO         5312    .ARM.Collect$$rtentry$$0000000C  c_w.l(__rtentry2.o)
    0x080001b2   0x080001b2   0x00000008   Code   RO         5313    .ARM.Collect$$rtentry$$0000000D  c_w.l(__rtentry2.o)
    0x080001ba   0x080001ba   0x00000002   Code   RO         5336    .ARM.Collect$$rtexit$$00000000  c_w.l(rtexit.o)
    0x080001bc   0x080001bc   0x00000000   Code   RO         5384    .ARM.Collect$$rtexit$$00000002  c_w.l(rtexit2.o)
    0x080001bc   0x080001bc   0x00000004   Code   RO         5385    .ARM.Collect$$rtexit$$00000003  c_w.l(rtexit2.o)
    0x080001c0   0x080001c0   0x00000006   Code   RO         5386    .ARM.Collect$$rtexit$$00000004  c_w.l(rtexit2.o)
    0x080001c6   0x080001c6   0x00000002   PAD
    0x080001c8   0x080001c8   0x00000096   Code   RO         3392    .emb_text           port.o
    0x0800025e   0x0800025e   0x00000002   PAD
    0x08000260   0x08000260   0x00000040   Code   RO         5192    .text               startup_stm32f10x_md.o
    0x080002a0   0x080002a0   0x00000010   Code   RO         5284    .text               c_w.l(aeabi_memset.o)
    0x080002b0   0x080002b0   0x00000044   Code   RO         5286    .text               c_w.l(rt_memclr.o)
    0x080002f4   0x080002f4   0x0000004e   Code   RO         5288    .text               c_w.l(rt_memclr_w.o)
    0x08000342   0x08000342   0x00000006   Code   RO         5290    .text               c_w.l(heapauxi.o)
    0x08000348   0x08000348   0x0000004a   Code   RO         5323    .text               c_w.l(sys_stackheap_outer.o)
    0x08000392   0x08000392   0x00000012   Code   RO         5325    .text               c_w.l(exit.o)
    0x080003a4   0x080003a4   0x00000008   Code   RO         5333    .text               c_w.l(libspace.o)
    0x080003ac   0x080003ac   0x0000000c   Code   RO         5394    .text               c_w.l(sys_exit.o)
    0x080003b8   0x080003b8   0x00000002   Code   RO         5405    .text               c_w.l(use_no_semi.o)
    0x080003ba   0x080003ba   0x00000000   Code   RO         5407    .text               c_w.l(indicate_semi.o)
    0x080003ba   0x080003ba   0x00000016   Code   RO          221    i.ADC_Cmd           stm32f10x_adc.o
    0x080003d0   0x080003d0   0x00000016   Code   RO          222    i.ADC_DMACmd        stm32f10x_adc.o
    0x080003e6   0x080003e6   0x00000014   Code   RO          235    i.ADC_GetResetCalibrationStatus  stm32f10x_adc.o
    0x080003fa   0x080003fa   0x00000002   PAD
    0x080003fc   0x080003fc   0x00000050   Code   RO          239    i.ADC_Init          stm32f10x_adc.o
    0x0800044c   0x0800044c   0x000000b8   Code   RO          243    i.ADC_RegularChannelConfig  stm32f10x_adc.o
    0x08000504   0x08000504   0x0000000a   Code   RO          244    i.ADC_ResetCalibration  stm32f10x_adc.o
    0x0800050e   0x0800050e   0x00000016   Code   RO          246    i.ADC_SoftwareStartConvCmd  stm32f10x_adc.o
    0x08000524   0x08000524   0x00000004   Code   RO           17    i.BusFault_Handler  stm32f10x_it.o
    0x08000528   0x08000528   0x0000000c   Code   RO         4596    i.ByteSwap          usb_regs.o
    0x08000534   0x08000534   0x00000288   Code   RO         4375    i.CTR_LP            usb_int.o
    0x080007bc   0x080007bc   0x00000034   Code   RO         4597    i.ClearDTOG_RX      usb_regs.o
    0x080007f0   0x080007f0   0x00000034   Code   RO         4598    i.ClearDTOG_TX      usb_regs.o
    0x08000824   0x08000824   0x00000028   Code   RO         4603    i.Clear_Status_Out  usb_regs.o
    0x0800084c   0x0800084c   0x0000005c   Code   RO         5041    i.Command           u_usart1.o
    0x080008a8   0x080008a8   0x00000018   Code   RO          906    i.DMA_Cmd           stm32f10x_dma.o
    0x080008c0   0x080008c0   0x00000008   Code   RO          908    i.DMA_GetCurrDataCounter  stm32f10x_dma.o
    0x080008c8   0x080008c8   0x0000003c   Code   RO          912    i.DMA_Init          stm32f10x_dma.o
    0x08000904   0x08000904   0x00000004   Code   RO          913    i.DMA_SetCurrDataCounter  stm32f10x_dma.o
    0x08000908   0x08000908   0x000000c0   Code   RO         4170    i.DataStageIn       usb_core.o
    0x080009c8   0x080009c8   0x000000e0   Code   RO         4171    i.DataStageOut      usb_core.o
    0x08000aa8   0x08000aa8   0x00000298   Code   RO         4172    i.Data_Setup0       usb_core.o
    0x08000d40   0x08000d40   0x00000002   Code   RO           18    i.DebugMon_Handler  stm32f10x_it.o
    0x08000d42   0x08000d42   0x00000002   Code   RO         4339    i.EP1_IN_Callback   usb_endp.o
    0x08000d44   0x08000d44   0x00000116   Code   RO         1330    i.GPIO_Init         stm32f10x_gpio.o
    0x08000e5a   0x08000e5a   0x0000000a   Code   RO         1341    i.GPIO_WriteBit     stm32f10x_gpio.o
    0x08000e64   0x08000e64   0x00000020   Code   RO         4615    i.GetEPRxAddr       usb_regs.o
    0x08000e84   0x08000e84   0x00000020   Code   RO         4618    i.GetEPTxAddr       usb_regs.o
    0x08000ea4   0x08000ea4   0x00000034   Code   RO         4980    i.Get_SerialNum     hw_config.o
    0x08000ed8   0x08000ed8   0x00000004   Code   RO           19    i.HardFault_Handler  stm32f10x_it.o
    0x08000edc   0x08000edc   0x00000016   Code   RO         5042    i.HexToChar         u_usart1.o
    0x08000ef2   0x08000ef2   0x00000002   PAD
    0x08000ef4   0x08000ef4   0x00000010   Code   RO         1642    i.IWDG_Enable       stm32f10x_iwdg.o
    0x08000f04   0x08000f04   0x00000010   Code   RO         1644    i.IWDG_ReloadCounter  stm32f10x_iwdg.o
    0x08000f14   0x08000f14   0x0000000c   Code   RO         1645    i.IWDG_SetPrescaler  stm32f10x_iwdg.o
    0x08000f20   0x08000f20   0x0000000c   Code   RO         1646    i.IWDG_SetReload    stm32f10x_iwdg.o
    0x08000f2c   0x08000f2c   0x0000000c   Code   RO         1647    i.IWDG_WriteAccessCmd  stm32f10x_iwdg.o
    0x08000f38   0x08000f38   0x00000070   Code   RO         4173    i.In0_Process       usb_core.o
    0x08000fa8   0x08000fa8   0x00000128   Code   RO         5114    i.Init_ADC          a_adc.o
    0x080010d0   0x080010d0   0x0000003e   Code   RO         4982    i.IntToUnicode      hw_config.o
    0x0800110e   0x0800110e   0x00000004   Code   RO           20    i.MemManage_Handler  stm32f10x_it.o
    0x08001112   0x08001112   0x00000002   Code   RO           21    i.NMI_Handler       stm32f10x_it.o
    0x08001114   0x08001114   0x00000002   Code   RO         4174    i.NOP_Process       usb_core.o
    0x08001116   0x08001116   0x00000002   PAD
    0x08001118   0x08001118   0x00000070   Code   RO          179    i.NVIC_Init         misc.o
    0x08001188   0x08001188   0x00000140   Code   RO         4175    i.NoData_Setup0     usb_core.o
    0x080012c8   0x080012c8   0x00000050   Code   RO         4176    i.Out0_Process      usb_core.o
    0x08001318   0x08001318   0x00000028   Code   RO         4422    i.PMAToUserBufferCopy  usb_mem.o
    0x08001340   0x08001340   0x00000048   Code   RO         4177    i.Post0_Process     usb_core.o
    0x08001388   0x08001388   0x00000048   Code   RO         4554    i.PowerOn           usb_pwr.o
    0x080013d0   0x080013d0   0x0000007c   Code   RO         4440    i.QYHID_Data_Setup  usb_prop.o
    0x0800144c   0x0800144c   0x00000014   Code   RO         4441    i.QYHID_GetConfigDescriptor  usb_prop.o
    0x08001460   0x08001460   0x00000014   Code   RO         4442    i.QYHID_GetDeviceDescriptor  usb_prop.o
    0x08001474   0x08001474   0x00000014   Code   RO         4443    i.QYHID_GetHIDDescriptor  usb_prop.o
    0x08001488   0x08001488   0x0000001c   Code   RO         4444    i.QYHID_GetProtocolValue  usb_prop.o
    0x080014a4   0x080014a4   0x00000014   Code   RO         4445    i.QYHID_GetReportDescriptor  usb_prop.o
    0x080014b8   0x080014b8   0x00000028   Code   RO         4446    i.QYHID_GetStringDescriptor  usb_prop.o
    0x080014e0   0x080014e0   0x00000016   Code   RO         4447    i.QYHID_Get_Interface_Setting  usb_prop.o
    0x080014f6   0x080014f6   0x00000002   PAD
    0x080014f8   0x080014f8   0x00000024   Code   RO         4448    i.QYHID_NoData_Setup  usb_prop.o
    0x0800151c   0x0800151c   0x000000a4   Code   RO         4449    i.QYHID_Reset       usb_prop.o
    0x080015c0   0x080015c0   0x00000018   Code   RO         4450    i.QYHID_SetConfiguration  usb_prop.o
    0x080015d8   0x080015d8   0x0000000c   Code   RO         4451    i.QYHID_SetDeviceAddress  usb_prop.o
    0x080015e4   0x080015e4   0x00000018   Code   RO         4452    i.QYHID_SetProtocol  usb_prop.o
    0x080015fc   0x080015fc   0x00000002   Code   RO         4453    i.QYHID_Status_In   usb_prop.o
    0x080015fe   0x080015fe   0x00000002   Code   RO         4454    i.QYHID_Status_Out  usb_prop.o
    0x08001600   0x08001600   0x00000028   Code   RO         4455    i.QYHID_init        usb_prop.o
    0x08001628   0x08001628   0x00000018   Code   RO         1744    i.RCC_ADCCLKConfig  stm32f10x_rcc.o
    0x08001640   0x08001640   0x00000020   Code   RO         1745    i.RCC_AHBPeriphClockCmd  stm32f10x_rcc.o
    0x08001660   0x08001660   0x00000020   Code   RO         1748    i.RCC_APB2PeriphClockCmd  stm32f10x_rcc.o
    0x08001680   0x08001680   0x00000014   Code   RO         1752    i.RCC_ClearFlag     stm32f10x_rcc.o
    0x08001694   0x08001694   0x000000d4   Code   RO         1756    i.RCC_GetClocksFreq  stm32f10x_rcc.o
    0x08001768   0x08001768   0x0000003c   Code   RO         1757    i.RCC_GetFlagStatus  stm32f10x_rcc.o
    0x080017a4   0x080017a4   0x000000d0   Code   RO         4555    i.Resume            usb_pwr.o
    0x08001874   0x08001874   0x0000001c   Code   RO         4556    i.Resume_Init       usb_pwr.o
    0x08001890   0x08001890   0x00000010   Code   RO         4626    i.SetBTABLE         usb_regs.o
    0x080018a0   0x080018a0   0x00000050   Code   RO         4178    i.SetDeviceAddress  usb_core.o
    0x080018f0   0x080018f0   0x00000024   Code   RO         4640    i.SetEPRxAddr       usb_regs.o
    0x08001914   0x08001914   0x0000004c   Code   RO         4641    i.SetEPRxCount      usb_regs.o
    0x08001960   0x08001960   0x00000040   Code   RO         4642    i.SetEPRxStatus     usb_regs.o
    0x080019a0   0x080019a0   0x00000034   Code   RO         4643    i.SetEPRxValid      usb_regs.o
    0x080019d4   0x080019d4   0x00000020   Code   RO         4644    i.SetEPTxAddr       usb_regs.o
    0x080019f4   0x080019f4   0x0000001c   Code   RO         4645    i.SetEPTxCount      usb_regs.o
    0x08001a10   0x08001a10   0x00000040   Code   RO         4646    i.SetEPTxStatus     usb_regs.o
    0x08001a50   0x08001a50   0x00000024   Code   RO         4648    i.SetEPType         usb_regs.o
    0x08001a74   0x08001a74   0x0000000c   Code   RO         4650    i.SetISTR           usb_regs.o
    0x08001a80   0x08001a80   0x00000008   Code   RO          145    i.SetSysClock       system_stm32f10x.o
    0x08001a88   0x08001a88   0x000000e0   Code   RO          146    i.SetSysClockTo72   system_stm32f10x.o
    0x08001b68   0x08001b68   0x000000b8   Code   RO         4179    i.Setup0_Process    usb_core.o
    0x08001c20   0x08001c20   0x0000016c   Code   RO         4180    i.Standard_ClearFeature  usb_core.o
    0x08001d8c   0x08001d8c   0x0000002c   Code   RO         4181    i.Standard_GetConfiguration  usb_core.o
    0x08001db8   0x08001db8   0x00000024   Code   RO         4182    i.Standard_GetDescriptorData  usb_core.o
    0x08001ddc   0x08001ddc   0x0000002c   Code   RO         4183    i.Standard_GetInterface  usb_core.o
    0x08001e08   0x08001e08   0x00000100   Code   RO         4184    i.Standard_GetStatus  usb_core.o
    0x08001f08   0x08001f08   0x00000048   Code   RO         4185    i.Standard_SetConfiguration  usb_core.o
    0x08001f50   0x08001f50   0x00000028   Code   RO         4186    i.Standard_SetDeviceFeature  usb_core.o
    0x08001f78   0x08001f78   0x000000d0   Code   RO         4187    i.Standard_SetEndPointFeature  usb_core.o
    0x08002048   0x08002048   0x0000006c   Code   RO         4188    i.Standard_SetInterface  usb_core.o
    0x080020b4   0x080020b4   0x00000104   Code   RO         5165    i.Start_CommandFunc  shadow.o
    0x080021b8   0x080021b8   0x00000028   Code   RO         5196    i.Start_CommandInit  basefunc.o
    0x080021e0   0x080021e0   0x0000019c   Code   RO         5197    i.Start_CommandTask  basefunc.o
    0x0800237c   0x0800237c   0x00000068   Code   RO         5198    i.Start_Func        basefunc.o
    0x080023e4   0x080023e4   0x00000064   Code   RO         5199    i.Start_LEDInit     basefunc.o
    0x08002448   0x08002448   0x0000004c   Code   RO         5200    i.Start_LEDTask     basefunc.o
    0x08002494   0x08002494   0x00000038   Code   RO         5166    i.Start_MainTask    shadow.o
    0x080024cc   0x080024cc   0x0000008c   Code   RO         5201    i.Start_WDGInit     basefunc.o
    0x08002558   0x08002558   0x00000094   Code   RO         4557    i.Suspend           usb_pwr.o
    0x080025ec   0x080025ec   0x00000034   Code   RO         3393    i.SysTick_Handler   port.o
    0x08002620   0x08002620   0x00000060   Code   RO          148    i.SystemInit        system_stm32f10x.o
    0x08002680   0x08002680   0x000000ac   Code   RO         5115    i.Task_ADC          a_adc.o
    0x0800272c   0x0800272c   0x0000006c   Code   RO         5043    i.USART1_IRQHandler  u_usart1.o
    0x08002798   0x08002798   0x00000018   Code   RO         2916    i.USART_Cmd         stm32f10x_usart.o
    0x080027b0   0x080027b0   0x00000012   Code   RO         2917    i.USART_DMACmd      stm32f10x_usart.o
    0x080027c2   0x080027c2   0x0000001a   Code   RO         2919    i.USART_GetFlagStatus  stm32f10x_usart.o
    0x080027dc   0x080027dc   0x00000054   Code   RO         2920    i.USART_GetITStatus  stm32f10x_usart.o
    0x08002830   0x08002830   0x0000004a   Code   RO         2922    i.USART_ITConfig    stm32f10x_usart.o
    0x0800287a   0x0800287a   0x00000002   PAD
    0x0800287c   0x0800287c   0x000000d8   Code   RO         2923    i.USART_Init        stm32f10x_usart.o
    0x08002954   0x08002954   0x00000008   Code   RO         2933    i.USART_SendData    stm32f10x_usart.o
    0x0800295c   0x0800295c   0x000001cc   Code   RO         4404    i.USB_Istr          usb_istr.o
    0x08002b28   0x08002b28   0x00000008   Code   RO         4985    i.USB_LP_CAN1_RX0_IRQHandler  hw_config.o
    0x08002b30   0x08002b30   0x00000024   Code   RO         4956    i.USB_SIL_Init      usb_sil.o
    0x08002b54   0x08002b54   0x000000c8   Code   RO         5044    i.U_Printf          u_usart1.o
    0x08002c1c   0x08002c1c   0x00000020   Code   RO         5045    i.U_Putchar         u_usart1.o
    0x08002c3c   0x08002c3c   0x00000064   Code   RO         5046    i.U_SendBinary      u_usart1.o
    0x08002ca0   0x08002ca0   0x0000006c   Code   RO         5047    i.U_SendHex         u_usart1.o
    0x08002d0c   0x08002d0c   0x0000004c   Code   RO         5048    i.U_SendNum         u_usart1.o
    0x08002d58   0x08002d58   0x0000001a   Code   RO         5049    i.U_SendWords       u_usart1.o
    0x08002d72   0x08002d72   0x00000002   PAD
    0x08002d74   0x08002d74   0x00000130   Code   RO         5050    i.U_USART1_Init     u_usart1.o
    0x08002ea4   0x08002ea4   0x00000004   Code   RO           22    i.UsageFault_Handler  stm32f10x_it.o
    0x08002ea8   0x08002ea8   0x00000038   Code   RO         4423    i.UserToPMABufferCopy  usb_mem.o
    0x08002ee0   0x08002ee0   0x0000008c   Code   RO         3796    i.eTaskGetState     tasks.o
    0x08002f6c   0x08002f6c   0x00000030   Code   RO         5150    i.main              main.o
    0x08002f9c   0x08002f9c   0x000000c0   Code   RO         3798    i.prvAddCurrentTaskToDelayedList  tasks.o
    0x0800305c   0x0800305c   0x000000ec   Code   RO         3799    i.prvAddNewTaskToReadyList  tasks.o
    0x08003148   0x08003148   0x00000048   Code   RO         3800    i.prvCheckTasksWaitingTermination  tasks.o
    0x08003190   0x08003190   0x00000012   Code   RO         3801    i.prvDeleteTCB      tasks.o
    0x080031a2   0x080031a2   0x00000002   PAD
    0x080031a4   0x080031a4   0x00000070   Code   RO         3289    i.prvHeapInit       heap_4.o
    0x08003214   0x08003214   0x00000028   Code   RO         3802    i.prvIdleTask       tasks.o
    0x0800323c   0x0800323c   0x00000088   Code   RO         3803    i.prvInitialiseNewTask  tasks.o
    0x080032c4   0x080032c4   0x00000068   Code   RO         3804    i.prvInitialiseTaskLists  tasks.o
    0x0800332c   0x0800332c   0x00000068   Code   RO         3290    i.prvInsertBlockIntoFreeList  heap_4.o
    0x08003394   0x08003394   0x0000006a   Code   RO         3805    i.prvListTasksWithinSingleList  tasks.o
    0x080033fe   0x080033fe   0x00000002   PAD
    0x08003400   0x08003400   0x00000030   Code   RO         3806    i.prvResetNextTaskUnblockTime  tasks.o
    0x08003430   0x08003430   0x00000016   Code   RO         3807    i.prvTaskCheckFreeStackSpace  tasks.o
    0x08003446   0x08003446   0x00000016   Code   RO         3394    i.prvTaskExitError  port.o
    0x0800345c   0x0800345c   0x000000e4   Code   RO         3292    i.pvPortMalloc      heap_4.o
    0x08003540   0x08003540   0x00000024   Code   RO         3395    i.pxPortInitialiseStack  port.o
    0x08003564   0x08003564   0x00000028   Code   RO         3356    i.uxListRemove      list.o
    0x0800358c   0x0800358c   0x0000000c   Code   RO         3812    i.uxTaskGetNumberOfTasks  tasks.o
    0x08003598   0x08003598   0x000000b0   Code   RO         3814    i.uxTaskGetSystemState  tasks.o
    0x08003648   0x08003648   0x0000001a   Code   RO         3357    i.vListInitialise   list.o
    0x08003662   0x08003662   0x00000006   Code   RO         3358    i.vListInitialiseItem  list.o
    0x08003668   0x08003668   0x00000034   Code   RO         3359    i.vListInsert       list.o
    0x0800369c   0x0800369c   0x00000018   Code   RO         3360    i.vListInsertEnd    list.o
    0x080036b4   0x080036b4   0x00000024   Code   RO         3397    i.vPortEnterCritical  port.o
    0x080036d8   0x080036d8   0x00000020   Code   RO         3398    i.vPortExitCritical  port.o
    0x080036f8   0x080036f8   0x0000004c   Code   RO         3293    i.vPortFree         heap_4.o
    0x08003744   0x08003744   0x00000018   Code   RO         3399    i.vPortSetupTimerInterrupt  port.o
    0x0800375c   0x0800375c   0x00000034   Code   RO         3819    i.vTaskDelay        tasks.o
    0x08003790   0x08003790   0x000000d4   Code   RO         3820    i.vTaskDelete       tasks.o
    0x08003864   0x08003864   0x00000080   Code   RO         3823    i.vTaskGetInfo      tasks.o
    0x080038e4   0x080038e4   0x0000006c   Code   RO         3834    i.vTaskStartScheduler  tasks.o
    0x08003950   0x08003950   0x00000010   Code   RO         3836    i.vTaskSuspendAll   tasks.o
    0x08003960   0x08003960   0x00000060   Code   RO         3837    i.vTaskSwitchContext  tasks.o
    0x080039c0   0x080039c0   0x00000034   Code   RO         3400    i.xPortStartScheduler  port.o
    0x080039f4   0x080039f4   0x00000068   Code   RO         3840    i.xTaskCreate       tasks.o
    0x08003a5c   0x08003a5c   0x00000190   Code   RO         3850    i.xTaskIncrementTick  tasks.o
    0x08003bec   0x08003bec   0x0000015c   Code   RO         3852    i.xTaskResumeAll    tasks.o
    0x08003d48   0x08003d48   0x000000bb   Data   RO         5028    .constdata          usb_desc.o
    0x08003e03   0x08003e03   0x00000001   PAD
    0x08003e04   0x08003e04   0x00000020   Data   RO         5460    Region$$Table       anon$$obj.o


    Execution Region RW_IRAM1 (Exec base: 0x20000000, Load base: 0x08003e24, Size: 0x00002038, Max: 0x00002800, ABSOLUTE, COMPRESSED[0x00000094])

    Exec Addr    Load Addr    Size         Type   Attr      Idx    E Section Name        Object

    0x20000000   COMPRESSED   0x00000014   Data   RW         1776    .data               stm32f10x_rcc.o
    0x20000014   COMPRESSED   0x0000001c   Data   RW         3299    .data               heap_4.o
    0x20000030   COMPRESSED   0x00000004   Data   RW         3401    .data               port.o
    0x20000034   COMPRESSED   0x00000040   Data   RW         3855    .data               tasks.o
    0x20000074   COMPRESSED   0x00000009   Data   RW         4189    .data               usb_core.o
    0x2000007d   COMPRESSED   0x00000003   PAD
    0x20000080   COMPRESSED   0x00000014   Data   RW         4353    .data               usb_init.o
    0x20000094   COMPRESSED   0x00000004   Data   RW         4376    .data               usb_int.o
    0x20000098   COMPRESSED   0x00000044   Data   RW         4405    .data               usb_istr.o
    0x200000dc   COMPRESSED   0x0000009c   Data   RW         4456    .data               usb_prop.o
    0x20000178   COMPRESSED   0x0000000c   Data   RW         4559    .data               usb_pwr.o
    0x20000184   COMPRESSED   0x0000001a   Data   RW         5029    .data               usb_desc.o
    0x2000019e   COMPRESSED   0x00000003   Data   RW         5052    .data               u_usart1.o
    0x200001a1   COMPRESSED   0x00000003   PAD
    0x200001a4        -       0x00001400   Zero   RW         3298    .bss                heap_4.o
    0x200015a4        -       0x000002e4   Zero   RW         3854    .bss                tasks.o
    0x20001888        -       0x0000001c   Zero   RW         4352    .bss                usb_init.o
    0x200018a4        -       0x00000020   Zero   RW         4558    .bss                usb_pwr.o
    0x200018c4        -       0x00000100   Zero   RW         5051    .bss                u_usart1.o
    0x200019c4        -       0x00000014   Zero   RW         5116    .bss                a_adc.o
    0x200019d8        -       0x00000060   Zero   RW         5334    .bss                c_w.l(libspace.o)
    0x20001a38        -       0x00000200   Zero   RW         5190    HEAP                startup_stm32f10x_md.o
    0x20001c38        -       0x00000400   Zero   RW         5189    STACK               startup_stm32f10x_md.o


==============================================================================

Image component sizes


      Code (inc. data)   RO Data    RW Data    ZI Data      Debug   Object Name

       468         68          0          0         20       1966   a_adc.o
       872        374          0          0          0      18760   basefunc.o
         0          0          0          0          0       4556   core_cm3.o
         0          0          0          0          0      13976   croutine.o
         0          0          0          0          0       2388   event_groups.o
       520         58          0         28       5120       4279   heap_4.o
       122         10          0          0          0      17132   hw_config.o
       148          0          0          0          0       2962   list.o
        48         18          0          0          0        435   main.o
       112         12          0          0          0        992   misc.o
       404         48          0          4          0       8252   port.o
       316        196          0          0          0        977   shadow.o
        64         26        236          0       1536        764   startup_stm32f10x_md.o
       360         10          0          0          0       5855   stm32f10x_adc.o
        96          0          0          0          0       3663   stm32f10x_dma.o
       288          0          0          0          0       2444   stm32f10x_gpio.o
        20          0          0          0          0     246821   stm32f10x_it.o
        68         30          0          0          0       2130   stm32f10x_iwdg.o
       380         48          0         20          0       5672   stm32f10x_rcc.o
       450          6          0          0          0       5760   stm32f10x_usart.o
       328         28          0          0          0       1845   system_stm32f10x.o
      2766        358          0         64        740      29612   tasks.o
      1068         98          0          3        256       7163   u_usart1.o
      3102        294          0          9          0      16183   usb_core.o
         0          0        187         26          0        996   usb_desc.o
         2          0          0          0          0        382   usb_endp.o
         0          0          0         20         28       3575   usb_init.o
       648         32          0          4          0       1640   usb_int.o
       460         38          0         68          0       1515   usb_istr.o
        96         10          0          0          0       1660   usb_mem.o
       598        110          0        156          0      11517   usb_prop.o
       456         48          0         12         32       3368   usb_pwr.o
       636         92          0          0          0       8007   usb_regs.o
        36          8          0          0          0        415   usb_sil.o

    ----------------------------------------------------------------------
     14950       2020        456        420       7732     437662   Object Totals
         0          0         32          0          0          0   (incl. Generated)
        18          0          1          6          0          0   (incl. Padding)

    ----------------------------------------------------------------------

      Code (inc. data)   RO Data    RW Data    ZI Data      Debug   Library Member Name

        90          0          0          0          0          0   __dczerorl2.o
         8          0          0          0          0         68   __main.o
         0          0          0          0          0          0   __rtentry.o
        12          0          0          0          0          0   __rtentry2.o
         6          0          0          0          0          0   __rtentry4.o
        52          8          0          0          0          0   __scatter.o
        28          0          0          0          0          0   __scatter_zi.o
        16          0          0          0          0         68   aeabi_memset.o
        18          0          0          0          0         80   exit.o
         6          0          0          0          0        152   heapauxi.o
         0          0          0          0          0          0   indicate_semi.o
         2          0          0          0          0          0   libinit.o
         2          0          0          0          0          0   libinit2.o
         2          0          0          0          0          0   libshutdown.o
         2          0          0          0          0          0   libshutdown2.o
         8          4          0          0         96         68   libspace.o
        68          0          0          0          0         68   rt_memclr.o
        78          0          0          0          0         80   rt_memclr_w.o
         2          0          0          0          0          0   rtexit.o
        10          0          0          0          0          0   rtexit2.o
        12          4          0          0          0         68   sys_exit.o
        74          0          0          0          0         80   sys_stackheap_outer.o
         2          0          0          0          0         68   use_no_semi.o

    ----------------------------------------------------------------------
       502         16          0          0         96        800   Library Totals
         4          0          0          0          0          0   (incl. Padding)

    ----------------------------------------------------------------------

      Code (inc. data)   RO Data    RW Data    ZI Data      Debug   Library Name

       498         16          0          0         96        800   c_w.l

    ----------------------------------------------------------------------
       502         16          0          0         96        800   Library Totals

    ----------------------------------------------------------------------

==============================================================================


      Code (inc. data)   RO Data    RW Data    ZI Data      Debug   

     15452       2036        456        420       7828     429826   Grand Totals
     15452       2036        456        148       7828     429826   ELF Image Totals (compressed)
     15452       2036        456        148          0          0   ROM Totals

==============================================================================

    Total RO  Size (Code + RO Data)                15908 (  15.54kB)
    Total RW  Size (RW Data + ZI Data)              8248 (   8.05kB)
    Total ROM Size (Code + RO Data + RW Data)      16056 (  15.68kB)

==============================================================================

