Component: ARM Compiler 5.06 update 5 (build 528) Tool: armlink [4d35e2]

==============================================================================

Section Cross References

    system_stm32f10x.o(i.SetSysClock) refers to system_stm32f10x.o(i.SetSysClockTo72) for SetSysClockTo72
    system_stm32f10x.o(i.SystemCoreClockUpdate) refers to system_stm32f10x.o(.data) for SystemCoreClock
    system_stm32f10x.o(i.SystemInit) refers to system_stm32f10x.o(i.SetSysClock) for SetSysClock
    stm32f10x_adc.o(i.ADC_DeInit) refers to stm32f10x_rcc.o(i.RCC_APB2PeriphResetCmd) for RCC_APB2PeriphResetCmd
    stm32f10x_bkp.o(i.BKP_DeInit) refers to stm32f10x_rcc.o(i.RCC_BackupResetCmd) for RCC_BackupResetCmd
    stm32f10x_can.o(i.CAN_DeInit) refers to stm32f10x_rcc.o(i.RCC_APB1PeriphResetCmd) for RCC_APB1PeriphResetCmd
    stm32f10x_can.o(i.CAN_GetITStatus) refers to stm32f10x_can.o(i.CheckITStatus) for CheckITStatus
    stm32f10x_cec.o(i.CEC_DeInit) refers to stm32f10x_rcc.o(i.RCC_APB1PeriphResetCmd) for RCC_APB1PeriphResetCmd
    stm32f10x_dac.o(i.DAC_DeInit) refers to stm32f10x_rcc.o(i.RCC_APB1PeriphResetCmd) for RCC_APB1PeriphResetCmd
    stm32f10x_flash.o(i.FLASH_EnableWriteProtection) refers to stm32f10x_flash.o(i.FLASH_WaitForLastOperation) for FLASH_WaitForLastOperation
    stm32f10x_flash.o(i.FLASH_EraseAllBank1Pages) refers to stm32f10x_flash.o(i.FLASH_WaitForLastBank1Operation) for FLASH_WaitForLastBank1Operation
    stm32f10x_flash.o(i.FLASH_EraseAllPages) refers to stm32f10x_flash.o(i.FLASH_WaitForLastOperation) for FLASH_WaitForLastOperation
    stm32f10x_flash.o(i.FLASH_EraseOptionBytes) refers to stm32f10x_flash.o(i.FLASH_GetReadOutProtectionStatus) for FLASH_GetReadOutProtectionStatus
    stm32f10x_flash.o(i.FLASH_EraseOptionBytes) refers to stm32f10x_flash.o(i.FLASH_WaitForLastOperation) for FLASH_WaitForLastOperation
    stm32f10x_flash.o(i.FLASH_ErasePage) refers to stm32f10x_flash.o(i.FLASH_WaitForLastOperation) for FLASH_WaitForLastOperation
    stm32f10x_flash.o(i.FLASH_ProgramHalfWord) refers to stm32f10x_flash.o(i.FLASH_WaitForLastOperation) for FLASH_WaitForLastOperation
    stm32f10x_flash.o(i.FLASH_ProgramOptionByteData) refers to stm32f10x_flash.o(i.FLASH_WaitForLastOperation) for FLASH_WaitForLastOperation
    stm32f10x_flash.o(i.FLASH_ProgramWord) refers to stm32f10x_flash.o(i.FLASH_WaitForLastOperation) for FLASH_WaitForLastOperation
    stm32f10x_flash.o(i.FLASH_ReadOutProtection) refers to stm32f10x_flash.o(i.FLASH_WaitForLastOperation) for FLASH_WaitForLastOperation
    stm32f10x_flash.o(i.FLASH_UserOptionByteConfig) refers to stm32f10x_flash.o(i.FLASH_WaitForLastOperation) for FLASH_WaitForLastOperation
    stm32f10x_flash.o(i.FLASH_WaitForLastBank1Operation) refers to stm32f10x_flash.o(i.FLASH_GetBank1Status) for FLASH_GetBank1Status
    stm32f10x_flash.o(i.FLASH_WaitForLastOperation) refers to stm32f10x_flash.o(i.FLASH_GetBank1Status) for FLASH_GetBank1Status
    stm32f10x_gpio.o(i.GPIO_AFIODeInit) refers to stm32f10x_rcc.o(i.RCC_APB2PeriphResetCmd) for RCC_APB2PeriphResetCmd
    stm32f10x_gpio.o(i.GPIO_DeInit) refers to stm32f10x_rcc.o(i.RCC_APB2PeriphResetCmd) for RCC_APB2PeriphResetCmd
    stm32f10x_i2c.o(i.I2C_DeInit) refers to stm32f10x_rcc.o(i.RCC_APB1PeriphResetCmd) for RCC_APB1PeriphResetCmd
    stm32f10x_i2c.o(i.I2C_Init) refers to stm32f10x_rcc.o(i.RCC_GetClocksFreq) for RCC_GetClocksFreq
    stm32f10x_pwr.o(i.PWR_DeInit) refers to stm32f10x_rcc.o(i.RCC_APB1PeriphResetCmd) for RCC_APB1PeriphResetCmd
    stm32f10x_rcc.o(i.RCC_GetClocksFreq) refers to stm32f10x_rcc.o(.data) for APBAHBPrescTable
    stm32f10x_rcc.o(i.RCC_WaitForHSEStartUp) refers to stm32f10x_rcc.o(i.RCC_GetFlagStatus) for RCC_GetFlagStatus
    stm32f10x_rtc.o(i.RTC_SetAlarm) refers to stm32f10x_rtc.o(i.RTC_EnterConfigMode) for RTC_EnterConfigMode
    stm32f10x_rtc.o(i.RTC_SetAlarm) refers to stm32f10x_rtc.o(i.RTC_ExitConfigMode) for RTC_ExitConfigMode
    stm32f10x_rtc.o(i.RTC_SetCounter) refers to stm32f10x_rtc.o(i.RTC_EnterConfigMode) for RTC_EnterConfigMode
    stm32f10x_rtc.o(i.RTC_SetCounter) refers to stm32f10x_rtc.o(i.RTC_ExitConfigMode) for RTC_ExitConfigMode
    stm32f10x_rtc.o(i.RTC_SetPrescaler) refers to stm32f10x_rtc.o(i.RTC_EnterConfigMode) for RTC_EnterConfigMode
    stm32f10x_rtc.o(i.RTC_SetPrescaler) refers to stm32f10x_rtc.o(i.RTC_ExitConfigMode) for RTC_ExitConfigMode
    stm32f10x_spi.o(i.I2S_Init) refers to stm32f10x_rcc.o(i.RCC_GetClocksFreq) for RCC_GetClocksFreq
    stm32f10x_spi.o(i.SPI_I2S_DeInit) refers to stm32f10x_rcc.o(i.RCC_APB2PeriphResetCmd) for RCC_APB2PeriphResetCmd
    stm32f10x_spi.o(i.SPI_I2S_DeInit) refers to stm32f10x_rcc.o(i.RCC_APB1PeriphResetCmd) for RCC_APB1PeriphResetCmd
    stm32f10x_tim.o(i.TIM_DeInit) refers to stm32f10x_rcc.o(i.RCC_APB2PeriphResetCmd) for RCC_APB2PeriphResetCmd
    stm32f10x_tim.o(i.TIM_DeInit) refers to stm32f10x_rcc.o(i.RCC_APB1PeriphResetCmd) for RCC_APB1PeriphResetCmd
[...]
    Removing usb_regs.o(i.GetDADDR), (12 bytes).
    Removing usb_regs.o(i.GetENDPOINT), (20 bytes).
    Removing usb_regs.o(i.GetEPAddress), (24 bytes).
    Removing usb_regs.o(i.GetEPDblBuf0Addr), (32 bytes).
    Removing usb_regs.o(i.GetEPDblBuf0Count), (36 bytes).
    Removing usb_regs.o(i.GetEPDblBuf1Addr), (32 bytes).
    Removing usb_regs.o(i.GetEPDblBuf1Count), (36 bytes).
    Removing usb_regs.o(i.GetEPDblBufDir), (72 bytes).
    Removing usb_regs.o(i.GetEPRxCount), (36 bytes).
    Removing usb_regs.o(i.GetEPRxStatus), (24 bytes).
    Removing usb_regs.o(i.GetEPTxCount), (36 bytes).
    Removing usb_regs.o(i.GetEPTxStatus), (24 bytes).
    Removing usb_regs.o(i.GetEPType), (24 bytes).
    Removing usb_regs.o(i.GetFNR), (12 bytes).
    Removing usb_regs.o(i.GetISTR), (12 bytes).
    Removing usb_regs.o(i.GetRxStallStatus), (36 bytes).
    Removing usb_regs.o(i.GetTxStallStatus), (32 bytes).
    Removing usb_regs.o(i.SetCNTR), (12 bytes).
    Removing usb_regs.o(i.SetDADDR), (12 bytes).
    Removing usb_regs.o(i.SetDouBleBuffEPStall), (60 bytes).
    Removing usb_regs.o(i.SetENDPOINT), (16 bytes).
    Removing usb_regs.o(i.SetEPAddress), (44 bytes).
    Removing usb_regs.o(i.SetEPCountRxReg), (48 bytes).
    Removing usb_regs.o(i.SetEPDblBuf0Addr), (32 bytes).
    Removing usb_regs.o(i.SetEPDblBuf0Count), (104 bytes).
    Removing usb_regs.o(i.SetEPDblBuf1Addr), (36 bytes).
    Removing usb_regs.o(i.SetEPDblBuf1Count), (104 bytes).
    Removing usb_regs.o(i.SetEPDblBuffAddr), (52 bytes).
    Removing usb_regs.o(i.SetEPDblBuffCount), (196 bytes).
    Removing usb_regs.o(i.SetEPDoubleBuff), (44 bytes).
    Removing usb_regs.o(i.SetEP_KIND), (44 bytes).
    Removing usb_regs.o(i.Set_Status_Out), (44 bytes).
    Removing usb_regs.o(i.ToWord), (8 bytes).
    Removing usb_regs.o(i.ToggleDTOG_RX), (40 bytes).
    Removing usb_regs.o(i.ToggleDTOG_TX), (40 bytes).
    Removing usb_sil.o(i.USB_SIL_Read), (46 bytes).
    Removing hw_config.o(i.Delay), (18 bytes).
    Removing hw_config.o(i.JoyState), (4 bytes).
    Removing hw_config.o(i.Joy_Emul), (200 bytes).
    Removing hw_config.o(i.Leave_LowPowerMode), (32 bytes).
    Removing hw_config.o(i.Set_System), (60 bytes).
    Removing hw_config.o(i.Set_USBClock), (18 bytes).
    Removing hw_config.o(i.USB_Interrupts_Config), (42 bytes).
    Removing hw_config.o(.data), (14 bytes).
    Removing usb_pwr.o(i.PowerOff), (32 bytes).

668 unused section(s) (total 41588 bytes) removed from the image.

==============================================================================

Image Symbol Table

    Local Symbols

    Symbol Name                              Value     Ov Type        Size  Object(Section)

    ../clib/angel/boardlib.s                 0x00000000   Number         0  boardinit1.o ABSOLUTE
    ../clib/angel/boardlib.s                 0x00000000   Number         0  boardinit2.o ABSOLUTE
    ../clib/angel/boardlib.s                 0x00000000   Number         0  boardshut.o ABSOLUTE
    ../clib/angel/boardlib.s                 0x00000000   Number         0  boardinit3.o ABSOLUTE
    ../clib/angel/dczerorl2.s                0x00000000   Number         0  __dczerorl2.o ABSOLUTE
    ../clib/angel/handlers.s                 0x00000000   Number         0  __scatter_zi.o ABSOLUTE
    ../clib/angel/kernel.s                   0x00000000   Number         0  __rtentry.o ABSOLUTE
    ../clib/angel/kernel.s                   0x00000000   Number         0  __rtentry2.o ABSOLUTE
    ../clib/angel/kernel.s                   0x00000000   Number         0  __rtentry4.o ABSOLUTE
    ../clib/angel/kernel.s                   0x00000000   Number         0  rtexit.o ABSOLUTE
    ../clib/angel/kernel.s                   0x00000000   Number         0  rtexit2.o ABSOLUTE
    ../clib/angel/rt.s                       0x00000000   Number         0  rt_raise.o ABSOLUTE
    ../clib/angel/scatter.s                  0x00000000   Number         0  __scatter.o ABSOLUTE
    ../clib/angel/startup.s                  0x00000000   Number         0  __main.o ABSOLUTE
    ../clib/angel/sys.s                      0x00000000   Number         0  use_no_semi.o ABSOLUTE
    ../clib/angel/sys.s                      0x00000000   Number         0  indicate_semi.o ABSOLUTE
    ../clib/angel/sys.s                      0x00000000   Number         0  libspace.o ABSOLUTE
    ../clib/angel/sys.s                      0x00000000   Number         0  sys_stackheap_outer.o ABSOLUTE
    ../clib/angel/sysapp.c                   0x00000000   Number         0  sys_exit.o ABSOLUTE
    ../clib/angel/sysapp.c                   0x00000000   Number         0  sys_wrch.o ABSOLUTE
    ../clib/angel/sysapp.c                   0x00000000   Number         0  sys_command.o ABSOLUTE
    ../clib/armsys.c                         0x00000000   Number         0  no_argv.o ABSOLUTE
    ../clib/armsys.c                         0x00000000   Number         0  argv_veneer.o ABSOLUTE
    ../clib/armsys.c                         0x00000000   Number         0  argv_veneer.o ABSOLUTE
    ../clib/armsys.c                         0x00000000   Number         0  _get_argv_nomalloc.o ABSOLUTE
    ../clib/heapalloc.c                      0x00000000   Number         0  hrguard.o ABSOLUTE
    ../clib/heapaux.c                        0x00000000   Number         0  heapauxi.o ABSOLUTE
    ../clib/libinit.s                        0x00000000   Number         0  libshutdown.o ABSOLUTE
    ../clib/libinit.s                        0x00000000   Number         0  libinit.o ABSOLUTE
    ../clib/libinit.s                        0x00000000   Number         0  libinit2.o ABSOLUTE
    ../clib/libinit.s                        0x00000000   Number         0  libshutdown2.o ABSOLUTE
    ../clib/memcpset.s                       0x00000000   Number         0  rt_memclr_w.o ABSOLUTE
    ../clib/memcpset.s                       0x00000000   Number         0  rt_memclr.o ABSOLUTE
    ../clib/memcpset.s                       0x00000000   Number         0  rt_memcpy_w.o ABSOLUTE
    ../clib/memcpset.s                       0x00000000   Number         0  aeabi_memset.o ABSOLUTE
    ../clib/memcpset.s                       0x00000000   Number         0  rt_memcpy_v6.o ABSOLUTE
    ../clib/printf.c                         0x00000000   Number         0  _sputc.o ABSOLUTE
    ../clib/printf.c                         0x00000000   Number         0  _printf_char_common.o ABSOLUTE
    ../clib/printf.c                         0x00000000   Number         0  _printf_intcommon.o ABSOLUTE
    ../clib/printf.c                         0x00000000   Number         0  __printf_flags_ss_wp.o ABSOLUTE
    ../clib/printf.c                         0x00000000   Number         0  __printf_ss_wp.o ABSOLUTE
    ../clib/printf.c                         0x00000000   Number         0  __printf_flags_wp.o ABSOLUTE
    ../clib/printf.c                         0x00000000   Number         0  __printf_wp.o ABSOLUTE
    ../clib/printf.c                         0x00000000   Number         0  __printf_flags_ss.o ABSOLUTE
    ../clib/printf.c                         0x00000000   Number         0  __printf_ss.o ABSOLUTE
    ../clib/printf.c                         0x00000000   Number         0  __printf_flags.o ABSOLUTE
    ../clib/printf.c                         0x00000000   Number         0  _printf_dec.o ABSOLUTE
    ../clib/printf.c                         0x00000000   Number         0  _printf_str.o ABSOLUTE
    ../clib/printf.c                         0x00000000   Number         0  __printf.o ABSOLUTE
    ../clib/printf.c                         0x00000000   Number         0  noretval__2sprintf.o ABSOLUTE
    ../clib/printf.c                         0x00000000   Number         0  __2sprintf.o ABSOLUTE
    ../clib/printf.c                         0x00000000   Number         0  __printf_nopercent.o ABSOLUTE
    ../clib/printf.c                         0x00000000   Number         0  _printf_char.o ABSOLUTE
    ../clib/printf_percent.s                 0x00000000   Number         0  _printf_percent_end.o ABSOLUTE
    ../clib/printf_percent.s                 0x00000000   Number         0  _printf_u.o ABSOLUTE
    ../clib/printf_percent.s                 0x00000000   Number         0  _printf_c.o ABSOLUTE
    ../clib/printf_percent.s                 0x00000000   Number         0  _printf_percent.o ABSOLUTE
    ../clib/signal.c                         0x00000000   Number         0  defsig_fpe_inner.o ABSOLUTE
    ../clib/signal.c                         0x00000000   Number         0  defsig_segv_inner.o ABSOLUTE
    ../clib/signal.c                         0x00000000   Number         0  defsig_pvfn_inner.o ABSOLUTE
    ../clib/signal.c                         0x00000000   Number         0  defsig_stak_inner.o ABSOLUTE
    ../clib/signal.c                         0x00000000   Number         0  defsig_rtred_inner.o ABSOLUTE
    ../clib/signal.c                         0x00000000   Number         0  defsig_cppl_inner.o ABSOLUTE
    ../clib/signal.c                         0x00000000   Number         0  defsig_other.o ABSOLUTE
    ../clib/signal.c                         0x00000000   Number         0  defsig_rtmem_formal.o ABSOLUTE
    ../clib/signal.c                         0x00000000   Number         0  defsig_rtmem_outer.o ABSOLUTE
    ../clib/signal.c                         0x00000000   Number         0  defsig_abrt_inner.o ABSOLUTE
    ../clib/signal.c                         0x00000000   Number         0  defsig_general.o ABSOLUTE
    ../clib/signal.c                         0x00000000   Number         0  __raise.o ABSOLUTE
    ../clib/signal.c                         0x00000000   Number         0  defsig_exit.o ABSOLUTE
    ../clib/signal.c                         0x00000000   Number         0  defsig_rtmem_inner.o ABSOLUTE
    ../clib/signal.s                         0x00000000   Number         0  defsig.o ABSOLUTE
    ../clib/stdlib.c                         0x00000000   Number         0  exit.o ABSOLUTE
    ../clib/string.c                         0x00000000   Number         0  strlen.o ABSOLUTE
    ../clib/string.c                         0x00000000   Number         0  strcpy.o ABSOLUTE
    ../fplib/fpinit.s                        0x00000000   Number         0  fpinit.o ABSOLUTE
    ..\\os_src\\port.c                       0x00000000   Number         0  port.o ABSOLUTE
    ..\\st_core\\core_cm3.c                  0x00000000   Number         0  core_cm3.o ABSOLUTE
    ..\library\U_USART1.c                    0x00000000   Number         0  u_usart1.o ABSOLUTE
    ..\main\BaseFunc.c                       0x00000000   Number         0  basefunc.o ABSOLUTE
    ..\main\Func.c                           0x00000000   Number         0  func.o ABSOLUTE
    ..\main\Shadow.c                         0x00000000   Number         0  shadow.o ABSOLUTE
    ..\main\main.c                           0x00000000   Number         0  main.o ABSOLUTE
    ..\os_src\croutine.c                     0x00000000   Number         0  croutine.o ABSOLUTE
    ..\os_src\event_groups.c                 0x00000000   Number         0  event_groups.o ABSOLUTE
    ..\os_src\heap_4.c                       0x00000000   Number         0  heap_4.o ABSOLUTE
    ..\os_src\list.c                         0x00000000   Number         0  list.o ABSOLUTE
    ..\os_src\port.c                         0x00000000   Number         0  port.o ABSOLUTE
    ..\os_src\queue.c                        0x00000000   Number         0  queue.o ABSOLUTE
    ..\os_src\stream_buffer.c                0x00000000   Number         0  stream_buffer.o ABSOLUTE
    ..\os_src\tasks.c                        0x00000000   Number         0  tasks.o ABSOLUTE
    ..\os_src\timers.c                       0x00000000   Number         0  timers.o ABSOLUTE
    ..\st_core\core_cm3.c                    0x00000000   Number         0  core_cm3.o ABSOLUTE
    ..\st_core\startup_stm32f10x_md.s        0x00000000   Number         0  startup_stm32f10x_md.o ABSOLUTE
    ..\st_core\stm32f10x_it.c                0x00000000   Number         0  stm32f10x_it.o ABSOLUTE
    ..\st_core\system_stm32f10x.c            0x00000000   Number         0  system_stm32f10x.o ABSOLUTE
    ..\st_lib\misc.c                         0x00000000   Number         0  misc.o ABSOLUTE
    ..\st_lib\stm32f10x_adc.c                0x00000000   Number         0  stm32f10x_adc.o ABSOLUTE
    ..\st_lib\stm32f10x_bkp.c                0x00000000   Number         0  stm32f10x_bkp.o ABSOLUTE
    ..\st_lib\stm32f10x_can.c                0x00000000   Number         0  stm32f10x_can.o ABSOLUTE
    ..\st_lib\stm32f10x_cec.c                0x00000000   Number         0  stm32f10x_cec.o ABSOLUTE
    ..\st_lib\stm32f10x_crc.c                0x00000000   Number         0  stm32f10x_crc.o ABSOLUTE
    ..\st_lib\stm32f10x_dac.c                0x00000000   Number         0  stm32f10x_dac.o ABSOLUTE
    ..\st_lib\stm32f10x_dbgmcu.c             0x00000000   Number         0  stm32f10x_dbgmcu.o ABSOLUTE
    ..\st_lib\stm32f10x_dma.c                0x00000000   Number         0  stm32f10x_dma.o ABSOLUTE
    ..\st_lib\stm32f10x_exti.c               0x00000000   Number         0  stm32f10x_exti.o ABSOLUTE
    ..\st_lib\stm32f10x_flash.c              0x00000000   Number         0  stm32f10x_flash.o ABSOLUTE
    ..\st_lib\stm32f10x_fsmc.c               0x00000000   Number         0  stm32f10x_fsmc.o ABSOLUTE
    ..\st_lib\stm32f10x_gpio.c               0x00000000   Number         0  stm32f10x_gpio.o ABSOLUTE
    ..\st_lib\stm32f10x_i2c.c                0x00000000   Number         0  stm32f10x_i2c.o ABSOLUTE
    ..\st_lib\stm32f10x_iwdg.c               0x00000000   Number         0  stm32f10x_iwdg.o ABSOLUTE
    ..\st_lib\stm32f10x_pwr.c                0x00000000   Number         0  stm32f10x_pwr.o ABSOLUTE
    ..\st_lib\stm32f10x_rcc.c                0x00000000   Number         0  stm32f10x_rcc.o ABSOLUTE
    ..\st_lib\stm32f10x_rtc.c                0x00000000   Number         0  stm32f10x_rtc.o ABSOLUTE
    ..\st_lib\stm32f10x_sdio.c               0x00000000   Number         0  stm32f10x_sdio.o ABSOLUTE
    ..\st_lib\stm32f10x_spi.c                0x00000000   Number         0  stm32f10x_spi.o ABSOLUTE
    ..\st_lib\stm32f10x_tim.c                0x00000000   Number         0  stm32f10x_tim.o ABSOLUTE
    ..\st_lib\stm32f10x_usart.c              0x00000000   Number         0  stm32f10x_usart.o ABSOLUTE
    ..\st_lib\stm32f10x_wwdg.c               0x00000000   Number         0  stm32f10x_wwdg.o ABSOLUTE
    ..\usb\hw_config.c                       0x00000000   Number         0  hw_config.o ABSOLUTE
    ..\usb\usb_core.c                        0x00000000   Number         0  usb_core.o ABSOLUTE
    ..\usb\usb_desc.c                        0x00000000   Number         0  usb_desc.o ABSOLUTE
    ..\usb\usb_endp.c                        0x00000000   Number         0  usb_endp.o ABSOLUTE
    ..\usb\usb_init.c                        0x00000000   Number         0  usb_init.o ABSOLUTE
    ..\usb\usb_int.c                         0x00000000   Number         0  usb_int.o ABSOLUTE
    ..\usb\usb_istr.c                        0x00000000   Number         0  usb_istr.o ABSOLUTE
    ..\usb\usb_mem.c                         0x00000000   Number         0  usb_mem.o ABSOLUTE
    ..\usb\usb_prop.c                        0x00000000   Number         0  usb_prop.o ABSOLUTE
    ..\usb\usb_pwr.c                         0x00000000   Number         0  usb_pwr.o ABSOLUTE
    ..\usb\usb_regs.c                        0x00000000   Number         0  usb_regs.o ABSOLUTE
    ..\usb\usb_sil.c                         0x00000000   Number         0  usb_sil.o ABSOLUTE
    dc.s                                     0x00000000   Number         0  dc.o ABSOLUTE
    RESET                                    0x08000000   Section      236  startup_stm32f10x_md.o(RESET)
    !!!main                                  0x080000ec   Section        8  __main.o(!!!main)
    !!!scatter                               0x080000f4   Section       52  __scatter.o(!!!scatter)
    !!dczerorl2                              0x08000128   Section       90  __dczerorl2.o(!!dczerorl2)
    !!handler_zi                             0x08000184   Section       28  __scatter_zi.o(!!handler_zi)
    .ARM.Collect$$libinit$$00000000          0x080001a0   Section        2  libinit.o(.ARM.Collect$$libinit$$00000000)
    .ARM.Collect$$libinit$$00000002          0x080001a2   Section        0  libinit2.o(.ARM.Collect$$libinit$$00000002)
    .ARM.Collect$$libinit$$00000004          0x080001a2   Section        0  libinit2.o(.ARM.Collect$$libinit$$00000004)
    .ARM.Collect$$libinit$$0000000A          0x080001a2   Section        0  libinit2.o(.ARM.Collect$$libinit$$0000000A)
    .ARM.Collect$$libinit$$0000000C          0x080001a2   Section        0  libinit2.o(.ARM.Collect$$libinit$$0000000C)
    .ARM.Collect$$libinit$$0000000E          0x080001a2   Section        0  libinit2.o(.ARM.Collect$$libinit$$0000000E)
    .ARM.Collect$$libinit$$00000011          0x080001a2   Section        0  libinit2.o(.ARM.Collect$$libinit$$00000011)
    .ARM.Collect$$libinit$$00000013          0x080001a2   Section        0  libinit2.o(.ARM.Collect$$libinit$$00000013)
    .ARM.Collect$$libinit$$00000015          0x080001a2   Section        0  libinit2.o(.ARM.Collect$$libinit$$00000015)
    .ARM.Collect$$libinit$$00000017          0x080001a2   Section        0  libinit2.o(.ARM.Collect$$libinit$$00000017)
    .ARM.Collect$$libinit$$00000019          0x080001a2   Section        0  libinit2.o(.ARM.Collect$$libinit$$00000019)
    .ARM.Collect$$libinit$$0000001B          0x080001a2   Section        0  libinit2.o(.ARM.Collect$$libinit$$0000001B)
    .ARM.Collect$$libinit$$0000001D          0x080001a2   Section        0  libinit2.o(.ARM.Collect$$libinit$$0000001D)
    .ARM.Collect$$libinit$$0000001F          0x080001a2   Section        0  libinit2.o(.ARM.Collect$$libinit$$0000001F)
    .ARM.Collect$$libinit$$00000021          0x080001a2   Section        0  libinit2.o(.ARM.Collect$$libinit$$00000021)
    .ARM.Collect$$libinit$$00000023          0x080001a2   Section        0  libinit2.o(.ARM.Collect$$libinit$$00000023)
    .ARM.Collect$$libinit$$00000025          0x080001a2   Section        0  libinit2.o(.ARM.Collect$$libinit$$00000025)
    .ARM.Collect$$libinit$$0000002C          0x080001a2   Section        0  libinit2.o(.ARM.Collect$$libinit$$0000002C)
    .ARM.Collect$$libinit$$0000002E          0x080001a2   Section        0  libinit2.o(.ARM.Collect$$libinit$$0000002E)
    .ARM.Collect$$libinit$$00000030          0x080001a2   Section        0  libinit2.o(.ARM.Collect$$libinit$$00000030)
    .ARM.Collect$$libinit$$00000032          0x080001a2   Section        0  libinit2.o(.ARM.Collect$$libinit$$00000032)
    .ARM.Collect$$libinit$$00000033          0x080001a2   Section        2  libinit2.o(.ARM.Collect$$libinit$$00000033)
    .ARM.Collect$$libshutdown$$00000000      0x080001a4   Section        2  libshutdown.o(.ARM.Collect$$libshutdown$$00000000)
    .ARM.Collect$$libshutdown$$00000002      0x080001a6   Section        0  libshutdown2.o(.ARM.Collect$$libshutdown$$00000002)
    .ARM.Collect$$libshutdown$$00000004      0x080001a6   Section        0  libshutdown2.o(.ARM.Collect$$libshutdown$$00000004)
    .ARM.Collect$$libshutdown$$00000007      0x080001a6   Section        0  libshutdown2.o(.ARM.Collect$$libshutdown$$00000007)
    .ARM.Collect$$libshutdown$$0000000A      0x080001a6   Section        0  libshutdown2.o(.ARM.Collect$$libshutdown$$0000000A)
    .ARM.Collect$$libshutdown$$0000000C      0x080001a6   Section        0  libshutdown2.o(.ARM.Collect$$libshutdown$$0000000C)
    .ARM.Collect$$libshutdown$$0000000F      0x080001a6   Section        0  libshutdown2.o(.ARM.Collect$$libshutdown$$0000000F)
    .ARM.Collect$$libshutdown$$00000010      0x080001a6   Section        2  libshutdown2.o(.ARM.Collect$$libshutdown$$00000010)
    .ARM.Collect$$rtentry$$00000000          0x080001a8   Section        0  __rtentry.o(.ARM.Collect$$rtentry$$00000000)
    .ARM.Collect$$rtentry$$00000002          0x080001a8   Section        0  __rtentry2.o(.ARM.Collect$$rtentry$$00000002)
    .ARM.Collect$$rtentry$$00000004          0x080001a8   Section        6  __rtentry4.o(.ARM.Collect$$rtentry$$00000004)
    .ARM.Collect$$rtentry$$00000009          0x080001ae   Section        0  __rtentry2.o(.ARM.Collect$$rtentry$$00000009)
    .ARM.Collect$$rtentry$$0000000A          0x080001ae   Section        4  __rtentry2.o(.ARM.Collect$$rtentry$$0000000A)
    .ARM.Collect$$rtentry$$0000000C          0x080001b2   Section        0  __rtentry2.o(.ARM.Collect$$rtentry$$0000000C)
    .ARM.Collect$$rtentry$$0000000D          0x080001b2   Section        8  __rtentry2.o(.ARM.Collect$$rtentry$$0000000D)
    .ARM.Collect$$rtexit$$00000000           0x080001ba   Section        2  rtexit.o(.ARM.Collect$$rtexit$$00000000)
    .ARM.Collect$$rtexit$$00000002           0x080001bc   Section        0  rtexit2.o(.ARM.Collect$$rtexit$$00000002)
    .ARM.Collect$$rtexit$$00000003           0x080001bc   Section        4  rtexit2.o(.ARM.Collect$$rtexit$$00000003)
    .ARM.Collect$$rtexit$$00000004           0x080001c0   Section        6  rtexit2.o(.ARM.Collect$$rtexit$$00000004)
    .emb_text                                0x080001c8   Section      150  port.o(.emb_text)
    .text                                    0x08000260   Section       64  startup_stm32f10x_md.o(.text)
    .text                                    0x080002a0   Section        0  heapauxi.o(.text)
    .text                                    0x080002a6   Section       74  sys_stackheap_outer.o(.text)
    .text                                    0x080002f0   Section        0  exit.o(.text)
    .text                                    0x08000304   Section        8  libspace.o(.text)
    .text                                    0x0800030c   Section        0  sys_exit.o(.text)
    .text                                    0x08000318   Section        2  use_no_semi.o(.text)
    .text                                    0x0800031a   Section        0  indicate_semi.o(.text)
    i.BusFault_Handler                       0x0800031a   Section        0  stm32f10x_it.o(i.BusFault_Handler)
    i.ByteSwap                               0x0800031e   Section        0  usb_regs.o(i.ByteSwap)
    i.CTR_LP                                 0x0800032c   Section        0  usb_int.o(i.CTR_LP)
    i.ClearDTOG_RX                           0x080005b4   Section        0  usb_regs.o(i.ClearDTOG_RX)
    i.ClearDTOG_TX                           0x080005e8   Section        0  usb_regs.o(i.ClearDTOG_TX)
    i.Clear_Status_Out                       0x0800061c   Section        0  usb_regs.o(i.Clear_Status_Out)
    i.DMA_Cmd                                0x08000644   Section        0  stm32f10x_dma.o(i.DMA_Cmd)
    i.DMA_GetCurrDataCounter                 0x0800065c   Section        0  stm32f10x_dma.o(i.DMA_GetCurrDataCounter)
    i.DMA_Init                               0x08000664   Section        0  stm32f10x_dma.o(i.DMA_Init)
    i.DMA_SetCurrDataCounter                 0x080006a0   Section        0  stm32f10x_dma.o(i.DMA_SetCurrDataCounter)
    i.DataStageIn                            0x080006a4   Section        0  usb_core.o(i.DataStageIn)
    DataStageIn                              0x080006a5   Thumb Code   166  usb_core.o(i.DataStageIn)
    i.DataStageOut                           0x08000764   Section        0  usb_core.o(i.DataStageOut)
    DataStageOut                             0x08000765   Thumb Code   198  usb_core.o(i.DataStageOut)
    i.Data_Setup0                            0x08000844   Section        0  usb_core.o(i.Data_Setup0)
    Data_Setup0                              0x08000845   Thumb Code   628  usb_core.o(i.Data_Setup0)
    i.DebugMon_Handler                       0x08000adc   Section        0  stm32f10x_it.o(i.DebugMon_Handler)
    i.EP1_IN_Callback                        0x08000ade   Section        0  usb_endp.o(i.EP1_IN_Callback)
    i.GPIO_Init                              0x08000ae0   Section        0  stm32f10x_gpio.o(i.GPIO_Init)
    i.GPIO_ReadInputDataBit                  0x08000bf6   Section        0  stm32f10x_gpio.o(i.GPIO_ReadInputDataBit)
    i.GPIO_ResetBits                         0x08000c08   Section        0  stm32f10x_gpio.o(i.GPIO_ResetBits)
    i.GPIO_SetBits                           0x08000c0c   Section        0  stm32f10x_gpio.o(i.GPIO_SetBits)
    i.GPIO_WriteBit                          0x08000c10   Section        0  stm32f10x_gpio.o(i.GPIO_WriteBit)
    i.GetEPRxAddr                            0x08000c1c   Section        0  usb_regs.o(i.GetEPRxAddr)
    i.GetEPTxAddr                            0x08000c3c   Section        0  usb_regs.o(i.GetEPTxAddr)
    i.Get_SerialNum                          0x08000c5c   Section        0  hw_config.o(i.Get_SerialNum)
    i.HardFault_Handler                      0x08000c90   Section        0  stm32f10x_it.o(i.HardFault_Handler)
    i.In0_Process                            0x08000c94   Section        0  usb_core.o(i.In0_Process)
    i.IntToUnicode                           0x08000d04   Section        0  hw_config.o(i.IntToUnicode)
    IntToUnicode                             0x08000d05   Thumb Code    62  hw_config.o(i.IntToUnicode)
    i.Joystick_Data_Setup                    0x08000d44   Section        0  usb_prop.o(i.Joystick_Data_Setup)
    i.Joystick_GetConfigDescriptor           0x08000dc0   Section        0  usb_prop.o(i.Joystick_GetConfigDescriptor)
    i.Joystick_GetDeviceDescriptor           0x08000dd4   Section        0  usb_prop.o(i.Joystick_GetDeviceDescriptor)
    i.Joystick_GetHIDDescriptor              0x08000de8   Section        0  usb_prop.o(i.Joystick_GetHIDDescriptor)
    i.Joystick_GetProtocolValue              0x08000dfc   Section        0  usb_prop.o(i.Joystick_GetProtocolValue)
    i.Joystick_GetReportDescriptor           0x08000e18   Section        0  usb_prop.o(i.Joystick_GetReportDescriptor)
    i.Joystick_GetStringDescriptor           0x08000e2c   Section        0  usb_prop.o(i.Joystick_GetStringDescriptor)
    i.Joystick_Get_Interface_Setting         0x08000e54   Section        0  usb_prop.o(i.Joystick_Get_Interface_Setting)
    i.Joystick_NoData_Setup                  0x08000e6c   Section        0  usb_prop.o(i.Joystick_NoData_Setup)
    i.Joystick_Reset                         0x08000e90   Section        0  usb_prop.o(i.Joystick_Reset)
    i.Joystick_Send                          0x08000f34   Section        0  hw_config.o(i.Joystick_Send)
    i.Joystick_SetConfiguration              0x08000fa0   Section        0  usb_prop.o(i.Joystick_SetConfiguration)
    i.Joystick_SetDeviceAddress              0x08000fb8   Section        0  usb_prop.o(i.Joystick_SetDeviceAddress)
    i.Joystick_SetProtocol                   0x08000fc4   Section        0  usb_prop.o(i.Joystick_SetProtocol)
    i.Joystick_Status_In                     0x08000fdc   Section        0  usb_prop.o(i.Joystick_Status_In)
    i.Joystick_Status_Out                    0x08000fde   Section        0  usb_prop.o(i.Joystick_Status_Out)
    i.Joystick_init                          0x08000fe0   Section        0  usb_prop.o(i.Joystick_init)
    i.MemManage_Handler                      0x08001008   Section        0  stm32f10x_it.o(i.MemManage_Handler)
    i.NMI_Handler                            0x0800100c   Section        0  stm32f10x_it.o(i.NMI_Handler)
    i.NOP_Process                            0x0800100e   Section        0  usb_core.o(i.NOP_Process)
    i.NVIC_Init                              0x08001010   Section        0  misc.o(i.NVIC_Init)
    i.NoData_Setup0                          0x08001080   Section        0  usb_core.o(i.NoData_Setup0)
    NoData_Setup0                            0x08001081   Thumb Code   296  usb_core.o(i.NoData_Setup0)
    i.Out0_Process                           0x080011c0   Section        0  usb_core.o(i.Out0_Process)
    i.PMAToUserBufferCopy                    0x08001210   Section        0  usb_mem.o(i.PMAToUserBufferCopy)
    i.Post0_Process                          0x08001238   Section        0  usb_core.o(i.Post0_Process)
    i.PowerOn                                0x08001280   Section        0  usb_pwr.o(i.PowerOn)
    i.RCC_AHBPeriphClockCmd                  0x080012d0   Section        0  stm32f10x_rcc.o(i.RCC_AHBPeriphClockCmd)
    i.RCC_APB1PeriphClockCmd                 0x080012f0   Section        0  stm32f10x_rcc.o(i.RCC_APB1PeriphClockCmd)
    i.RCC_APB2PeriphClockCmd                 0x08001310   Section        0  stm32f10x_rcc.o(i.RCC_APB2PeriphClockCmd)
    i.RCC_GetClocksFreq                      0x08001330   Section        0  stm32f10x_rcc.o(i.RCC_GetClocksFreq)
    i.RCC_USBCLKConfig                       0x08001404   Section        0  stm32f10x_rcc.o(i.RCC_USBCLKConfig)
    i.Resume                                 0x08001410   Section        0  usb_pwr.o(i.Resume)
    i.Resume_Init                            0x080014e0   Section        0  usb_pwr.o(i.Resume_Init)
    i.SetBTABLE                              0x080014fc   Section        0  usb_regs.o(i.SetBTABLE)
    i.SetDeviceAddress                       0x0800150c   Section        0  usb_core.o(i.SetDeviceAddress)
    i.SetEPRxAddr                            0x0800155c   Section        0  usb_regs.o(i.SetEPRxAddr)
    i.SetEPRxCount                           0x08001580   Section        0  usb_regs.o(i.SetEPRxCount)
    i.SetEPRxStatus                          0x080015cc   Section        0  usb_regs.o(i.SetEPRxStatus)
    i.SetEPRxValid                           0x0800160c   Section        0  usb_regs.o(i.SetEPRxValid)
    i.SetEPTxAddr                            0x08001640   Section        0  usb_regs.o(i.SetEPTxAddr)
    i.SetEPTxCount                           0x08001660   Section        0  usb_regs.o(i.SetEPTxCount)
    i.SetEPTxStatus                          0x0800167c   Section        0  usb_regs.o(i.SetEPTxStatus)
    i.SetEPTxValid                           0x080016bc   Section        0  usb_regs.o(i.SetEPTxValid)
    i.SetEPType                              0x080016f0   Section        0  usb_regs.o(i.SetEPType)
    i.SetISTR                                0x08001714   Section        0  usb_regs.o(i.SetISTR)
    i.SetSysClock                            0x08001720   Section        0  system_stm32f10x.o(i.SetSysClock)
    SetSysClock                              0x08001721   Thumb Code     8  system_stm32f10x.o(i.SetSysClock)
    i.SetSysClockTo72                        0x08001728   Section        0  system_stm32f10x.o(i.SetSysClockTo72)
    SetSysClockTo72                          0x08001729   Thumb Code   214  system_stm32f10x.o(i.SetSysClockTo72)
    i.Setup0_Process                         0x08001808   Section        0  usb_core.o(i.Setup0_Process)
    i.Standard_ClearFeature                  0x080018c0   Section        0  usb_core.o(i.Standard_ClearFeature)
    i.Standard_GetConfiguration              0x08001a2c   Section        0  usb_core.o(i.Standard_GetConfiguration)
    i.Standard_GetDescriptorData             0x08001a58   Section        0  usb_core.o(i.Standard_GetDescriptorData)
    i.Standard_GetInterface                  0x08001a7c   Section        0  usb_core.o(i.Standard_GetInterface)
    i.Standard_GetStatus                     0x08001aa8   Section        0  usb_core.o(i.Standard_GetStatus)
    i.Standard_SetConfiguration              0x08001ba8   Section        0  usb_core.o(i.Standard_SetConfiguration)
    i.Standard_SetDeviceFeature              0x08001bf0   Section        0  usb_core.o(i.Standard_SetDeviceFeature)
    i.Standard_SetEndPointFeature            0x08001c18   Section        0  usb_core.o(i.Standard_SetEndPointFeature)
    i.Standard_SetInterface                  0x08001ce8   Section        0  usb_core.o(i.Standard_SetInterface)
    i.Suspend                                0x08001d54   Section        0  usb_pwr.o(i.Suspend)
    i.SysTick_Handler                        0x08001de8   Section        0  port.o(i.SysTick_Handler)
    i.SystemInit                             0x08001e1c   Section        0  system_stm32f10x.o(i.SystemInit)
    i.USART1_IRQHandler                      0x08001e7c   Section        0  u_usart1.o(i.USART1_IRQHandler)
    i.USART_Cmd                              0x08001ee8   Section        0  stm32f10x_usart.o(i.USART_Cmd)
    i.USART_DMACmd                           0x08001f00   Section        0  stm32f10x_usart.o(i.USART_DMACmd)
    i.USART_GetITStatus                      0x08001f12   Section        0  stm32f10x_usart.o(i.USART_GetITStatus)
    i.USART_ITConfig                         0x08001f66   Section        0  stm32f10x_usart.o(i.USART_ITConfig)
    i.USART_Init                             0x08001fb0   Section        0  stm32f10x_usart.o(i.USART_Init)
    i.USB_Cable_Config                       0x08002088   Section        0  hw_config.o(i.USB_Cable_Config)
    i.USB_Init                               0x080020ac   Section        0  usb_init.o(i.USB_Init)
    i.USB_Istr                               0x080020e8   Section        0  usb_istr.o(i.USB_Istr)
    i.USB_LP_CAN1_RX0_IRQHandler             0x080022b4   Section        0  main.o(i.USB_LP_CAN1_RX0_IRQHandler)
    i.USB_SIL_Init                           0x080022bc   Section        0  usb_sil.o(i.USB_SIL_Init)
    i.USB_SIL_Write                          0x080022e0   Section        0  usb_sil.o(i.USB_SIL_Write)
    i.U_USART1_Init                          0x08002310   Section        0  u_usart1.o(i.U_USART1_Init)
    i.UsageFault_Handler                     0x08002440   Section        0  stm32f10x_it.o(i.UsageFault_Handler)
    i.UserToPMABufferCopy                    0x08002444   Section        0  usb_mem.o(i.UserToPMABufferCopy)
    i.main                                   0x0800247c   Section        0  main.o(i.main)
    i.prvResetNextTaskUnblockTime            0x08002598   Section        0  tasks.o(i.prvResetNextTaskUnblockTime)
    prvResetNextTaskUnblockTime              0x08002599   Thumb Code    40  tasks.o(i.prvResetNextTaskUnblockTime)
    i.vTaskSwitchContext                     0x080025c8   Section        0  tasks.o(i.vTaskSwitchContext)
    i.xTaskIncrementTick                     0x08002628   Section        0  tasks.o(i.xTaskIncrementTick)
    .constdata                               0x080027b8   Section      187  usb_desc.o(.constdata)
    .data                                    0x20000000   Section       20  stm32f10x_rcc.o(.data)
    APBAHBPrescTable                         0x20000000   Data          16  stm32f10x_rcc.o(.data)
    ADCPrescTable                            0x20000010   Data           4  stm32f10x_rcc.o(.data)
    .data                                    0x20000014   Section       64  tasks.o(.data)
    pxDelayedTaskList                        0x20000018   Data           4  tasks.o(.data)
    pxOverflowDelayedTaskList                0x2000001c   Data           4  tasks.o(.data)
    uxDeletedTasksWaitingCleanUp             0x20000020   Data           4  tasks.o(.data)
    uxCurrentNumberOfTasks                   0x20000024   Data           4  tasks.o(.data)
    xTickCount                               0x20000028   Data           4  tasks.o(.data)
    uxTopReadyPriority                       0x2000002c   Data           4  tasks.o(.data)
    xSchedulerRunning                        0x20000030   Data           4  tasks.o(.data)
    xPendedTicks                             0x20000034   Data           4  tasks.o(.data)
    xYieldPending                            0x20000038   Data           4  tasks.o(.data)
    xNumOfOverflows                          0x2000003c   Data           4  tasks.o(.data)
    uxTaskNumber                             0x20000040   Data           4  tasks.o(.data)
    xNextTaskUnblockTime                     0x20000044   Data           4  tasks.o(.data)
    xIdleTaskHandle                          0x20000048   Data           4  tasks.o(.data)
    uxSchedulerSuspended                     0x20000050   Data           4  tasks.o(.data)
    .data                                    0x20000054   Section        3  u_usart1.o(.data)
    .data                                    0x20000058   Section        9  usb_core.o(.data)
    .data                                    0x20000064   Section       20  usb_init.o(.data)
    .data                                    0x20000078   Section        4  usb_int.o(.data)
    .data                                    0x2000007c   Section       26  usb_desc.o(.data)
    .data                                    0x20000098   Section       68  usb_istr.o(.data)
    .data                                    0x200000dc   Section      156  usb_prop.o(.data)
    .data                                    0x20000178   Section       12  usb_pwr.o(.data)
    .bss                                     0x20000184   Section      740  tasks.o(.bss)
    pxReadyTasksLists                        0x20000184   Data         640  tasks.o(.bss)
    xDelayedTaskList1                        0x20000404   Data          20  tasks.o(.bss)
    xDelayedTaskList2                        0x20000418   Data          20  tasks.o(.bss)
    xPendingReadyList                        0x2000042c   Data          20  tasks.o(.bss)
    xTasksWaitingTermination                 0x20000440   Data          20  tasks.o(.bss)
    xSuspendedTaskList                       0x20000454   Data          20  tasks.o(.bss)
    .bss                                     0x20000468   Section      256  u_usart1.o(.bss)
    .bss                                     0x20000568   Section       28  usb_init.o(.bss)
    .bss                                     0x20000584   Section       32  usb_pwr.o(.bss)
    .bss                                     0x200005a4   Section       96  libspace.o(.bss)
    HEAP                                     0x20000608   Section      512  startup_stm32f10x_md.o(HEAP)
    Heap_Mem                                 0x20000608   Data         512  startup_stm32f10x_md.o(HEAP)
    STACK                                    0x20000808   Section     1024  startup_stm32f10x_md.o(STACK)
    Stack_Mem                                0x20000808   Data        1024  startup_stm32f10x_md.o(STACK)
    __initial_sp                             0x20000c08   Data           0  startup_stm32f10x_md.o(STACK)

    Global Symbols

    Symbol Name                              Value     Ov Type        Size  Object(Section)

    BuildAttributes$$THM_ISAv4$P$D$K$B$S$PE$A:L22UL41UL21$X:L11$S22US41US21$IEEE1$IW$USESV6$~STKCKD$USESV7$~SHL$OSPACE$ROPI$EBA8$UX$STANDARDLIB$REQ8$PRES8$EABIv2 0x00000000   Number         0  anon$$obj.o ABSOLUTE
    __ARM_use_no_argv                        0x00000000   Number         0  main.o ABSOLUTE
    __ARM_exceptions_init                     - Undefined Weak Reference
    __alloca_initialize                       - Undefined Weak Reference
    __arm_preinit_                            - Undefined Weak Reference
    __cpp_initialize__aeabi_                  - Undefined Weak Reference
    __cxa_finalize                            - Undefined Weak Reference
    __rt_locale                               - Undefined Weak Reference
    __sigvec_lookup                           - Undefined Weak Reference
    _atexit_init                              - Undefined Weak Reference
    _call_atexit_fns                          - Undefined Weak Reference
    _clock_init                               - Undefined Weak Reference
    _fp_trap_init                             - Undefined Weak Reference
    _fp_trap_shutdown                         - Undefined Weak Reference
    _get_lc_collate                           - Undefined Weak Reference
    _get_lc_ctype                             - Undefined Weak Reference
    _get_lc_monetary                          - Undefined Weak Reference
    _get_lc_numeric                           - Undefined Weak Reference
    _get_lc_time                              - Undefined Weak Reference
    _getenv_init                              - Undefined Weak Reference
    _handle_redirection                       - Undefined Weak Reference
    _init_alloc                               - Undefined Weak Reference
    _init_user_alloc                          - Undefined Weak Reference
    _initio                                   - Undefined Weak Reference
    _printf_mbtowc                            - Undefined Weak Reference
    _printf_post_padding                      - Undefined Weak Reference
    _printf_pre_padding                       - Undefined Weak Reference
    _printf_truncate_signed                   - Undefined Weak Reference
    _printf_truncate_unsigned                 - Undefined Weak Reference
    _rand_init                                - Undefined Weak Reference
    _signal_finish                            - Undefined Weak Reference
    _signal_init                              - Undefined Weak Reference
    _terminate_alloc                          - Undefined Weak Reference
    _terminate_user_alloc                     - Undefined Weak Reference
    _terminateio                              - Undefined Weak Reference
    __Vectors_Size                           0x000000ec   Number         0  startup_stm32f10x_md.o ABSOLUTE
    __Vectors                                0x08000000   Data           4  startup_stm32f10x_md.o(RESET)
    __Vectors_End                            0x080000ec   Data           0  startup_stm32f10x_md.o(RESET)
    __main                                   0x080000ed   Thumb Code     8  __main.o(!!!main)
    __scatterload                            0x080000f5   Thumb Code     0  __scatter.o(!!!scatter)
    __scatterload_rt2                        0x080000f5   Thumb Code    44  __scatter.o(!!!scatter)
    __scatterload_rt2_thumb_only             0x080000f5   Thumb Code     0  __scatter.o(!!!scatter)
    __scatterload_null                       0x08000103   Thumb Code     0  __scatter.o(!!!scatter)
    __decompress                             0x08000129   Thumb Code    90  __dczerorl2.o(!!dczerorl2)
    __decompress1                            0x08000129   Thumb Code     0  __dczerorl2.o(!!dczerorl2)
    __scatterload_zeroinit                   0x08000185   Thumb Code    28  __scatter_zi.o(!!handler_zi)
    __rt_lib_init                            0x080001a1   Thumb Code     0  libinit.o(.ARM.Collect$$libinit$$00000000)
    __rt_lib_init_alloca_1                   0x080001a3   Thumb Code     0  libinit2.o(.ARM.Collect$$libinit$$0000002E)
    __rt_lib_init_argv_1                     0x080001a3   Thumb Code     0  libinit2.o(.ARM.Collect$$libinit$$0000002C)
    __rt_lib_init_atexit_1                   0x080001a3   Thumb Code     0  libinit2.o(.ARM.Collect$$libinit$$0000001B)
    __rt_lib_init_clock_1                    0x080001a3   Thumb Code     0  libinit2.o(.ARM.Collect$$libinit$$00000021)
    __rt_lib_init_cpp_1                      0x080001a3   Thumb Code     0  libinit2.o(.ARM.Collect$$libinit$$00000032)
    __rt_lib_init_exceptions_1               0x080001a3   Thumb Code     0  libinit2.o(.ARM.Collect$$libinit$$00000030)
    __rt_lib_init_fp_1                       0x080001a3   Thumb Code     0  libinit2.o(.ARM.Collect$$libinit$$00000002)
    __rt_lib_init_fp_trap_1                  0x080001a3   Thumb Code     0  libinit2.o(.ARM.Collect$$libinit$$0000001F)
    __rt_lib_init_getenv_1                   0x080001a3   Thumb Code     0  libinit2.o(.ARM.Collect$$libinit$$00000023)
    __rt_lib_init_heap_1                     0x080001a3   Thumb Code     0  libinit2.o(.ARM.Collect$$libinit$$0000000A)
    __rt_lib_init_lc_collate_1               0x080001a3   Thumb Code     0  libinit2.o(.ARM.Collect$$libinit$$00000011)
    __rt_lib_init_lc_ctype_1                 0x080001a3   Thumb Code     0  libinit2.o(.ARM.Collect$$libinit$$00000013)
    __rt_lib_init_lc_monetary_1              0x080001a3   Thumb Code     0  libinit2.o(.ARM.Collect$$libinit$$00000015)
    __rt_lib_init_lc_numeric_1               0x080001a3   Thumb Code     0  libinit2.o(.ARM.Collect$$libinit$$00000017)
    __rt_lib_init_lc_time_1                  0x080001a3   Thumb Code     0  libinit2.o(.ARM.Collect$$libinit$$00000019)
    __rt_lib_init_preinit_1                  0x080001a3   Thumb Code     0  libinit2.o(.ARM.Collect$$libinit$$00000004)
    __rt_lib_init_rand_1                     0x080001a3   Thumb Code     0  libinit2.o(.ARM.Collect$$libinit$$0000000E)
    __rt_lib_init_return                     0x080001a3   Thumb Code     0  libinit2.o(.ARM.Collect$$libinit$$00000033)
    __rt_lib_init_signal_1                   0x080001a3   Thumb Code     0  libinit2.o(.ARM.Collect$$libinit$$0000001D)
    __rt_lib_init_stdio_1                    0x080001a3   Thumb Code     0  libinit2.o(.ARM.Collect$$libinit$$00000025)
    __rt_lib_init_user_alloc_1               0x080001a3   Thumb Code     0  libinit2.o(.ARM.Collect$$libinit$$0000000C)
    __rt_lib_shutdown                        0x080001a5   Thumb Code     0  libshutdown.o(.ARM.Collect$$libshutdown$$00000000)
    __rt_lib_shutdown_cpp_1                  0x080001a7   Thumb Code     0  libshutdown2.o(.ARM.Collect$$libshutdown$$00000002)
    __rt_lib_shutdown_fp_trap_1              0x080001a7   Thumb Code     0  libshutdown2.o(.ARM.Collect$$libshutdown$$00000007)
    __rt_lib_shutdown_heap_1                 0x080001a7   Thumb Code     0  libshutdown2.o(.ARM.Collect$$libshutdown$$0000000F)
    __rt_lib_shutdown_return                 0x080001a7   Thumb Code     0  libshutdown2.o(.ARM.Collect$$libshutdown$$00000010)
    __rt_lib_shutdown_signal_1               0x080001a7   Thumb Code     0  libshutdown2.o(.ARM.Collect$$libshutdown$$0000000A)
    __rt_lib_shutdown_stdio_1                0x080001a7   Thumb Code     0  libshutdown2.o(.ARM.Collect$$libshutdown$$00000004)
    __rt_lib_shutdown_user_alloc_1           0x080001a7   Thumb Code     0  libshutdown2.o(.ARM.Collect$$libshutdown$$0000000C)
    __rt_entry                               0x080001a9   Thumb Code     0  __rtentry.o(.ARM.Collect$$rtentry$$00000000)
    __rt_entry_presh_1                       0x080001a9   Thumb Code     0  __rtentry2.o(.ARM.Collect$$rtentry$$00000002)
    __rt_entry_sh                            0x080001a9   Thumb Code     0  __rtentry4.o(.ARM.Collect$$rtentry$$00000004)
    __rt_entry_li                            0x080001af   Thumb Code     0  __rtentry2.o(.ARM.Collect$$rtentry$$0000000A)
    __rt_entry_postsh_1                      0x080001af   Thumb Code     0  __rtentry2.o(.ARM.Collect$$rtentry$$00000009)
    __rt_entry_main                          0x080001b3   Thumb Code     0  __rtentry2.o(.ARM.Collect$$rtentry$$0000000D)
    __rt_entry_postli_1                      0x080001b3   Thumb Code     0  __rtentry2.o(.ARM.Collect$$rtentry$$0000000C)
    __rt_exit                                0x080001bb   Thumb Code     0  rtexit.o(.ARM.Collect$$rtexit$$00000000)
    __rt_exit_ls                             0x080001bd   Thumb Code     0  rtexit2.o(.ARM.Collect$$rtexit$$00000003)
    __rt_exit_prels_1                        0x080001bd   Thumb Code     0  rtexit2.o(.ARM.Collect$$rtexit$$00000002)
    __rt_exit_exit                           0x080001c1   Thumb Code     0  rtexit2.o(.ARM.Collect$$rtexit$$00000004)
    SVC_Handler                              0x080001c9   Thumb Code    32  port.o(.emb_text)
    __asm___6_port_c_39a90d8d__prvStartFirstTask 0x080001ed   Thumb Code    28  port.o(.emb_text)
    PendSV_Handler                           0x0800020d   Thumb Code    72  port.o(.emb_text)
    vPortGetIPSR                             0x08000259   Thumb Code     6  port.o(.emb_text)
    Reset_Handler                            0x08000261   Thumb Code     8  startup_stm32f10x_md.o(.text)
    ADC1_2_IRQHandler                        0x0800027b   Thumb Code     0  startup_stm32f10x_md.o(.text)
    CAN1_RX1_IRQHandler                      0x0800027b   Thumb Code     0  startup_stm32f10x_md.o(.text)
    CAN1_SCE_IRQHandler                      0x0800027b   Thumb Code     0  startup_stm32f10x_md.o(.text)
    DMA1_Channel1_IRQHandler                 0x0800027b   Thumb Code     0  startup_stm32f10x_md.o(.text)
    DMA1_Channel2_IRQHandler                 0x0800027b   Thumb Code     0  startup_stm32f10x_md.o(.text)
    DMA1_Channel3_IRQHandler                 0x0800027b   Thumb Code     0  startup_stm32f10x_md.o(.text)
    DMA1_Channel4_IRQHandler                 0x0800027b   Thumb Code     0  startup_stm32f10x_md.o(.text)
    DMA1_Channel5_IRQHandler                 0x0800027b   Thumb Code     0  startup_stm32f10x_md.o(.text)
    DMA1_Channel6_IRQHandler                 0x0800027b   Thumb Code     0  startup_stm32f10x_md.o(.text)
    DMA1_Channel7_IRQHandler                 0x0800027b   Thumb Code     0  startup_stm32f10x_md.o(.text)
    EXTI0_IRQHandler                         0x0800027b   Thumb Code     0  startup_stm32f10x_md.o(.text)
    EXTI15_10_IRQHandler                     0x0800027b   Thumb Code     0  startup_stm32f10x_md.o(.text)
    EXTI1_IRQHandler                         0x0800027b   Thumb Code     0  startup_stm32f10x_md.o(.text)
    EXTI2_IRQHandler                         0x0800027b   Thumb Code     0  startup_stm32f10x_md.o(.text)
    EXTI3_IRQHandler                         0x0800027b   Thumb Code     0  startup_stm32f10x_md.o(.text)
    EXTI4_IRQHandler                         0x0800027b   Thumb Code     0  startup_stm32f10x_md.o(.text)
    EXTI9_5_IRQHandler                       0x0800027b   Thumb Code     0  startup_stm32f10x_md.o(.text)
    FLASH_IRQHandler                         0x0800027b   Thumb Code     0  startup_stm32f10x_md.o(.text)
    I2C1_ER_IRQHandler                       0x0800027b   Thumb Code     0  startup_stm32f10x_md.o(.text)
    I2C1_EV_IRQHandler                       0x0800027b   Thumb Code     0  startup_stm32f10x_md.o(.text)
    I2C2_ER_IRQHandler                       0x0800027b   Thumb Code     0  startup_stm32f10x_md.o(.text)
    I2C2_EV_IRQHandler                       0x0800027b   Thumb Code     0  startup_stm32f10x_md.o(.text)
    PVD_IRQHandler                           0x0800027b   Thumb Code     0  startup_stm32f10x_md.o(.text)
    RCC_IRQHandler                           0x0800027b   Thumb Code     0  startup_stm32f10x_md.o(.text)
    RTCAlarm_IRQHandler                      0x0800027b   Thumb Code     0  startup_stm32f10x_md.o(.text)
    RTC_IRQHandler                           0x0800027b   Thumb Code     0  startup_stm32f10x_md.o(.text)
    SPI1_IRQHandler                          0x0800027b   Thumb Code     0  startup_stm32f10x_md.o(.text)
    SPI2_IRQHandler                          0x0800027b   Thumb Code     0  startup_stm32f10x_md.o(.text)
    TAMPER_IRQHandler                        0x0800027b   Thumb Code     0  startup_stm32f10x_md.o(.text)
    TIM1_BRK_IRQHandler                      0x0800027b   Thumb Code     0  startup_stm32f10x_md.o(.text)
    TIM1_CC_IRQHandler                       0x0800027b   Thumb Code     0  startup_stm32f10x_md.o(.text)
    TIM1_TRG_COM_IRQHandler                  0x0800027b   Thumb Code     0  startup_stm32f10x_md.o(.text)
    TIM1_UP_IRQHandler                       0x0800027b   Thumb Code     0  startup_stm32f10x_md.o(.text)
    TIM2_IRQHandler                          0x0800027b   Thumb Code     0  startup_stm32f10x_md.o(.text)
    TIM3_IRQHandler                          0x0800027b   Thumb Code     0  startup_stm32f10x_md.o(.text)
    TIM4_IRQHandler                          0x0800027b   Thumb Code     0  startup_stm32f10x_md.o(.text)
    USART2_IRQHandler                        0x0800027b   Thumb Code     0  startup_stm32f10x_md.o(.text)
    USART3_IRQHandler                        0x0800027b   Thumb Code     0  startup_stm32f10x_md.o(.text)
    USBWakeUp_IRQHandler                     0x0800027b   Thumb Code     0  startup_stm32f10x_md.o(.text)
    USB_HP_CAN1_TX_IRQHandler                0x0800027b   Thumb Code     0  startup_stm32f10x_md.o(.text)
    WWDG_IRQHandler                          0x0800027b   Thumb Code     0  startup_stm32f10x_md.o(.text)
    __user_initial_stackheap                 0x0800027d   Thumb Code     0  startup_stm32f10x_md.o(.text)
    __use_two_region_memory                  0x080002a1   Thumb Code     2  heapauxi.o(.text)
    __rt_heap_escrow$2region                 0x080002a3   Thumb Code     2  heapauxi.o(.text)
    __rt_heap_expand$2region                 0x080002a5   Thumb Code     2  heapauxi.o(.text)
    __user_setup_stackheap                   0x080002a7   Thumb Code    74  sys_stackheap_outer.o(.text)
    exit                                     0x080002f1   Thumb Code    18  exit.o(.text)
    __user_libspace                          0x08000305   Thumb Code     8  libspace.o(.text)
    __user_perproc_libspace                  0x08000305   Thumb Code     0  libspace.o(.text)
    __user_perthread_libspace                0x08000305   Thumb Code     0  libspace.o(.text)
    _sys_exit                                0x0800030d   Thumb Code     8  sys_exit.o(.text)
    __I$use$semihosting                      0x08000319   Thumb Code     0  use_no_semi.o(.text)
    __use_no_semihosting_swi                 0x08000319   Thumb Code     2  use_no_semi.o(.text)
    BusFault_Handler                         0x0800031b   Thumb Code     4  stm32f10x_it.o(i.BusFault_Handler)
    __semihosting_library_function           0x0800031b   Thumb Code     0  indicate_semi.o(.text)
    ByteSwap                                 0x0800031f   Thumb Code    12  usb_regs.o(i.ByteSwap)
    CTR_LP                                   0x0800032d   Thumb Code   616  usb_int.o(i.CTR_LP)
    ClearDTOG_RX                             0x080005b5   Thumb Code    48  usb_regs.o(i.ClearDTOG_RX)
    ClearDTOG_TX                             0x080005e9   Thumb Code    48  usb_regs.o(i.ClearDTOG_TX)
    Clear_Status_Out                         0x0800061d   Thumb Code    34  usb_regs.o(i.Clear_Status_Out)
    DMA_Cmd                                  0x08000645   Thumb Code    24  stm32f10x_dma.o(i.DMA_Cmd)
    DMA_GetCurrDataCounter                   0x0800065d   Thumb Code     8  stm32f10x_dma.o(i.DMA_GetCurrDataCounter)
    DMA_Init                                 0x08000665   Thumb Code    60  stm32f10x_dma.o(i.DMA_Init)
    DMA_SetCurrDataCounter                   0x080006a1   Thumb Code     4  stm32f10x_dma.o(i.DMA_SetCurrDataCounter)
    DebugMon_Handler                         0x08000add   Thumb Code     2  stm32f10x_it.o(i.DebugMon_Handler)
    EP1_IN_Callback                          0x08000adf   Thumb Code     2  usb_endp.o(i.EP1_IN_Callback)
    GPIO_Init                                0x08000ae1   Thumb Code   278  stm32f10x_gpio.o(i.GPIO_Init)
    GPIO_ReadInputDataBit                    0x08000bf7   Thumb Code    18  stm32f10x_gpio.o(i.GPIO_ReadInputDataBit)
    GPIO_ResetBits                           0x08000c09   Thumb Code     4  stm32f10x_gpio.o(i.GPIO_ResetBits)
    GPIO_SetBits                             0x08000c0d   Thumb Code     4  stm32f10x_gpio.o(i.GPIO_SetBits)
    GPIO_WriteBit                            0x08000c11   Thumb Code    10  stm32f10x_gpio.o(i.GPIO_WriteBit)
    GetEPRxAddr                              0x08000c1d   Thumb Code    24  usb_regs.o(i.GetEPRxAddr)
    GetEPTxAddr                              0x08000c3d   Thumb Code    22  usb_regs.o(i.GetEPTxAddr)
    Get_SerialNum                            0x08000c5d   Thumb Code    42  hw_config.o(i.Get_SerialNum)
    HardFault_Handler                        0x08000c91   Thumb Code     4  stm32f10x_it.o(i.HardFault_Handler)
    In0_Process                              0x08000c95   Thumb Code    98  usb_core.o(i.In0_Process)
    Joystick_Data_Setup                      0x08000d45   Thumb Code   108  usb_prop.o(i.Joystick_Data_Setup)
    Joystick_GetConfigDescriptor             0x08000dc1   Thumb Code    14  usb_prop.o(i.Joystick_GetConfigDescriptor)
    Joystick_GetDeviceDescriptor             0x08000dd5   Thumb Code    14  usb_prop.o(i.Joystick_GetDeviceDescriptor)
    Joystick_GetHIDDescriptor                0x08000de9   Thumb Code    14  usb_prop.o(i.Joystick_GetHIDDescriptor)
    Joystick_GetProtocolValue                0x08000dfd   Thumb Code    20  usb_prop.o(i.Joystick_GetProtocolValue)
    Joystick_GetReportDescriptor             0x08000e19   Thumb Code    14  usb_prop.o(i.Joystick_GetReportDescriptor)
    Joystick_GetStringDescriptor             0x08000e2d   Thumb Code    32  usb_prop.o(i.Joystick_GetStringDescriptor)
    Joystick_Get_Interface_Setting           0x08000e55   Thumb Code    22  usb_prop.o(i.Joystick_Get_Interface_Setting)
    Joystick_NoData_Setup                    0x08000e6d   Thumb Code    32  usb_prop.o(i.Joystick_NoData_Setup)
    Joystick_Reset                           0x08000e91   Thumb Code   148  usb_prop.o(i.Joystick_Reset)
    Joystick_Send                            0x08000f35   Thumb Code   106  hw_config.o(i.Joystick_Send)
    Joystick_SetConfiguration                0x08000fa1   Thumb Code    14  usb_prop.o(i.Joystick_SetConfiguration)
    Joystick_SetDeviceAddress                0x08000fb9   Thumb Code     8  usb_prop.o(i.Joystick_SetDeviceAddress)
    Joystick_SetProtocol                     0x08000fc5   Thumb Code    14  usb_prop.o(i.Joystick_SetProtocol)
    Joystick_Status_In                       0x08000fdd   Thumb Code     2  usb_prop.o(i.Joystick_Status_In)
    Joystick_Status_Out                      0x08000fdf   Thumb Code     2  usb_prop.o(i.Joystick_Status_Out)
    Joystick_init                            0x08000fe1   Thumb Code    30  usb_prop.o(i.Joystick_init)
    MemManage_Handler                        0x08001009   Thumb Code     4  stm32f10x_it.o(i.MemManage_Handler)
    NMI_Handler                              0x0800100d   Thumb Code     2  stm32f10x_it.o(i.NMI_Handler)
    NOP_Process                              0x0800100f   Thumb Code     2  usb_core.o(i.NOP_Process)
    NVIC_Init                                0x08001011   Thumb Code   100  misc.o(i.NVIC_Init)
    Out0_Process                             0x080011c1   Thumb Code    70  usb_core.o(i.Out0_Process)
    PMAToUserBufferCopy                      0x08001211   Thumb Code    34  usb_mem.o(i.PMAToUserBufferCopy)
    Post0_Process                            0x08001239   Thumb Code    54  usb_core.o(i.Post0_Process)
    PowerOn                                  0x08001281   Thumb Code    70  usb_pwr.o(i.PowerOn)
    RCC_AHBPeriphClockCmd                    0x080012d1   Thumb Code    26  stm32f10x_rcc.o(i.RCC_AHBPeriphClockCmd)
    RCC_APB1PeriphClockCmd                   0x080012f1   Thumb Code    26  stm32f10x_rcc.o(i.RCC_APB1PeriphClockCmd)
    RCC_APB2PeriphClockCmd                   0x08001311   Thumb Code    26  stm32f10x_rcc.o(i.RCC_APB2PeriphClockCmd)
    RCC_GetClocksFreq                        0x08001331   Thumb Code   192  stm32f10x_rcc.o(i.RCC_GetClocksFreq)
    RCC_USBCLKConfig                         0x08001405   Thumb Code     6  stm32f10x_rcc.o(i.RCC_USBCLKConfig)
    Resume                                   0x08001411   Thumb Code   194  usb_pwr.o(i.Resume)
    Resume_Init                              0x080014e1   Thumb Code    24  usb_pwr.o(i.Resume_Init)
    SetBTABLE                                0x080014fd   Thumb Code    12  usb_regs.o(i.SetBTABLE)
    SetDeviceAddress                         0x0800150d   Thumb Code    68  usb_core.o(i.SetDeviceAddress)
    SetEPRxAddr                              0x0800155d   Thumb Code    26  usb_regs.o(i.SetEPRxAddr)
    SetEPRxCount                             0x08001581   Thumb Code    68  usb_regs.o(i.SetEPRxCount)
    SetEPRxStatus                            0x080015cd   Thumb Code    60  usb_regs.o(i.SetEPRxStatus)
    SetEPRxValid                             0x0800160d   Thumb Code    48  usb_regs.o(i.SetEPRxValid)
    SetEPTxAddr                              0x08001641   Thumb Code    24  usb_regs.o(i.SetEPTxAddr)
    SetEPTxCount                             0x08001661   Thumb Code    20  usb_regs.o(i.SetEPTxCount)
    SetEPTxStatus                            0x0800167d   Thumb Code    60  usb_regs.o(i.SetEPTxStatus)
    SetEPTxValid                             0x080016bd   Thumb Code    48  usb_regs.o(i.SetEPTxValid)
    SetEPType                                0x080016f1   Thumb Code    32  usb_regs.o(i.SetEPType)
    SetISTR                                  0x08001715   Thumb Code     6  usb_regs.o(i.SetISTR)
    Setup0_Process                           0x08001809   Thumb Code   170  usb_core.o(i.Setup0_Process)
    Standard_ClearFeature                    0x080018c1   Thumb Code   342  usb_core.o(i.Standard_ClearFeature)
    Standard_GetConfiguration                0x08001a2d   Thumb Code    34  usb_core.o(i.Standard_GetConfiguration)
    Standard_GetDescriptorData               0x08001a59   Thumb Code    32  usb_core.o(i.Standard_GetDescriptorData)
    Standard_GetInterface                    0x08001a7d   Thumb Code    34  usb_core.o(i.Standard_GetInterface)
    Standard_GetStatus                       0x08001aa9   Thumb Code   238  usb_core.o(i.Standard_GetStatus)
    Standard_SetConfiguration                0x08001ba9   Thumb Code    60  usb_core.o(i.Standard_SetConfiguration)
    Standard_SetDeviceFeature                0x08001bf1   Thumb Code    30  usb_core.o(i.Standard_SetDeviceFeature)
    Standard_SetEndPointFeature              0x08001c19   Thumb Code   192  usb_core.o(i.Standard_SetEndPointFeature)
    Standard_SetInterface                    0x08001ce9   Thumb Code    96  usb_core.o(i.Standard_SetInterface)
    Suspend                                  0x08001d55   Thumb Code   134  usb_pwr.o(i.Suspend)
    SysTick_Handler                          0x08001de9   Thumb Code    46  port.o(i.SysTick_Handler)
    SystemInit                               0x08001e1d   Thumb Code    78  system_stm32f10x.o(i.SystemInit)
    USART1_IRQHandler                        0x08001e7d   Thumb Code    88  u_usart1.o(i.USART1_IRQHandler)
    USART_Cmd                                0x08001ee9   Thumb Code    24  stm32f10x_usart.o(i.USART_Cmd)
    USART_DMACmd                             0x08001f01   Thumb Code    18  stm32f10x_usart.o(i.USART_DMACmd)
    USART_GetITStatus                        0x08001f13   Thumb Code    84  stm32f10x_usart.o(i.USART_GetITStatus)
    USART_ITConfig                           0x08001f67   Thumb Code    74  stm32f10x_usart.o(i.USART_ITConfig)
    USART_Init                               0x08001fb1   Thumb Code   210  stm32f10x_usart.o(i.USART_Init)
    USB_Cable_Config                         0x08002089   Thumb Code    30  hw_config.o(i.USB_Cable_Config)
    USB_Init                                 0x080020ad   Thumb Code    36  usb_init.o(i.USB_Init)
    USB_Istr                                 0x080020e9   Thumb Code   422  usb_istr.o(i.USB_Istr)
    USB_LP_CAN1_RX0_IRQHandler               0x080022b5   Thumb Code     8  main.o(i.USB_LP_CAN1_RX0_IRQHandler)
    USB_SIL_Init                             0x080022bd   Thumb Code    28  usb_sil.o(i.USB_SIL_Init)
    USB_SIL_Write                            0x080022e1   Thumb Code    46  usb_sil.o(i.USB_SIL_Write)
    U_USART1_Init                            0x08002311   Thumb Code   278  u_usart1.o(i.U_USART1_Init)
    UsageFault_Handler                       0x08002441   Thumb Code     4  stm32f10x_it.o(i.UsageFault_Handler)
    UserToPMABufferCopy                      0x08002445   Thumb Code    52  usb_mem.o(i.UserToPMABufferCopy)
    main                                     0x0800247d   Thumb Code   258  main.o(i.main)
    vTaskSwitchContext                       0x080025c9   Thumb Code    76  tasks.o(i.vTaskSwitchContext)
    xTaskIncrementTick                       0x08002629   Thumb Code   356  tasks.o(i.xTaskIncrementTick)
    Joystick_DeviceDescriptor                0x080027b8   Data          18  usb_desc.o(.constdata)
    Joystick_ConfigDescriptor                0x080027ca   Data          34  usb_desc.o(.constdata)
    Joystick_ReportDescriptor                0x080027ec   Data          63  usb_desc.o(.constdata)
    Joystick_StringLangID                    0x0800282b   Data           4  usb_desc.o(.constdata)
    Joystick_StringVendor                    0x0800282f   Data          38  usb_desc.o(.constdata)
    Joystick_StringProduct                   0x08002855   Data          30  usb_desc.o(.constdata)
    Region$$Table$$Base                      0x08002874   Number         0  anon$$obj.o(Region$$Table)
    Region$$Table$$Limit                     0x08002894   Number         0  anon$$obj.o(Region$$Table)
    pxCurrentTCB                             0x20000014   Data           4  tasks.o(.data)
    uxTopUsedPriority                        0x2000004c   Data           4  tasks.o(.data)
    usart1_count                             0x20000054   Data           2  u_usart1.o(.data)
    usart1_isbuff                            0x20000056   Data           1  u_usart1.o(.data)
    StatusInfo                               0x20000058   Data           2  usb_core.o(.data)
    DevRemoteWakeup                          0x2000005c   Data           4  usb_core.o(.data)
    Data_Mul_MaxPacketSize                   0x20000060   Data           1  usb_core.o(.data)
    EPindex                                  0x20000064   Data           1  usb_init.o(.data)
    pInformation                             0x20000068   Data           4  usb_init.o(.data)
    pProperty                                0x2000006c   Data           4  usb_init.o(.data)
    SaveState                                0x20000070   Data           2  usb_init.o(.data)
    wInterrupt_Mask                          0x20000072   Data           2  usb_init.o(.data)
    pUser_Standard_Requests                  0x20000074   Data           4  usb_init.o(.data)
    SaveRState                               0x20000078   Data           2  usb_int.o(.data)
    SaveTState                               0x2000007a   Data           2  usb_int.o(.data)
    Joystick_StringSerial                    0x2000007c   Data          26  usb_desc.o(.data)
    wIstr                                    0x20000098   Data           2  usb_istr.o(.data)
    bIntPackSOF                              0x2000009a   Data           1  usb_istr.o(.data)
    esof_counter                             0x2000009c   Data           4  usb_istr.o(.data)
    wCNTR                                    0x200000a0   Data           4  usb_istr.o(.data)
    pEpInt_IN                                0x200000a4   Data          28  usb_istr.o(.data)
    pEpInt_OUT                               0x200000c0   Data          28  usb_istr.o(.data)
    ProtocolValue                            0x200000dc   Data           4  usb_prop.o(.data)
    Device_Table                             0x200000e0   Data           2  usb_prop.o(.data)
    Device_Property                          0x200000e4   Data          48  usb_prop.o(.data)
    User_Standard_Requests                   0x20000114   Data          36  usb_prop.o(.data)
    Device_Descriptor                        0x20000138   Data           8  usb_prop.o(.data)
    Config_Descriptor                        0x20000140   Data           8  usb_prop.o(.data)
    Joystick_Report_Descriptor               0x20000148   Data           8  usb_prop.o(.data)
    Mouse_Hid_Descriptor                     0x20000150   Data           8  usb_prop.o(.data)
    String_Descriptor                        0x20000158   Data          32  usb_prop.o(.data)
    bDeviceState                             0x20000178   Data           4  usb_pwr.o(.data)
    fSuspendEnabled                          0x2000017c   Data           1  usb_pwr.o(.data)
    ResumeS                                  0x2000017d   Data           2  usb_pwr.o(.data)
    remotewakeupon                           0x20000180   Data           4  usb_pwr.o(.data)
    usart1_buff                              0x20000468   Data         256  u_usart1.o(.bss)
    Device_Info                              0x20000568   Data          28  usb_init.o(.bss)
    EP                                       0x20000584   Data          32  usb_pwr.o(.bss)
    __libspace_start                         0x200005a4   Data          96  libspace.o(.bss)
    __temporary_stack_top$libspace           0x20000604   Data           0  libspace.o(.bss)



==============================================================================

Memory Map of the image

  Image Entry point : 0x080000ed

  Load Region LR_IROM1 (Base: 0x08000000, Size: 0x00002a18, Max: 0x00008000, ABSOLUTE, COMPRESSED[0x00002920])

    Execution Region ER_IROM1 (Exec base: 0x08000000, Load base: 0x08000000, Size: 0x00002894, Max: 0x00008000, ABSOLUTE)

    Exec Addr    Load Addr    Size         Type   Attr      Idx    E Section Name        Object

    0x08000000   0x08000000   0x000000ec   Data   RO         4355    RESET               startup_stm32f10x_md.o
    0x080000ec   0x080000ec   0x00000008   Code   RO         5302  * !!!main             c_w.l(__main.o)
    0x080000f4   0x080000f4   0x00000034   Code   RO         5474    !!!scatter          c_w.l(__scatter.o)
    0x08000128   0x08000128   0x0000005a   Code   RO         5472    !!dczerorl2         c_w.l(__dczerorl2.o)
    0x08000182   0x08000182   0x00000002   PAD
    0x08000184   0x08000184   0x0000001c   Code   RO         5476    !!handler_zi        c_w.l(__scatter_zi.o)
    0x080001a0   0x080001a0   0x00000002   Code   RO         5342    .ARM.Collect$$libinit$$00000000  c_w.l(libinit.o)
    0x080001a2   0x080001a2   0x00000000   Code   RO         5349    .ARM.Collect$$libinit$$00000002  c_w.l(libinit2.o)
    0x080001a2   0x080001a2   0x00000000   Code   RO         5351    .ARM.Collect$$libinit$$00000004  c_w.l(libinit2.o)
    0x080001a2   0x080001a2   0x00000000   Code   RO         5354    .ARM.Collect$$libinit$$0000000A  c_w.l(libinit2.o)
    0x080001a2   0x080001a2   0x00000000   Code   RO         5356    .ARM.Collect$$libinit$$0000000C  c_w.l(libinit2.o)
    0x080001a2   0x080001a2   0x00000000   Code   RO         5358    .ARM.Collect$$libinit$$0000000E  c_w.l(libinit2.o)
    0x080001a2   0x080001a2   0x00000000   Code   RO         5361    .ARM.Collect$$libinit$$00000011  c_w.l(libinit2.o)
    0x080001a2   0x080001a2   0x00000000   Code   RO         5363    .ARM.Collect$$libinit$$00000013  c_w.l(libinit2.o)
    0x080001a2   0x080001a2   0x00000000   Code   RO         5365    .ARM.Collect$$libinit$$00000015  c_w.l(libinit2.o)
    0x080001a2   0x080001a2   0x00000000   Code   RO         5367    .ARM.Collect$$libinit$$00000017  c_w.l(libinit2.o)
    0x080001a2   0x080001a2   0x00000000   Code   RO         5369    .ARM.Collect$$libinit$$00000019  c_w.l(libinit2.o)
    0x080001a2   0x080001a2   0x00000000   Code   RO         5371    .ARM.Collect$$libinit$$0000001B  c_w.l(libinit2.o)
    0x080001a2   0x080001a2   0x00000000   Code   RO         5373    .ARM.Collect$$libinit$$0000001D  c_w.l(libinit2.o)
    0x080001a2   0x080001a2   0x00000000   Code   RO         5375    .ARM.Collect$$libinit$$0000001F  c_w.l(libinit2.o)
    0x080001a2   0x080001a2   0x00000000   Code   RO         5377    .ARM.Collect$$libinit$$00000021  c_w.l(libinit2.o)
    0x080001a2   0x080001a2   0x00000000   Code   RO         5379    .ARM.Collect$$libinit$$00000023  c_w.l(libinit2.o)
    0x080001a2   0x080001a2   0x00000000   Code   RO         5381    .ARM.Collect$$libinit$$00000025  c_w.l(libinit2.o)
    0x080001a2   0x080001a2   0x00000000   Code   RO         5385    .ARM.Collect$$libinit$$0000002C  c_w.l(libinit2.o)
    0x080001a2   0x080001a2   0x00000000   Code   RO         5387    .ARM.Collect$$libinit$$0000002E  c_w.l(libinit2.o)
    0x080001a2   0x080001a2   0x00000000   Code   RO         5389    .ARM.Collect$$libinit$$00000030  c_w.l(libinit2.o)
    0x080001a2   0x080001a2   0x00000000   Code   RO         5391    .ARM.Collect$$libinit$$00000032  c_w.l(libinit2.o)
    0x080001a2   0x080001a2   0x00000002   Code   RO         5392    .ARM.Collect$$libinit$$00000033  c_w.l(libinit2.o)
    0x080001a4   0x080001a4   0x00000002   Code   RO         5412    .ARM.Collect$$libshutdown$$00000000  c_w.l(libshutdown.o)
    0x080001a6   0x080001a6   0x00000000   Code   RO         5425    .ARM.Collect$$libshutdown$$00000002  c_w.l(libshutdown2.o)
    0x080001a6   0x080001a6   0x00000000   Code   RO         5427    .ARM.Collect$$libshutdown$$00000004  c_w.l(libshutdown2.o)
    0x080001a6   0x080001a6   0x00000000   Code   RO         5430    .ARM.Collect$$libshutdown$$00000007  c_w.l(libshutdown2.o)
    0x080001a6   0x080001a6   0x00000000   Code   RO         5433    .ARM.Collect$$libshutdown$$0000000A  c_w.l(libshutdown2.o)
    0x080001a6   0x080001a6   0x00000000   Code   RO         5435    .ARM.Collect$$libshutdown$$0000000C  c_w.l(libshutdown2.o)
    0x080001a6   0x080001a6   0x00000000   Code   RO         5438    .ARM.Collect$$libshutdown$$0000000F  c_w.l(libshutdown2.o)
    0x080001a6   0x080001a6   0x00000002   Code   RO         5439    .ARM.Collect$$libshutdown$$00000010  c_w.l(libshutdown2.o)
    0x080001a8   0x080001a8   0x00000000   Code   RO         5304    .ARM.Collect$$rtentry$$00000000  c_w.l(__rtentry.o)
    0x080001a8   0x080001a8   0x00000000   Code   RO         5317    .ARM.Collect$$rtentry$$00000002  c_w.l(__rtentry2.o)
    0x080001a8   0x080001a8   0x00000006   Code   RO         5329    .ARM.Collect$$rtentry$$00000004  c_w.l(__rtentry4.o)
    0x080001ae   0x080001ae   0x00000000   Code   RO         5319    .ARM.Collect$$rtentry$$00000009  c_w.l(__rtentry2.o)
    0x080001ae   0x080001ae   0x00000004   Code   RO         5320    .ARM.Collect$$rtentry$$0000000A  c_w.l(__rtentry2.o)
    0x080001b2   0x080001b2   0x00000000   Code   RO         5322    .ARM.Collect$$rtentry$$0000000C  c_w.l(__rtentry2.o)
    0x080001b2   0x080001b2   0x00000008   Code   RO         5323    .ARM.Collect$$rtentry$$0000000D  c_w.l(__rtentry2.o)
    0x080001ba   0x080001ba   0x00000002   Code   RO         5346    .ARM.Collect$$rtexit$$00000000  c_w.l(rtexit.o)
    0x080001bc   0x080001bc   0x00000000   Code   RO         5394    .ARM.Collect$$rtexit$$00000002  c_w.l(rtexit2.o)
    0x080001bc   0x080001bc   0x00000004   Code   RO         5395    .ARM.Collect$$rtexit$$00000003  c_w.l(rtexit2.o)
    0x080001c0   0x080001c0   0x00000006   Code   RO         5396    .ARM.Collect$$rtexit$$00000004  c_w.l(rtexit2.o)
    0x080001c6   0x080001c6   0x00000002   PAD
    0x080001c8   0x080001c8   0x00000096   Code   RO         3392    .emb_text           port.o
    0x0800025e   0x0800025e   0x00000002   PAD
    0x08000260   0x08000260   0x00000040   Code   RO         4356    .text               startup_stm32f10x_md.o
    0x080002a0   0x080002a0   0x00000006   Code   RO         5300    .text               c_w.l(heapauxi.o)
    0x080002a6   0x080002a6   0x0000004a   Code   RO         5333    .text               c_w.l(sys_stackheap_outer.o)
    0x080002f0   0x080002f0   0x00000012   Code   RO         5335    .text               c_w.l(exit.o)
    0x08000302   0x08000302   0x00000002   PAD
    0x08000304   0x08000304   0x00000008   Code   RO         5343    .text               c_w.l(libspace.o)
    0x0800030c   0x0800030c   0x0000000c   Code   RO         5404    .text               c_w.l(sys_exit.o)
    0x08000318   0x08000318   0x00000002   Code   RO         5415    .text               c_w.l(use_no_semi.o)
    0x0800031a   0x0800031a   0x00000000   Code   RO         5417    .text               c_w.l(indicate_semi.o)
    0x0800031a   0x0800031a   0x00000004   Code   RO           17    i.BusFault_Handler  stm32f10x_it.o
    0x0800031e   0x0800031e   0x0000000c   Code   RO         4597    i.ByteSwap          usb_regs.o
    0x0800032a   0x0800032a   0x00000002   PAD
    0x0800032c   0x0800032c   0x00000288   Code   RO         4550    i.CTR_LP            usb_int.o
    0x080005b4   0x080005b4   0x00000034   Code   RO         4598    i.ClearDTOG_RX      usb_regs.o
    0x080005e8   0x080005e8   0x00000034   Code   RO         4599    i.ClearDTOG_TX      usb_regs.o
    0x0800061c   0x0800061c   0x00000028   Code   RO         4604    i.Clear_Status_Out  usb_regs.o
    0x08000644   0x08000644   0x00000018   Code   RO          906    i.DMA_Cmd           stm32f10x_dma.o
    0x0800065c   0x0800065c   0x00000008   Code   RO          908    i.DMA_GetCurrDataCounter  stm32f10x_dma.o
    0x08000664   0x08000664   0x0000003c   Code   RO          912    i.DMA_Init          stm32f10x_dma.o
    0x080006a0   0x080006a0   0x00000004   Code   RO          913    i.DMA_SetCurrDataCounter  stm32f10x_dma.o
    0x080006a4   0x080006a4   0x000000c0   Code   RO         4407    i.DataStageIn       usb_core.o
    0x08000764   0x08000764   0x000000e0   Code   RO         4408    i.DataStageOut      usb_core.o
    0x08000844   0x08000844   0x00000298   Code   RO         4409    i.Data_Setup0       usb_core.o
    0x08000adc   0x08000adc   0x00000002   Code   RO           18    i.DebugMon_Handler  stm32f10x_it.o
    0x08000ade   0x08000ade   0x00000002   Code   RO         5067    i.EP1_IN_Callback   usb_endp.o
    0x08000ae0   0x08000ae0   0x00000116   Code   RO         1330    i.GPIO_Init         stm32f10x_gpio.o
    0x08000bf6   0x08000bf6   0x00000012   Code   RO         1334    i.GPIO_ReadInputDataBit  stm32f10x_gpio.o
    0x08000c08   0x08000c08   0x00000004   Code   RO         1337    i.GPIO_ResetBits    stm32f10x_gpio.o
    0x08000c0c   0x08000c0c   0x00000004   Code   RO         1338    i.GPIO_SetBits      stm32f10x_gpio.o
    0x08000c10   0x08000c10   0x0000000a   Code   RO         1341    i.GPIO_WriteBit     stm32f10x_gpio.o
    0x08000c1a   0x08000c1a   0x00000002   PAD
    0x08000c1c   0x08000c1c   0x00000020   Code   RO         4616    i.GetEPRxAddr       usb_regs.o
    0x08000c3c   0x08000c3c   0x00000020   Code   RO         4619    i.GetEPTxAddr       usb_regs.o
    0x08000c5c   0x08000c5c   0x00000034   Code   RO         4982    i.Get_SerialNum     hw_config.o
    0x08000c90   0x08000c90   0x00000004   Code   RO           19    i.HardFault_Handler  stm32f10x_it.o
    0x08000c94   0x08000c94   0x00000070   Code   RO         4410    i.In0_Process       usb_core.o
    0x08000d04   0x08000d04   0x0000003e   Code   RO         4983    i.IntToUnicode      hw_config.o
    0x08000d42   0x08000d42   0x00000002   PAD
    0x08000d44   0x08000d44   0x0000007c   Code   RO         5097    i.Joystick_Data_Setup  usb_prop.o
    0x08000dc0   0x08000dc0   0x00000014   Code   RO         5098    i.Joystick_GetConfigDescriptor  usb_prop.o
    0x08000dd4   0x08000dd4   0x00000014   Code   RO         5099    i.Joystick_GetDeviceDescriptor  usb_prop.o
    0x08000de8   0x08000de8   0x00000014   Code   RO         5100    i.Joystick_GetHIDDescriptor  usb_prop.o
    0x08000dfc   0x08000dfc   0x0000001c   Code   RO         5101    i.Joystick_GetProtocolValue  usb_prop.o
    0x08000e18   0x08000e18   0x00000014   Code   RO         5102    i.Joystick_GetReportDescriptor  usb_prop.o
    0x08000e2c   0x08000e2c   0x00000028   Code   RO         5103    i.Joystick_GetStringDescriptor  usb_prop.o
    0x08000e54   0x08000e54   0x00000016   Code   RO         5104    i.Joystick_Get_Interface_Setting  usb_prop.o
    0x08000e6a   0x08000e6a   0x00000002   PAD
    0x08000e6c   0x08000e6c   0x00000024   Code   RO         5105    i.Joystick_NoData_Setup  usb_prop.o
    0x08000e90   0x08000e90   0x000000a4   Code   RO         5106    i.Joystick_Reset    usb_prop.o
    0x08000f34   0x08000f34   0x0000006a   Code   RO         4986    i.Joystick_Send     hw_config.o
    0x08000f9e   0x08000f9e   0x00000002   PAD
    0x08000fa0   0x08000fa0   0x00000018   Code   RO         5107    i.Joystick_SetConfiguration  usb_prop.o
    0x08000fb8   0x08000fb8   0x0000000c   Code   RO         5108    i.Joystick_SetDeviceAddress  usb_prop.o
    0x08000fc4   0x08000fc4   0x00000018   Code   RO         5109    i.Joystick_SetProtocol  usb_prop.o
    0x08000fdc   0x08000fdc   0x00000002   Code   RO         5110    i.Joystick_Status_In  usb_prop.o
    0x08000fde   0x08000fde   0x00000002   Code   RO         5111    i.Joystick_Status_Out  usb_prop.o
    0x08000fe0   0x08000fe0   0x00000028   Code   RO         5112    i.Joystick_init     usb_prop.o
    0x08001008   0x08001008   0x00000004   Code   RO           20    i.MemManage_Handler  stm32f10x_it.o
    0x0800100c   0x0800100c   0x00000002   Code   RO           21    i.NMI_Handler       stm32f10x_it.o
    0x0800100e   0x0800100e   0x00000002   Code   RO         4411    i.NOP_Process       usb_core.o
    0x08001010   0x08001010   0x00000070   Code   RO          179    i.NVIC_Init         misc.o
    0x08001080   0x08001080   0x00000140   Code   RO         4412    i.NoData_Setup0     usb_core.o
    0x080011c0   0x080011c0   0x00000050   Code   RO         4413    i.Out0_Process      usb_core.o
    0x08001210   0x08001210   0x00000028   Code   RO         4579    i.PMAToUserBufferCopy  usb_mem.o
    0x08001238   0x08001238   0x00000048   Code   RO         4414    i.Post0_Process     usb_core.o
    0x08001280   0x08001280   0x00000050   Code   RO         5211    i.PowerOn           usb_pwr.o
    0x080012d0   0x080012d0   0x00000020   Code   RO         1745    i.RCC_AHBPeriphClockCmd  stm32f10x_rcc.o
    0x080012f0   0x080012f0   0x00000020   Code   RO         1746    i.RCC_APB1PeriphClockCmd  stm32f10x_rcc.o
    0x08001310   0x08001310   0x00000020   Code   RO         1748    i.RCC_APB2PeriphClockCmd  stm32f10x_rcc.o
    0x08001330   0x08001330   0x000000d4   Code   RO         1756    i.RCC_GetClocksFreq  stm32f10x_rcc.o
    0x08001404   0x08001404   0x0000000c   Code   RO         1774    i.RCC_USBCLKConfig  stm32f10x_rcc.o
    0x08001410   0x08001410   0x000000d0   Code   RO         5212    i.Resume            usb_pwr.o
    0x080014e0   0x080014e0   0x0000001c   Code   RO         5213    i.Resume_Init       usb_pwr.o
    0x080014fc   0x080014fc   0x00000010   Code   RO         4627    i.SetBTABLE         usb_regs.o
    0x0800150c   0x0800150c   0x00000050   Code   RO         4415    i.SetDeviceAddress  usb_core.o
    0x0800155c   0x0800155c   0x00000024   Code   RO         4641    i.SetEPRxAddr       usb_regs.o
    0x08001580   0x08001580   0x0000004c   Code   RO         4642    i.SetEPRxCount      usb_regs.o
    0x080015cc   0x080015cc   0x00000040   Code   RO         4643    i.SetEPRxStatus     usb_regs.o
    0x0800160c   0x0800160c   0x00000034   Code   RO         4644    i.SetEPRxValid      usb_regs.o
    0x08001640   0x08001640   0x00000020   Code   RO         4645    i.SetEPTxAddr       usb_regs.o
    0x08001660   0x08001660   0x0000001c   Code   RO         4646    i.SetEPTxCount      usb_regs.o
    0x0800167c   0x0800167c   0x00000040   Code   RO         4647    i.SetEPTxStatus     usb_regs.o
    0x080016bc   0x080016bc   0x00000034   Code   RO         4648    i.SetEPTxValid      usb_regs.o
    0x080016f0   0x080016f0   0x00000024   Code   RO         4649    i.SetEPType         usb_regs.o
    0x08001714   0x08001714   0x0000000c   Code   RO         4651    i.SetISTR           usb_regs.o
    0x08001720   0x08001720   0x00000008   Code   RO          145    i.SetSysClock       system_stm32f10x.o
    0x08001728   0x08001728   0x000000e0   Code   RO          146    i.SetSysClockTo72   system_stm32f10x.o
    0x08001808   0x08001808   0x000000b8   Code   RO         4416    i.Setup0_Process    usb_core.o
    0x080018c0   0x080018c0   0x0000016c   Code   RO         4417    i.Standard_ClearFeature  usb_core.o
    0x08001a2c   0x08001a2c   0x0000002c   Code   RO         4418    i.Standard_GetConfiguration  usb_core.o
    0x08001a58   0x08001a58   0x00000024   Code   RO         4419    i.Standard_GetDescriptorData  usb_core.o
    0x08001a7c   0x08001a7c   0x0000002c   Code   RO         4420    i.Standard_GetInterface  usb_core.o
    0x08001aa8   0x08001aa8   0x00000100   Code   RO         4421    i.Standard_GetStatus  usb_core.o
    0x08001ba8   0x08001ba8   0x00000048   Code   RO         4422    i.Standard_SetConfiguration  usb_core.o
    0x08001bf0   0x08001bf0   0x00000028   Code   RO         4423    i.Standard_SetDeviceFeature  usb_core.o
    0x08001c18   0x08001c18   0x000000d0   Code   RO         4424    i.Standard_SetEndPointFeature  usb_core.o
    0x08001ce8   0x08001ce8   0x0000006c   Code   RO         4425    i.Standard_SetInterface  usb_core.o
    0x08001d54   0x08001d54   0x00000094   Code   RO         5214    i.Suspend           usb_pwr.o
    0x08001de8   0x08001de8   0x00000034   Code   RO         3393    i.SysTick_Handler   port.o
    0x08001e1c   0x08001e1c   0x00000060   Code   RO          148    i.SystemInit        system_stm32f10x.o
    0x08001e7c   0x08001e7c   0x0000006c   Code   RO         4172    i.USART1_IRQHandler  u_usart1.o
    0x08001ee8   0x08001ee8   0x00000018   Code   RO         2916    i.USART_Cmd         stm32f10x_usart.o
    0x08001f00   0x08001f00   0x00000012   Code   RO         2917    i.USART_DMACmd      stm32f10x_usart.o
    0x08001f12   0x08001f12   0x00000054   Code   RO         2920    i.USART_GetITStatus  stm32f10x_usart.o
    0x08001f66   0x08001f66   0x0000004a   Code   RO         2922    i.USART_ITConfig    stm32f10x_usart.o
    0x08001fb0   0x08001fb0   0x000000d8   Code   RO         2923    i.USART_Init        stm32f10x_usart.o
    0x08002088   0x08002088   0x00000024   Code   RO         4990    i.USB_Cable_Config  hw_config.o
    0x080020ac   0x080020ac   0x0000003c   Code   RO         4526    i.USB_Init          usb_init.o
    0x080020e8   0x080020e8   0x000001cc   Code   RO         5079    i.USB_Istr          usb_istr.o
    0x080022b4   0x080022b4   0x00000008   Code   RO         4252    i.USB_LP_CAN1_RX0_IRQHandler  main.o
    0x080022bc   0x080022bc   0x00000024   Code   RO         4957    i.USB_SIL_Init      usb_sil.o
    0x080022e0   0x080022e0   0x0000002e   Code   RO         4959    i.USB_SIL_Write     usb_sil.o
    0x0800230e   0x0800230e   0x00000002   PAD
    0x08002310   0x08002310   0x00000130   Code   RO         4179    i.U_USART1_Init     u_usart1.o
    0x08002440   0x08002440   0x00000004   Code   RO           22    i.UsageFault_Handler  stm32f10x_it.o
    0x08002444   0x08002444   0x00000038   Code   RO         4580    i.UserToPMABufferCopy  usb_mem.o
    0x0800247c   0x0800247c   0x0000011c   Code   RO         4253    i.main              main.o
    0x08002598   0x08002598   0x00000030   Code   RO         3806    i.prvResetNextTaskUnblockTime  tasks.o
    0x080025c8   0x080025c8   0x00000060   Code   RO         3837    i.vTaskSwitchContext  tasks.o
    0x08002628   0x08002628   0x00000190   Code   RO         3850    i.xTaskIncrementTick  tasks.o
    0x080027b8   0x080027b8   0x000000bb   Data   RO         5054    .constdata          usb_desc.o
    0x08002873   0x08002873   0x00000001   PAD
    0x08002874   0x08002874   0x00000020   Data   RO         5470    Region$$Table       anon$$obj.o


    Execution Region RW_IRAM1 (Exec base: 0x20000000, Load base: 0x08002894, Size: 0x00000c08, Max: 0x00002800, ABSOLUTE, COMPRESSED[0x0000008c])

    Exec Addr    Load Addr    Size         Type   Attr      Idx    E Section Name        Object

    0x20000000   COMPRESSED   0x00000014   Data   RW         1776    .data               stm32f10x_rcc.o
    0x20000014   COMPRESSED   0x00000040   Data   RW         3855    .data               tasks.o
    0x20000054   COMPRESSED   0x00000003   Data   RW         4181    .data               u_usart1.o
    0x20000057   COMPRESSED   0x00000001   PAD
    0x20000058   COMPRESSED   0x00000009   Data   RW         4426    .data               usb_core.o
    0x20000061   COMPRESSED   0x00000003   PAD
    0x20000064   COMPRESSED   0x00000014   Data   RW         4528    .data               usb_init.o
    0x20000078   COMPRESSED   0x00000004   Data   RW         4551    .data               usb_int.o
    0x2000007c   COMPRESSED   0x0000001a   Data   RW         5055    .data               usb_desc.o
    0x20000096   COMPRESSED   0x00000002   PAD
    0x20000098   COMPRESSED   0x00000044   Data   RW         5080    .data               usb_istr.o
    0x200000dc   COMPRESSED   0x0000009c   Data   RW         5113    .data               usb_prop.o
    0x20000178   COMPRESSED   0x0000000c   Data   RW         5216    .data               usb_pwr.o
    0x20000184        -       0x000002e4   Zero   RW         3854    .bss                tasks.o
    0x20000468        -       0x00000100   Zero   RW         4180    .bss                u_usart1.o
    0x20000568        -       0x0000001c   Zero   RW         4527    .bss                usb_init.o
    0x20000584        -       0x00000020   Zero   RW         5215    .bss                usb_pwr.o
    0x200005a4        -       0x00000060   Zero   RW         5344    .bss                c_w.l(libspace.o)
    0x20000604   COMPRESSED   0x00000004   PAD
    0x20000608        -       0x00000200   Zero   RW         4354    HEAP                startup_stm32f10x_md.o
    0x20000808        -       0x00000400   Zero   RW         4353    STACK               startup_stm32f10x_md.o


==============================================================================

Image component sizes


      Code (inc. data)   RO Data    RW Data    ZI Data      Debug   Object Name

         0          0          0          0          0       4564   core_cm3.o
         0          0          0          0          0       2116   croutine.o
       256         16          0          0          0       2847   hw_config.o
       292         26          0          0          0       4324   main.o
       112         12          0          0          0       1000   misc.o
       202         18          0          0          0       3470   port.o
        64         26        236          0       1536        768   startup_stm32f10x_md.o
        96          0          0          0          0       3687   stm32f10x_dma.o
       314          0          0          0          0       3960   stm32f10x_gpio.o
        20          0          0          0          0     237913   stm32f10x_it.o
       320         44          0         20          0       5185   stm32f10x_rcc.o
       416          6          0          0          0       4769   stm32f10x_usart.o
       328         28          0          0          0       1865   system_stm32f10x.o
       544         72          0         64        740      17699   tasks.o
       412         46          0          3        256      17732   u_usart1.o
      3102        294          0          9          0      13031   usb_core.o
         0          0        187         26          0       1029   usb_desc.o
         2          0          0          0          0        378   usb_endp.o
        60         24          0         20         28       3990   usb_init.o
       648         32          0          4          0       1628   usb_int.o
       460         38          0         68          0       1495   usb_istr.o
        96         10          0          0          0       1640   usb_mem.o
       598        110          0        156          0      11552   usb_prop.o
       464         50          0         12         32       3336   usb_pwr.o
       688         96          0          0          0       8414   usb_regs.o
        82          8          0          0          0       1363   usb_sil.o

    ----------------------------------------------------------------------
      9590        956        456        388       2592     359755   Object Totals
         0          0         32          0          0          0   (incl. Generated)
        14          0          1          6          0          0   (incl. Padding)

    ----------------------------------------------------------------------

      Code (inc. data)   RO Data    RW Data    ZI Data      Debug   Library Member Name

        90          0          0          0          0          0   __dczerorl2.o
         8          0          0          0          0         68   __main.o
         0          0          0          0          0          0   __rtentry.o
        12          0          0          0          0          0   __rtentry2.o
         6          0          0          0          0          0   __rtentry4.o
        52          8          0          0          0          0   __scatter.o
        28          0          0          0          0          0   __scatter_zi.o
        18          0          0          0          0         80   exit.o
         6          0          0          0          0        152   heapauxi.o
         0          0          0          0          0          0   indicate_semi.o
         2          0          0          0          0          0   libinit.o
         2          0          0          0          0          0   libinit2.o
         2          0          0          0          0          0   libshutdown.o
         2          0          0          0          0          0   libshutdown2.o
         8          4          0          0         96         68   libspace.o
         2          0          0          0          0          0   rtexit.o
        10          0          0          0          0          0   rtexit2.o
        12          4          0          0          0         68   sys_exit.o
        74          0          0          0          0         80   sys_stackheap_outer.o
         2          0          0          0          0         68   use_no_semi.o

    ----------------------------------------------------------------------
       342         16          0          0        100        584   Library Totals
         6          0          0          0          4          0   (incl. Padding)

    ----------------------------------------------------------------------

      Code (inc. data)   RO Data    RW Data    ZI Data      Debug   Library Name

       336         16          0          0         96        584   c_w.l

    ----------------------------------------------------------------------
       342         16          0          0        100        584   Library Totals

    ----------------------------------------------------------------------

==============================================================================


      Code (inc. data)   RO Data    RW Data    ZI Data      Debug   

      9932        972        456        388       2692     354875   Grand Totals
      9932        972        456        140       2692     354875   ELF Image Totals (compressed)
      9932        972        456        140          0          0   ROM Totals

==============================================================================

    Total RO  Size (Code + RO Data)                10388 (  10.14kB)
    Total RW  Size (RW Data + ZI Data)              3080 (   3.01kB)
    Total ROM Size (Code + RO Data + RW Data)      10528 (  10.28kB)

==============================================================================

